Component: ARM Compiler 6.16 Tool: armlink [5dfeaa00]

==============================================================================

Section Cross References

    spi_arduino_test.o(.text.main) refers to bsp.o(.text.SPI2_INIT) for SPI2_INIT
    spi_arduino_test.o(.text.main) refers to bsp.o(.text.Button_init) for Button_init
    spi_arduino_test.o(.text.main) refers to bsp.o(.text.Button_status) for Button_status
    spi_arduino_test.o(.text.main) refers to bsp.o(.text.delay) for delay
    spi_arduino_test.o(.text.main) refers to bsp.o(.text.SPI2_TEST) for SPI2_TEST
    spi_arduino_test.o(.ARM.exidx.text.main) refers to spi_arduino_test.o(.text.main) for [Anonymous Symbol]
    spi_driver.o(.ARM.exidx.text.SPI_CLK_CTRL) refers to spi_driver.o(.text.SPI_CLK_CTRL) for [Anonymous Symbol]
    spi_driver.o(.ARM.exidx.text.SPI_Init) refers to spi_driver.o(.text.SPI_Init) for [Anonymous Symbol]
    spi_driver.o(.ARM.exidx.text.SPI_DeInit) refers to spi_driver.o(.text.SPI_DeInit) for [Anonymous Symbol]
    spi_driver.o(.text.SPI_Transmit) refers to spi_driver.o(.text.GET_TXE) for GET_TXE
    spi_driver.o(.ARM.exidx.text.SPI_Transmit) refers to spi_driver.o(.text.SPI_Transmit) for [Anonymous Symbol]
    spi_driver.o(.ARM.exidx.text.GET_TXE) refers to spi_driver.o(.text.GET_TXE) for [Anonymous Symbol]
    spi_driver.o(.text.SPI_Receive) refers to spi_driver.o(.text.GET_RXNE) for GET_RXNE
    spi_driver.o(.ARM.exidx.text.SPI_Receive) refers to spi_driver.o(.text.SPI_Receive) for [Anonymous Symbol]
    spi_driver.o(.ARM.exidx.text.GET_RXNE) refers to spi_driver.o(.text.GET_RXNE) for [Anonymous Symbol]
    spi_driver.o(.ARM.exidx.text.SPI_Transmit_IT) refers to spi_driver.o(.text.SPI_Transmit_IT) for [Anonymous Symbol]
    spi_driver.o(.ARM.exidx.text.SPI_Receive_IT) refers to spi_driver.o(.text.SPI_Receive_IT) for [Anonymous Symbol]
    spi_driver.o(.ARM.exidx.text.SPI_IRQConfig) refers to spi_driver.o(.text.SPI_IRQConfig) for [Anonymous Symbol]
    spi_driver.o(.ARM.exidx.text.SPI_IRQSetPriority) refers to spi_driver.o(.text.SPI_IRQSetPriority) for [Anonymous Symbol]
    spi_driver.o(.text.SPI_IRQ_Handler) refers to spi_driver.o(.text.spi_tx_interrupt_handle) for spi_tx_interrupt_handle
    spi_driver.o(.text.SPI_IRQ_Handler) refers to spi_driver.o(.text.spi_rx_interrupt_handle) for spi_rx_interrupt_handle
    spi_driver.o(.text.SPI_IRQ_Handler) refers to spi_driver.o(.text.spi_err_interrupt_handle) for spi_err_interrupt_handle
    spi_driver.o(.ARM.exidx.text.SPI_IRQ_Handler) refers to spi_driver.o(.text.SPI_IRQ_Handler) for [Anonymous Symbol]
    spi_driver.o(.text.spi_tx_interrupt_handle) refers to spi_driver.o(.text.GET_TXE) for GET_TXE
    spi_driver.o(.text.spi_tx_interrupt_handle) refers to spi_driver.o(.text.SPI_CloseTransmission) for SPI_CloseTransmission
    spi_driver.o(.text.spi_tx_interrupt_handle) refers to spi_driver.o(.text.SPI_AppEventCallBack) for SPI_AppEventCallBack
    spi_driver.o(.ARM.exidx.text.spi_tx_interrupt_handle) refers to spi_driver.o(.text.spi_tx_interrupt_handle) for [Anonymous Symbol]
    spi_driver.o(.text.spi_rx_interrupt_handle) refers to spi_driver.o(.text.GET_RXNE) for GET_RXNE
    spi_driver.o(.text.spi_rx_interrupt_handle) refers to spi_driver.o(.text.SPI_CloseReceiption) for SPI_CloseReceiption
    spi_driver.o(.text.spi_rx_interrupt_handle) refers to spi_driver.o(.text.SPI_AppEventCallBack) for SPI_AppEventCallBack
    spi_driver.o(.ARM.exidx.text.spi_rx_interrupt_handle) refers to spi_driver.o(.text.spi_rx_interrupt_handle) for [Anonymous Symbol]
    spi_driver.o(.text.spi_err_interrupt_handle) refers to spi_driver.o(.text.SPI_OVRclear) for SPI_OVRclear
    spi_driver.o(.text.spi_err_interrupt_handle) refers to spi_driver.o(.text.SPI_AppEventCallBack) for SPI_AppEventCallBack
    spi_driver.o(.ARM.exidx.text.spi_err_interrupt_handle) refers to spi_driver.o(.text.spi_err_interrupt_handle) for [Anonymous Symbol]
    spi_driver.o(.ARM.exidx.text.SPI_ENABLE) refers to spi_driver.o(.text.SPI_ENABLE) for [Anonymous Symbol]
    spi_driver.o(.ARM.exidx.text.SPI_DISABLE) refers to spi_driver.o(.text.SPI_DISABLE) for [Anonymous Symbol]
    spi_driver.o(.ARM.exidx.text.SPI_Busy) refers to spi_driver.o(.text.SPI_Busy) for [Anonymous Symbol]
    spi_driver.o(.ARM.exidx.text.SPI_AppEventCallBack) refers to spi_driver.o(.text.SPI_AppEventCallBack) for [Anonymous Symbol]
    spi_driver.o(.ARM.exidx.text.SPI_CloseTransmission) refers to spi_driver.o(.text.SPI_CloseTransmission) for [Anonymous Symbol]
    spi_driver.o(.ARM.exidx.text.SPI_CloseReceiption) refers to spi_driver.o(.text.SPI_CloseReceiption) for [Anonymous Symbol]
    spi_driver.o(.ARM.exidx.text.SPI_OVRclear) refers to spi_driver.o(.text.SPI_OVRclear) for [Anonymous Symbol]
    bsp.o(.text.Init_SPI2_PINS) refers to gpio_driver.o(.text.GPIO_CLK_CTRL) for GPIO_CLK_CTRL
    bsp.o(.text.Init_SPI2_PINS) refers to gpio_driver.o(.text.GPIO_Init) for GPIO_Init
    bsp.o(.ARM.exidx.text.Init_SPI2_PINS) refers to bsp.o(.text.Init_SPI2_PINS) for [Anonymous Symbol]
    bsp.o(.text.SPI2_INIT) refers to bsp.o(.text.Init_SPI2_PINS) for Init_SPI2_PINS
    bsp.o(.text.SPI2_INIT) refers to spi_driver.o(.text.SPI_CLK_CTRL) for SPI_CLK_CTRL
    bsp.o(.text.SPI2_INIT) refers to spi_driver.o(.text.SPI_Init) for SPI_Init
    bsp.o(.ARM.exidx.text.SPI2_INIT) refers to bsp.o(.text.SPI2_INIT) for [Anonymous Symbol]
    bsp.o(.text.Button_init) refers to gpio_driver.o(.text.GPIO_CLK_CTRL) for GPIO_CLK_CTRL
    bsp.o(.text.Button_init) refers to gpio_driver.o(.text.GPIO_Init) for GPIO_Init
    bsp.o(.ARM.exidx.text.Button_init) refers to bsp.o(.text.Button_init) for [Anonymous Symbol]
    bsp.o(.text.Button_status) refers to gpio_driver.o(.text.GPIO_PinRead) for GPIO_PinRead
    bsp.o(.ARM.exidx.text.Button_status) refers to bsp.o(.text.Button_status) for [Anonymous Symbol]
    bsp.o(.ARM.exidx.text.delay) refers to bsp.o(.text.delay) for [Anonymous Symbol]
    bsp.o(.text.SPI2_TEST) refers to spi_driver.o(.text.SPI_ENABLE) for SPI_ENABLE
    bsp.o(.text.SPI2_TEST) refers to strlen.o(.text) for strlen
    bsp.o(.text.SPI2_TEST) refers to spi_driver.o(.text.SPI_Transmit) for SPI_Transmit
    bsp.o(.text.SPI2_TEST) refers to spi_driver.o(.text.SPI_Busy) for SPI_Busy
    bsp.o(.text.SPI2_TEST) refers to spi_driver.o(.text.SPI_DISABLE) for SPI_DISABLE
    bsp.o(.ARM.exidx.text.SPI2_TEST) refers to bsp.o(.text.SPI2_TEST) for [Anonymous Symbol]
    gpio_driver.o(.ARM.exidx.text.GPIO_CLK_CTRL) refers to gpio_driver.o(.text.GPIO_CLK_CTRL) for [Anonymous Symbol]
    gpio_driver.o(.ARM.exidx.text.GPIO_Init) refers to gpio_driver.o(.text.GPIO_Init) for [Anonymous Symbol]
    gpio_driver.o(.ARM.exidx.text.GPIO_DeInit) refers to gpio_driver.o(.text.GPIO_DeInit) for [Anonymous Symbol]
    gpio_driver.o(.ARM.exidx.text.GPIO_PinRead) refers to gpio_driver.o(.text.GPIO_PinRead) for [Anonymous Symbol]
    gpio_driver.o(.ARM.exidx.text.GPIO_PortRead) refers to gpio_driver.o(.text.GPIO_PortRead) for [Anonymous Symbol]
    gpio_driver.o(.ARM.exidx.text.GPIO_PinWrite) refers to gpio_driver.o(.text.GPIO_PinWrite) for [Anonymous Symbol]
    gpio_driver.o(.ARM.exidx.text.GPIO_PinToggle) refers to gpio_driver.o(.text.GPIO_PinToggle) for [Anonymous Symbol]
    gpio_driver.o(.ARM.exidx.text.GPIO_PortWrite) refers to gpio_driver.o(.text.GPIO_PortWrite) for [Anonymous Symbol]
    gpio_driver.o(.ARM.exidx.text.GPIO_IRQConfig) refers to gpio_driver.o(.text.GPIO_IRQConfig) for [Anonymous Symbol]
    gpio_driver.o(.ARM.exidx.text.GPIO_IRQSetPriority) refers to gpio_driver.o(.text.GPIO_IRQSetPriority) for [Anonymous Symbol]
    gpio_driver.o(.ARM.exidx.text.GPIO_IRQ_Handler) refers to gpio_driver.o(.text.GPIO_IRQ_Handler) for [Anonymous Symbol]
    startup_stm32f446xx.o(STACK) refers (Special) to heapauxi.o(.text) for __use_two_region_memory
    startup_stm32f446xx.o(HEAP) refers (Special) to heapauxi.o(.text) for __use_two_region_memory
    startup_stm32f446xx.o(RESET) refers (Special) to heapauxi.o(.text) for __use_two_region_memory
    startup_stm32f446xx.o(RESET) refers to startup_stm32f446xx.o(STACK) for __initial_sp
    startup_stm32f446xx.o(RESET) refers to startup_stm32f446xx.o(.text) for Reset_Handler
    startup_stm32f446xx.o(.text) refers (Special) to heapauxi.o(.text) for __use_two_region_memory
    startup_stm32f446xx.o(.text) refers to system_stm32f4xx.o(.text.SystemInit) for SystemInit
    startup_stm32f446xx.o(.text) refers to spi_arduino_test.o(.text.main) for main
    startup_stm32f446xx.o(.text) refers to startup_stm32f446xx.o(HEAP) for Heap_Mem
    startup_stm32f446xx.o(.text) refers to startup_stm32f446xx.o(STACK) for Stack_Mem
    system_stm32f4xx.o(.ARM.exidx.text.SystemInit) refers to system_stm32f4xx.o(.text.SystemInit) for [Anonymous Symbol]
    system_stm32f4xx.o(.text.SystemCoreClockUpdate) refers to system_stm32f4xx.o(.data.SystemCoreClock) for SystemCoreClock
    system_stm32f4xx.o(.text.SystemCoreClockUpdate) refers to system_stm32f4xx.o(.rodata.AHBPrescTable) for AHBPrescTable
    system_stm32f4xx.o(.ARM.exidx.text.SystemCoreClockUpdate) refers to system_stm32f4xx.o(.text.SystemCoreClockUpdate) for [Anonymous Symbol]
    __main.o(!!!main) refers to __rtentry.o(.ARM.Collect$$rtentry$$00000000) for __rt_entry
    __rtentry.o(.ARM.Collect$$rtentry$$00000000) refers (Special) to __rtentry2.o(.ARM.Collect$$rtentry$$0000000A) for __rt_entry_li
    __rtentry.o(.ARM.Collect$$rtentry$$00000000) refers (Special) to __rtentry2.o(.ARM.Collect$$rtentry$$0000000D) for __rt_entry_main
    __rtentry.o(.ARM.Collect$$rtentry$$00000000) refers (Special) to __rtentry2.o(.ARM.Collect$$rtentry$$0000000C) for __rt_entry_postli_1
    __rtentry.o(.ARM.Collect$$rtentry$$00000000) refers (Special) to __rtentry2.o(.ARM.Collect$$rtentry$$00000009) for __rt_entry_postsh_1
    __rtentry.o(.ARM.Collect$$rtentry$$00000000) refers (Special) to __rtentry2.o(.ARM.Collect$$rtentry$$00000002) for __rt_entry_presh_1
    __rtentry.o(.ARM.Collect$$rtentry$$00000000) refers (Special) to __rtentry4.o(.ARM.Collect$$rtentry$$00000004) for __rt_entry_sh
    __rtentry2.o(.ARM.Collect$$rtentry$$00000008) refers to boardinit2.o(.text) for _platform_post_stackheap_init
    __rtentry2.o(.ARM.Collect$$rtentry$$0000000A) refers to libinit.o(.ARM.Collect$$libinit$$00000000) for __rt_lib_init
    __rtentry2.o(.ARM.Collect$$rtentry$$0000000B) refers to boardinit3.o(.text) for _platform_post_lib_init
    __rtentry2.o(.ARM.Collect$$rtentry$$0000000D) refers to spi_arduino_test.o(.text.main) for main
    __rtentry2.o(.ARM.Collect$$rtentry$$0000000D) refers to exit.o(.text) for exit
    __rtentry2.o(.ARM.exidx) refers to __rtentry2.o(.ARM.Collect$$rtentry$$00000001) for .ARM.Collect$$rtentry$$00000001
    __rtentry2.o(.ARM.exidx) refers to __rtentry2.o(.ARM.Collect$$rtentry$$00000008) for .ARM.Collect$$rtentry$$00000008
    __rtentry2.o(.ARM.exidx) refers to __rtentry2.o(.ARM.Collect$$rtentry$$0000000A) for .ARM.Collect$$rtentry$$0000000A
    __rtentry2.o(.ARM.exidx) refers to __rtentry2.o(.ARM.Collect$$rtentry$$0000000B) for .ARM.Collect$$rtentry$$0000000B
    __rtentry2.o(.ARM.exidx) refers to __rtentry2.o(.ARM.Collect$$rtentry$$0000000D) for .ARM.Collect$$rtentry$$0000000D
    __rtentry4.o(.ARM.Collect$$rtentry$$00000004) refers to sys_stackheap_outer.o(.text) for __user_setup_stackheap
    __rtentry4.o(.ARM.exidx) refers to __rtentry4.o(.ARM.Collect$$rtentry$$00000004) for .ARM.Collect$$rtentry$$00000004
    sys_stackheap_outer.o(.text) refers to libspace.o(.text) for __user_perproc_libspace
    sys_stackheap_outer.o(.text) refers to startup_stm32f446xx.o(.text) for __user_initial_stackheap
    exit.o(.text) refers to rtexit.o(.ARM.Collect$$rtexit$$00000000) for __rt_exit
    libinit.o(.ARM.Collect$$libinit$$00000000) refers (Special) to libinit2.o(.ARM.Collect$$libinit$$0000002E) for __rt_lib_init_alloca_1
    libinit.o(.ARM.Collect$$libinit$$00000000) refers (Special) to libinit2.o(.ARM.Collect$$libinit$$0000002C) for __rt_lib_init_argv_1
    libinit.o(.ARM.Collect$$libinit$$00000000) refers (Special) to libinit2.o(.ARM.Collect$$libinit$$0000001B) for __rt_lib_init_atexit_1
    libinit.o(.ARM.Collect$$libinit$$00000000) refers (Special) to libinit2.o(.ARM.Collect$$libinit$$00000021) for __rt_lib_init_clock_1
    libinit.o(.ARM.Collect$$libinit$$00000000) refers (Special) to libinit2.o(.ARM.Collect$$libinit$$00000032) for __rt_lib_init_cpp_1
    libinit.o(.ARM.Collect$$libinit$$00000000) refers (Special) to libinit2.o(.ARM.Collect$$libinit$$00000030) for __rt_lib_init_exceptions_1
    libinit.o(.ARM.Collect$$libinit$$00000000) refers (Special) to libinit2.o(.ARM.Collect$$libinit$$00000001) for __rt_lib_init_fp_1
    libinit.o(.ARM.Collect$$libinit$$00000000) refers (Special) to libinit2.o(.ARM.Collect$$libinit$$0000001F) for __rt_lib_init_fp_trap_1
    libinit.o(.ARM.Collect$$libinit$$00000000) refers (Special) to libinit2.o(.ARM.Collect$$libinit$$00000023) for __rt_lib_init_getenv_1
    libinit.o(.ARM.Collect$$libinit$$00000000) refers (Special) to libinit2.o(.ARM.Collect$$libinit$$0000000A) for __rt_lib_init_heap_1
    libinit.o(.ARM.Collect$$libinit$$00000000) refers (Special) to libinit2.o(.ARM.Collect$$libinit$$00000011) for __rt_lib_init_lc_collate_1
    libinit.o(.ARM.Collect$$libinit$$00000000) refers (Special) to libinit2.o(.ARM.Collect$$libinit$$00000013) for __rt_lib_init_lc_ctype_1
    libinit.o(.ARM.Collect$$libinit$$00000000) refers (Special) to libinit2.o(.ARM.Collect$$libinit$$00000015) for __rt_lib_init_lc_monetary_1
    libinit.o(.ARM.Collect$$libinit$$00000000) refers (Special) to libinit2.o(.ARM.Collect$$libinit$$00000017) for __rt_lib_init_lc_numeric_1
    libinit.o(.ARM.Collect$$libinit$$00000000) refers (Special) to libinit2.o(.ARM.Collect$$libinit$$00000019) for __rt_lib_init_lc_time_1
    libinit.o(.ARM.Collect$$libinit$$00000000) refers (Special) to libinit2.o(.ARM.Collect$$libinit$$00000004) for __rt_lib_init_preinit_1
    libinit.o(.ARM.Collect$$libinit$$00000000) refers (Special) to libinit2.o(.ARM.Collect$$libinit$$0000000E) for __rt_lib_init_rand_1
    libinit.o(.ARM.Collect$$libinit$$00000000) refers (Special) to libinit2.o(.ARM.Collect$$libinit$$00000033) for __rt_lib_init_return
    libinit.o(.ARM.Collect$$libinit$$00000000) refers (Special) to libinit2.o(.ARM.Collect$$libinit$$0000001D) for __rt_lib_init_signal_1
    libinit.o(.ARM.Collect$$libinit$$00000000) refers (Special) to libinit2.o(.ARM.Collect$$libinit$$00000025) for __rt_lib_init_stdio_1
    libinit.o(.ARM.Collect$$libinit$$00000000) refers (Special) to libinit2.o(.ARM.Collect$$libinit$$0000000C) for __rt_lib_init_user_alloc_1
    libspace.o(.text) refers to libspace.o(.bss) for __libspace_start
    rtexit.o(.ARM.Collect$$rtexit$$00000000) refers (Special) to rtexit2.o(.ARM.Collect$$rtexit$$00000004) for __rt_exit_exit
    rtexit.o(.ARM.Collect$$rtexit$$00000000) refers (Special) to rtexit2.o(.ARM.Collect$$rtexit$$00000003) for __rt_exit_ls
    rtexit.o(.ARM.Collect$$rtexit$$00000000) refers (Special) to rtexit2.o(.ARM.Collect$$rtexit$$00000002) for __rt_exit_prels_1
    rtexit.o(.ARM.exidx) refers (Special) to rtexit2.o(.ARM.Collect$$rtexit$$00000004) for __rt_exit_exit
    rtexit.o(.ARM.exidx) refers (Special) to rtexit2.o(.ARM.Collect$$rtexit$$00000003) for __rt_exit_ls
    rtexit.o(.ARM.exidx) refers (Special) to rtexit2.o(.ARM.Collect$$rtexit$$00000002) for __rt_exit_prels_1
    rtexit.o(.ARM.exidx) refers to rtexit.o(.ARM.Collect$$rtexit$$00000000) for .ARM.Collect$$rtexit$$00000000
    libinit2.o(.ARM.Collect$$libinit$$00000001) refers to fpinit.o(x$fpl$fpinit) for _fp_init
    libinit2.o(.ARM.Collect$$libinit$$00000010) refers to libinit2.o(.ARM.Collect$$libinit$$0000000F) for .ARM.Collect$$libinit$$0000000F
    libinit2.o(.ARM.Collect$$libinit$$00000012) refers to libinit2.o(.ARM.Collect$$libinit$$0000000F) for .ARM.Collect$$libinit$$0000000F
    libinit2.o(.ARM.Collect$$libinit$$00000014) refers to libinit2.o(.ARM.Collect$$libinit$$0000000F) for .ARM.Collect$$libinit$$0000000F
    libinit2.o(.ARM.Collect$$libinit$$00000016) refers to libinit2.o(.ARM.Collect$$libinit$$0000000F) for .ARM.Collect$$libinit$$0000000F
    libinit2.o(.ARM.Collect$$libinit$$00000018) refers to libinit2.o(.ARM.Collect$$libinit$$0000000F) for .ARM.Collect$$libinit$$0000000F
    libinit2.o(.ARM.Collect$$libinit$$00000026) refers to argv_veneer.o(.emb_text) for __ARM_argv_veneer
    libinit2.o(.ARM.Collect$$libinit$$00000027) refers to argv_veneer.o(.emb_text) for __ARM_argv_veneer
    rtexit2.o(.ARM.Collect$$rtexit$$00000003) refers to libshutdown.o(.ARM.Collect$$libshutdown$$00000000) for __rt_lib_shutdown
    rtexit2.o(.ARM.Collect$$rtexit$$00000004) refers to sys_exit.o(.text) for _sys_exit
    rtexit2.o(.ARM.exidx) refers to rtexit2.o(.ARM.Collect$$rtexit$$00000001) for .ARM.Collect$$rtexit$$00000001
    rtexit2.o(.ARM.exidx) refers to rtexit2.o(.ARM.Collect$$rtexit$$00000003) for .ARM.Collect$$rtexit$$00000003
    rtexit2.o(.ARM.exidx) refers to rtexit2.o(.ARM.Collect$$rtexit$$00000004) for .ARM.Collect$$rtexit$$00000004
    argv_veneer.o(.emb_text) refers to no_argv.o(.text) for __ARM_get_argv
    sys_exit.o(.text) refers (Special) to use_no_semi.o(.text) for __I$use$semihosting
    sys_exit.o(.text) refers (Special) to indicate_semi.o(.text) for __semihosting_library_function
    sys_exit_hlt.o(.text) refers (Special) to use_no_semi.o(.text) for __I$use$semihosting
    sys_exit_hlt.o(.text) refers (Special) to indicate_semi.o(.text) for __semihosting_library_function
    _get_argv_nomalloc.o(.text) refers (Special) to hrguard.o(.text) for __heap_region$guard
    _get_argv_nomalloc.o(.text) refers to defsig_rtmem_outer.o(.text) for __rt_SIGRTMEM
    _get_argv_nomalloc.o(.text) refers to sys_command.o(.text) for _sys_command_string
    libshutdown.o(.ARM.Collect$$libshutdown$$00000000) refers (Special) to libshutdown2.o(.ARM.Collect$$libshutdown$$00000002) for __rt_lib_shutdown_cpp_1
    libshutdown.o(.ARM.Collect$$libshutdown$$00000000) refers (Special) to libshutdown2.o(.ARM.Collect$$libshutdown$$00000007) for __rt_lib_shutdown_fp_trap_1
    libshutdown.o(.ARM.Collect$$libshutdown$$00000000) refers (Special) to libshutdown2.o(.ARM.Collect$$libshutdown$$0000000F) for __rt_lib_shutdown_heap_1
    libshutdown.o(.ARM.Collect$$libshutdown$$00000000) refers (Special) to libshutdown2.o(.ARM.Collect$$libshutdown$$00000010) for __rt_lib_shutdown_return
    libshutdown.o(.ARM.Collect$$libshutdown$$00000000) refers (Special) to libshutdown2.o(.ARM.Collect$$libshutdown$$0000000A) for __rt_lib_shutdown_signal_1
    libshutdown.o(.ARM.Collect$$libshutdown$$00000000) refers (Special) to libshutdown2.o(.ARM.Collect$$libshutdown$$00000004) for __rt_lib_shutdown_stdio_1
    libshutdown.o(.ARM.Collect$$libshutdown$$00000000) refers (Special) to libshutdown2.o(.ARM.Collect$$libshutdown$$0000000C) for __rt_lib_shutdown_user_alloc_1
    sys_command.o(.text) refers (Special) to use_no_semi.o(.text) for __I$use$semihosting
    sys_command.o(.text) refers (Special) to indicate_semi.o(.text) for __semihosting_library_function
    sys_command_hlt.o(.text) refers (Special) to use_no_semi.o(.text) for __I$use$semihosting
    sys_command_hlt.o(.text) refers (Special) to indicate_semi.o(.text) for __semihosting_library_function
    defsig_rtmem_outer.o(.text) refers to defsig_rtmem_inner.o(.text) for __rt_SIGRTMEM_inner
    defsig_rtmem_outer.o(.text) refers to defsig_exit.o(.text) for __sig_exit
    defsig_rtmem_formal.o(.text) refers to rt_raise.o(.text) for __rt_raise
    rt_raise.o(.text) refers to __raise.o(.text) for __raise
    rt_raise.o(.text) refers to sys_exit.o(.text) for _sys_exit
    defsig_exit.o(.text) refers to sys_exit.o(.text) for _sys_exit
    defsig_rtmem_inner.o(.text) refers to defsig_general.o(.text) for __default_signal_display
    __raise.o(.text) refers to defsig.o(CL$$defsig) for __default_signal_handler
    defsig_general.o(.text) refers to sys_wrch.o(.text) for _ttywrch
    sys_wrch.o(.text) refers (Special) to use_no_semi.o(.text) for __I$use$semihosting
    sys_wrch.o(.text) refers (Special) to indicate_semi.o(.text) for __semihosting_library_function
    sys_wrch_hlt.o(.text) refers (Special) to use_no_semi.o(.text) for __I$use$semihosting
    sys_wrch_hlt.o(.text) refers (Special) to indicate_semi.o(.text) for __semihosting_library_function
    defsig.o(CL$$defsig) refers to defsig_rtmem_inner.o(.text) for __rt_SIGRTMEM_inner
    defsig_abrt_inner.o(.text) refers to defsig_general.o(.text) for __default_signal_display
    defsig_fpe_inner.o(.text) refers to defsig_general.o(.text) for __default_signal_display
    defsig_rtred_inner.o(.text) refers to defsig_general.o(.text) for __default_signal_display
    defsig_stak_inner.o(.text) refers to defsig_general.o(.text) for __default_signal_display
    defsig_pvfn_inner.o(.text) refers to defsig_general.o(.text) for __default_signal_display
    defsig_cppl_inner.o(.text) refers to defsig_general.o(.text) for __default_signal_display
    defsig_segv_inner.o(.text) refers to defsig_general.o(.text) for __default_signal_display
    defsig_other.o(.text) refers to defsig_general.o(.text) for __default_signal_display


==============================================================================

Removing Unused input sections from the image.

    Removing spi_arduino_test.o(.text), (0 bytes).
    Removing spi_arduino_test.o(.ARM.exidx.text.main), (8 bytes).
    Removing spi_arduino_test.o(.ARM.use_no_argv), (4 bytes).
    Removing spi_driver.o(.text), (0 bytes).
    Removing spi_driver.o(.ARM.exidx.text.SPI_CLK_CTRL), (8 bytes).
    Removing spi_driver.o(.ARM.exidx.text.SPI_Init), (8 bytes).
    Removing spi_driver.o(.text.SPI_DeInit), (150 bytes).
    Removing spi_driver.o(.ARM.exidx.text.SPI_DeInit), (8 bytes).
    Removing spi_driver.o(.ARM.exidx.text.SPI_Transmit), (8 bytes).
    Removing spi_driver.o(.ARM.exidx.text.GET_TXE), (8 bytes).
    Removing spi_driver.o(.text.SPI_Receive), (112 bytes).
    Removing spi_driver.o(.ARM.exidx.text.SPI_Receive), (8 bytes).
    Removing spi_driver.o(.text.GET_RXNE), (16 bytes).
    Removing spi_driver.o(.ARM.exidx.text.GET_RXNE), (8 bytes).
    Removing spi_driver.o(.text.SPI_Transmit_IT), (60 bytes).
    Removing spi_driver.o(.ARM.exidx.text.SPI_Transmit_IT), (8 bytes).
    Removing spi_driver.o(.text.SPI_Receive_IT), (60 bytes).
    Removing spi_driver.o(.ARM.exidx.text.SPI_Receive_IT), (8 bytes).
    Removing spi_driver.o(.text.SPI_IRQConfig), (332 bytes).
    Removing spi_driver.o(.ARM.exidx.text.SPI_IRQConfig), (8 bytes).
    Removing spi_driver.o(.text.SPI_IRQSetPriority), (38 bytes).
    Removing spi_driver.o(.ARM.exidx.text.SPI_IRQSetPriority), (8 bytes).
    Removing spi_driver.o(.text.SPI_IRQ_Handler), (142 bytes).
    Removing spi_driver.o(.ARM.exidx.text.SPI_IRQ_Handler), (8 bytes).
    Removing spi_driver.o(.text.spi_tx_interrupt_handle), (152 bytes).
    Removing spi_driver.o(.ARM.exidx.text.spi_tx_interrupt_handle), (8 bytes).
    Removing spi_driver.o(.text.spi_rx_interrupt_handle), (154 bytes).
    Removing spi_driver.o(.ARM.exidx.text.spi_rx_interrupt_handle), (8 bytes).
    Removing spi_driver.o(.text.spi_err_interrupt_handle), (24 bytes).
    Removing spi_driver.o(.ARM.exidx.text.spi_err_interrupt_handle), (8 bytes).
    Removing spi_driver.o(.ARM.exidx.text.SPI_ENABLE), (8 bytes).
    Removing spi_driver.o(.ARM.exidx.text.SPI_DISABLE), (8 bytes).
    Removing spi_driver.o(.ARM.exidx.text.SPI_Busy), (8 bytes).
    Removing spi_driver.o(.text.SPI_AppEventCallBack), (16 bytes).
    Removing spi_driver.o(.ARM.exidx.text.SPI_AppEventCallBack), (8 bytes).
    Removing spi_driver.o(.text.SPI_CloseTransmission), (34 bytes).
    Removing spi_driver.o(.ARM.exidx.text.SPI_CloseTransmission), (8 bytes).
    Removing spi_driver.o(.text.SPI_CloseReceiption), (34 bytes).
    Removing spi_driver.o(.ARM.exidx.text.SPI_CloseReceiption), (8 bytes).
    Removing spi_driver.o(.text.SPI_OVRclear), (24 bytes).
    Removing spi_driver.o(.ARM.exidx.text.SPI_OVRclear), (8 bytes).
    Removing bsp.o(.text), (0 bytes).
    Removing bsp.o(.ARM.exidx.text.Init_SPI2_PINS), (8 bytes).
    Removing bsp.o(.ARM.exidx.text.SPI2_INIT), (8 bytes).
    Removing bsp.o(.ARM.exidx.text.Button_init), (8 bytes).
    Removing bsp.o(.ARM.exidx.text.Button_status), (8 bytes).
    Removing bsp.o(.ARM.exidx.text.delay), (8 bytes).
    Removing bsp.o(.ARM.exidx.text.SPI2_TEST), (8 bytes).
    Removing bsp.o(.rodata.str1.1), (13 bytes).
    Removing gpio_driver.o(.text), (0 bytes).
    Removing gpio_driver.o(.ARM.exidx.text.GPIO_CLK_CTRL), (8 bytes).
    Removing gpio_driver.o(.ARM.exidx.text.GPIO_Init), (8 bytes).
    Removing gpio_driver.o(.text.GPIO_DeInit), (444 bytes).
    Removing gpio_driver.o(.ARM.exidx.text.GPIO_DeInit), (8 bytes).
    Removing gpio_driver.o(.ARM.exidx.text.GPIO_PinRead), (8 bytes).
    Removing gpio_driver.o(.text.GPIO_PortRead), (20 bytes).
    Removing gpio_driver.o(.ARM.exidx.text.GPIO_PortRead), (8 bytes).
    Removing gpio_driver.o(.text.GPIO_PinWrite), (66 bytes).
    Removing gpio_driver.o(.ARM.exidx.text.GPIO_PinWrite), (8 bytes).
    Removing gpio_driver.o(.text.GPIO_PinToggle), (30 bytes).
    Removing gpio_driver.o(.ARM.exidx.text.GPIO_PinToggle), (8 bytes).
    Removing gpio_driver.o(.text.GPIO_PortWrite), (20 bytes).
    Removing gpio_driver.o(.ARM.exidx.text.GPIO_PortWrite), (8 bytes).
    Removing gpio_driver.o(.text.GPIO_IRQConfig), (332 bytes).
    Removing gpio_driver.o(.ARM.exidx.text.GPIO_IRQConfig), (8 bytes).
    Removing gpio_driver.o(.text.GPIO_IRQSetPriority), (38 bytes).
    Removing gpio_driver.o(.ARM.exidx.text.GPIO_IRQSetPriority), (8 bytes).
    Removing gpio_driver.o(.text.GPIO_IRQ_Handler), (58 bytes).
    Removing gpio_driver.o(.ARM.exidx.text.GPIO_IRQ_Handler), (8 bytes).
    Removing system_stm32f4xx.o(.text), (0 bytes).
    Removing system_stm32f4xx.o(.ARM.exidx.text.SystemInit), (8 bytes).
    Removing system_stm32f4xx.o(.text.SystemCoreClockUpdate), (302 bytes).
    Removing system_stm32f4xx.o(.ARM.exidx.text.SystemCoreClockUpdate), (8 bytes).
    Removing system_stm32f4xx.o(.data.SystemCoreClock), (4 bytes).
    Removing system_stm32f4xx.o(.rodata.AHBPrescTable), (16 bytes).
    Removing system_stm32f4xx.o(.rodata.APBPrescTable), (8 bytes).

76 unused section(s) (total 3039 bytes) removed from the image.

==============================================================================

Image Symbol Table

    Local Symbols

    Symbol Name                              Value     Ov Type        Size  Object(Section)

    ../clib/angel/boardlib.s                 0x00000000   Number         0  boardinit1.o ABSOLUTE
    ../clib/angel/boardlib.s                 0x00000000   Number         0  boardinit2.o ABSOLUTE
    ../clib/angel/boardlib.s                 0x00000000   Number         0  boardinit3.o ABSOLUTE
    ../clib/angel/boardlib.s                 0x00000000   Number         0  boardshut.o ABSOLUTE
    ../clib/angel/handlers.s                 0x00000000   Number         0  __scatter_zi.o ABSOLUTE
    ../clib/angel/kernel.s                   0x00000000   Number         0  __rtentry.o ABSOLUTE
    ../clib/angel/kernel.s                   0x00000000   Number         0  __rtentry2.o ABSOLUTE
    ../clib/angel/kernel.s                   0x00000000   Number         0  __rtentry4.o ABSOLUTE
    ../clib/angel/kernel.s                   0x00000000   Number         0  rtexit.o ABSOLUTE
    ../clib/angel/kernel.s                   0x00000000   Number         0  rtexit2.o ABSOLUTE
    ../clib/angel/rt.s                       0x00000000   Number         0  rt_raise.o ABSOLUTE
    ../clib/angel/scatter.s                  0x00000000   Number         0  __scatter.o ABSOLUTE
    ../clib/angel/startup.s                  0x00000000   Number         0  __main.o ABSOLUTE
    ../clib/angel/sys.s                      0x00000000   Number         0  sys_stackheap_outer.o ABSOLUTE
    ../clib/angel/sys.s                      0x00000000   Number         0  libspace.o ABSOLUTE
    ../clib/angel/sys.s                      0x00000000   Number         0  use_no_semi.o ABSOLUTE
    ../clib/angel/sys.s                      0x00000000   Number         0  indicate_semi.o ABSOLUTE
    ../clib/angel/sysapp.c                   0x00000000   Number         0  sys_exit.o ABSOLUTE
    ../clib/angel/sysapp.c                   0x00000000   Number         0  sys_exit_hlt.o ABSOLUTE
    ../clib/angel/sysapp.c                   0x00000000   Number         0  sys_command.o ABSOLUTE
    ../clib/angel/sysapp.c                   0x00000000   Number         0  sys_command_hlt.o ABSOLUTE
    ../clib/angel/sysapp.c                   0x00000000   Number         0  sys_wrch.o ABSOLUTE
    ../clib/angel/sysapp.c                   0x00000000   Number         0  sys_wrch_hlt.o ABSOLUTE
    ../clib/armsys.c                         0x00000000   Number         0  argv_veneer.o ABSOLUTE
    ../clib/armsys.c                         0x00000000   Number         0  argv_veneer.o ABSOLUTE
    ../clib/armsys.c                         0x00000000   Number         0  _get_argv_nomalloc.o ABSOLUTE
    ../clib/armsys.c                         0x00000000   Number         0  no_argv.o ABSOLUTE
    ../clib/heapalloc.c                      0x00000000   Number         0  hrguard.o ABSOLUTE
    ../clib/heapaux.c                        0x00000000   Number         0  heapauxi.o ABSOLUTE
    ../clib/libinit.s                        0x00000000   Number         0  libinit.o ABSOLUTE
    ../clib/libinit.s                        0x00000000   Number         0  libinit2.o ABSOLUTE
    ../clib/libinit.s                        0x00000000   Number         0  libshutdown.o ABSOLUTE
    ../clib/libinit.s                        0x00000000   Number         0  libshutdown2.o ABSOLUTE
    ../clib/signal.c                         0x00000000   Number         0  defsig_rtmem_outer.o ABSOLUTE
    ../clib/signal.c                         0x00000000   Number         0  defsig_rtmem_formal.o ABSOLUTE
    ../clib/signal.c                         0x00000000   Number         0  defsig_exit.o ABSOLUTE
    ../clib/signal.c                         0x00000000   Number         0  defsig_rtmem_inner.o ABSOLUTE
    ../clib/signal.c                         0x00000000   Number         0  __raise.o ABSOLUTE
    ../clib/signal.c                         0x00000000   Number         0  defsig_general.o ABSOLUTE
    ../clib/signal.c                         0x00000000   Number         0  defsig_abrt_inner.o ABSOLUTE
    ../clib/signal.c                         0x00000000   Number         0  defsig_fpe_inner.o ABSOLUTE
    ../clib/signal.c                         0x00000000   Number         0  defsig_rtred_inner.o ABSOLUTE
    ../clib/signal.c                         0x00000000   Number         0  defsig_stak_inner.o ABSOLUTE
    ../clib/signal.c                         0x00000000   Number         0  defsig_pvfn_inner.o ABSOLUTE
    ../clib/signal.c                         0x00000000   Number         0  defsig_cppl_inner.o ABSOLUTE
    ../clib/signal.c                         0x00000000   Number         0  defsig_segv_inner.o ABSOLUTE
    ../clib/signal.c                         0x00000000   Number         0  defsig_other.o ABSOLUTE
    ../clib/signal.s                         0x00000000   Number         0  defsig.o ABSOLUTE
    ../clib/stdlib.c                         0x00000000   Number         0  exit.o ABSOLUTE
    ../clib/string.c                         0x00000000   Number         0  strlen.o ABSOLUTE
    ../fplib/fpinit.s                        0x00000000   Number         0  fpinit.o ABSOLUTE
    RTE/Device/STM32F446RETx/startup_stm32f446xx.s 0x00000000   Number         0  startup_stm32f446xx.o ABSOLUTE
    bsp.c                                    0x00000000   Number         0  bsp.o ABSOLUTE
    dc.s                                     0x00000000   Number         0  dc.o ABSOLUTE
    gpio_driver.c                            0x00000000   Number         0  gpio_driver.o ABSOLUTE
    spi_arduino_test.c                       0x00000000   Number         0  spi_arduino_test.o ABSOLUTE
    spi_driver.c                             0x00000000   Number         0  spi_driver.o ABSOLUTE
    system_stm32f4xx.c                       0x00000000   Number         0  system_stm32f4xx.o ABSOLUTE
    RESET                                    0x08000000   Section      452  startup_stm32f446xx.o(RESET)
    !!!main                                  0x080001c4   Section        8  __main.o(!!!main)
    !!!scatter                               0x080001cc   Section       52  __scatter.o(!!!scatter)
    !!handler_zi                             0x08000200   Section       28  __scatter_zi.o(!!handler_zi)
    .ARM.Collect$$libinit$$00000000          0x0800021c   Section        2  libinit.o(.ARM.Collect$$libinit$$00000000)
    .ARM.Collect$$libinit$$00000001          0x0800021e   Section        4  libinit2.o(.ARM.Collect$$libinit$$00000001)
    .ARM.Collect$$libinit$$00000004          0x08000222   Section        0  libinit2.o(.ARM.Collect$$libinit$$00000004)
    .ARM.Collect$$libinit$$0000000A          0x08000222   Section        0  libinit2.o(.ARM.Collect$$libinit$$0000000A)
    .ARM.Collect$$libinit$$0000000C          0x08000222   Section        0  libinit2.o(.ARM.Collect$$libinit$$0000000C)
    .ARM.Collect$$libinit$$0000000E          0x08000222   Section        0  libinit2.o(.ARM.Collect$$libinit$$0000000E)
    .ARM.Collect$$libinit$$00000011          0x08000222   Section        0  libinit2.o(.ARM.Collect$$libinit$$00000011)
    .ARM.Collect$$libinit$$00000013          0x08000222   Section        0  libinit2.o(.ARM.Collect$$libinit$$00000013)
    .ARM.Collect$$libinit$$00000015          0x08000222   Section        0  libinit2.o(.ARM.Collect$$libinit$$00000015)
    .ARM.Collect$$libinit$$00000017          0x08000222   Section        0  libinit2.o(.ARM.Collect$$libinit$$00000017)
    .ARM.Collect$$libinit$$00000019          0x08000222   Section        0  libinit2.o(.ARM.Collect$$libinit$$00000019)
    .ARM.Collect$$libinit$$0000001B          0x08000222   Section        0  libinit2.o(.ARM.Collect$$libinit$$0000001B)
    .ARM.Collect$$libinit$$0000001D          0x08000222   Section        0  libinit2.o(.ARM.Collect$$libinit$$0000001D)
    .ARM.Collect$$libinit$$0000001F          0x08000222   Section        0  libinit2.o(.ARM.Collect$$libinit$$0000001F)
    .ARM.Collect$$libinit$$00000021          0x08000222   Section        0  libinit2.o(.ARM.Collect$$libinit$$00000021)
    .ARM.Collect$$libinit$$00000023          0x08000222   Section        0  libinit2.o(.ARM.Collect$$libinit$$00000023)
    .ARM.Collect$$libinit$$00000025          0x08000222   Section        0  libinit2.o(.ARM.Collect$$libinit$$00000025)
    .ARM.Collect$$libinit$$0000002C          0x08000222   Section        0  libinit2.o(.ARM.Collect$$libinit$$0000002C)
    .ARM.Collect$$libinit$$0000002E          0x08000222   Section        0  libinit2.o(.ARM.Collect$$libinit$$0000002E)
    .ARM.Collect$$libinit$$00000030          0x08000222   Section        0  libinit2.o(.ARM.Collect$$libinit$$00000030)
    .ARM.Collect$$libinit$$00000032          0x08000222   Section        0  libinit2.o(.ARM.Collect$$libinit$$00000032)
    .ARM.Collect$$libinit$$00000033          0x08000222   Section        2  libinit2.o(.ARM.Collect$$libinit$$00000033)
    .ARM.Collect$$libshutdown$$00000000      0x08000224   Section        2  libshutdown.o(.ARM.Collect$$libshutdown$$00000000)
    .ARM.Collect$$libshutdown$$00000002      0x08000226   Section        0  libshutdown2.o(.ARM.Collect$$libshutdown$$00000002)
    .ARM.Collect$$libshutdown$$00000004      0x08000226   Section        0  libshutdown2.o(.ARM.Collect$$libshutdown$$00000004)
    .ARM.Collect$$libshutdown$$00000007      0x08000226   Section        0  libshutdown2.o(.ARM.Collect$$libshutdown$$00000007)
    .ARM.Collect$$libshutdown$$0000000A      0x08000226   Section        0  libshutdown2.o(.ARM.Collect$$libshutdown$$0000000A)
    .ARM.Collect$$libshutdown$$0000000C      0x08000226   Section        0  libshutdown2.o(.ARM.Collect$$libshutdown$$0000000C)
    .ARM.Collect$$libshutdown$$0000000F      0x08000226   Section        0  libshutdown2.o(.ARM.Collect$$libshutdown$$0000000F)
    .ARM.Collect$$libshutdown$$00000010      0x08000226   Section        2  libshutdown2.o(.ARM.Collect$$libshutdown$$00000010)
    .ARM.Collect$$rtentry$$00000000          0x08000228   Section        0  __rtentry.o(.ARM.Collect$$rtentry$$00000000)
    .ARM.Collect$$rtentry$$00000002          0x08000228   Section        0  __rtentry2.o(.ARM.Collect$$rtentry$$00000002)
    .ARM.Collect$$rtentry$$00000004          0x08000228   Section        6  __rtentry4.o(.ARM.Collect$$rtentry$$00000004)
    .ARM.Collect$$rtentry$$00000009          0x0800022e   Section        0  __rtentry2.o(.ARM.Collect$$rtentry$$00000009)
    .ARM.Collect$$rtentry$$0000000A          0x0800022e   Section        4  __rtentry2.o(.ARM.Collect$$rtentry$$0000000A)
    .ARM.Collect$$rtentry$$0000000C          0x08000232   Section        0  __rtentry2.o(.ARM.Collect$$rtentry$$0000000C)
    .ARM.Collect$$rtentry$$0000000D          0x08000232   Section        8  __rtentry2.o(.ARM.Collect$$rtentry$$0000000D)
    .ARM.Collect$$rtexit$$00000000           0x0800023a   Section        2  rtexit.o(.ARM.Collect$$rtexit$$00000000)
    .ARM.Collect$$rtexit$$00000002           0x0800023c   Section        0  rtexit2.o(.ARM.Collect$$rtexit$$00000002)
    .ARM.Collect$$rtexit$$00000003           0x0800023c   Section        4  rtexit2.o(.ARM.Collect$$rtexit$$00000003)
    .ARM.Collect$$rtexit$$00000004           0x08000240   Section        6  rtexit2.o(.ARM.Collect$$rtexit$$00000004)
    $v0                                      0x08000248   Number         0  startup_stm32f446xx.o(.text)
    .text                                    0x08000248   Section       64  startup_stm32f446xx.o(.text)
    .text                                    0x08000288   Section        0  strlen.o(.text)
    .text                                    0x080002c6   Section        0  heapauxi.o(.text)
    .text                                    0x080002cc   Section       74  sys_stackheap_outer.o(.text)
    .text                                    0x08000316   Section        0  exit.o(.text)
    .text                                    0x08000328   Section        8  libspace.o(.text)
    .text                                    0x08000330   Section        0  sys_exit.o(.text)
    .text                                    0x0800033c   Section        2  use_no_semi.o(.text)
    .text                                    0x0800033e   Section        0  indicate_semi.o(.text)
    [Anonymous Symbol]                       0x08000340   Section        0  bsp.o(.text.Button_init)
    [Anonymous Symbol]                       0x08000378   Section        0  bsp.o(.text.Button_status)
    [Anonymous Symbol]                       0x08000398   Section        0  spi_driver.o(.text.GET_TXE)
    [Anonymous Symbol]                       0x080003a8   Section        0  gpio_driver.o(.text.GPIO_CLK_CTRL)
    [Anonymous Symbol]                       0x080005fc   Section        0  gpio_driver.o(.text.GPIO_Init)
    [Anonymous Symbol]                       0x08000910   Section        0  gpio_driver.o(.text.GPIO_PinRead)
    [Anonymous Symbol]                       0x08000934   Section        0  bsp.o(.text.Init_SPI2_PINS)
    [Anonymous Symbol]                       0x08000990   Section        0  bsp.o(.text.SPI2_INIT)
    [Anonymous Symbol]                       0x080009d0   Section        0  bsp.o(.text.SPI2_TEST)
    [Anonymous Symbol]                       0x08000a5c   Section        0  spi_driver.o(.text.SPI_Busy)
    [Anonymous Symbol]                       0x08000a6c   Section        0  spi_driver.o(.text.SPI_CLK_CTRL)
    [Anonymous Symbol]                       0x08000ba4   Section        0  spi_driver.o(.text.SPI_DISABLE)
    [Anonymous Symbol]                       0x08000bb8   Section        0  spi_driver.o(.text.SPI_ENABLE)
    [Anonymous Symbol]                       0x08000bcc   Section        0  spi_driver.o(.text.SPI_Init)
    [Anonymous Symbol]                       0x08000ca4   Section        0  spi_driver.o(.text.SPI_Transmit)
    [Anonymous Symbol]                       0x08000d14   Section        0  system_stm32f4xx.o(.text.SystemInit)
    [Anonymous Symbol]                       0x08000d28   Section        0  bsp.o(.text.delay)
    [Anonymous Symbol]                       0x08000d44   Section        0  spi_arduino_test.o(.text.main)
    $v0                                      0x08000d74   Number         0  fpinit.o(x$fpl$fpinit)
    x$fpl$fpinit                             0x08000d74   Section       26  fpinit.o(x$fpl$fpinit)
    .bss                                     0x20000000   Section       96  libspace.o(.bss)
    Heap_Mem                                 0x20000060   Data         512  startup_stm32f446xx.o(HEAP)
    HEAP                                     0x20000060   Section      512  startup_stm32f446xx.o(HEAP)
    Stack_Mem                                0x20000260   Data        1024  startup_stm32f446xx.o(STACK)
    STACK                                    0x20000260   Section     1024  startup_stm32f446xx.o(STACK)
    __initial_sp                             0x20000660   Data           0  startup_stm32f446xx.o(STACK)

    Global Symbols

    Symbol Name                              Value     Ov Type        Size  Object(Section)

    BuildAttributes$$THM_ISAv4$E$P$D$K$B$S$7EM$VFPi3$EXTD16$VFPS$VFMA$PE$A:L22UL41UL21$X:L11$S22US41US21$IEEE1$IW$~IW$USESV6$~STKCKD$USESV7$~SHL$OSPACE$ROPI$EBA8$UX$STANDARDLIB$REQ8$PRES8$EABIv2 0x00000000   Number         0  anon$$obj.o ABSOLUTE
    __ARM_exceptions_init                     - Undefined Weak Reference
    __alloca_initialize                       - Undefined Weak Reference
    __arm_preinit_                            - Undefined Weak Reference
    __cpp_initialize__aeabi_                  - Undefined Weak Reference
    __cxa_finalize                            - Undefined Weak Reference
    __rt_locale                               - Undefined Weak Reference
    __sigvec_lookup                           - Undefined Weak Reference
    _atexit_init                              - Undefined Weak Reference
    _call_atexit_fns                          - Undefined Weak Reference
    _clock_init                               - Undefined Weak Reference
    _fp_trap_init                             - Undefined Weak Reference
    _fp_trap_shutdown                         - Undefined Weak Reference
    _get_lc_collate                           - Undefined Weak Reference
    _get_lc_ctype                             - Undefined Weak Reference
    _get_lc_monetary                          - Undefined Weak Reference
    _get_lc_numeric                           - Undefined Weak Reference
    _get_lc_time                              - Undefined Weak Reference
    _getenv_init                              - Undefined Weak Reference
    _handle_redirection                       - Undefined Weak Reference
    _init_alloc                               - Undefined Weak Reference
    _init_user_alloc                          - Undefined Weak Reference
    _initio                                   - Undefined Weak Reference
    _rand_init                                - Undefined Weak Reference
    _signal_finish                            - Undefined Weak Reference
    _signal_init                              - Undefined Weak Reference
    _terminate_alloc                          - Undefined Weak Reference
    _terminate_user_alloc                     - Undefined Weak Reference
    _terminateio                              - Undefined Weak Reference
    __Vectors_Size                           0x000001c4   Number         0  startup_stm32f446xx.o ABSOLUTE
    __Vectors                                0x08000000   Data           4  startup_stm32f446xx.o(RESET)
    __Vectors_End                            0x080001c4   Data           0  startup_stm32f446xx.o(RESET)
    __main                                   0x080001c5   Thumb Code     8  __main.o(!!!main)
    __scatterload                            0x080001cd   Thumb Code     0  __scatter.o(!!!scatter)
    __scatterload_rt2                        0x080001cd   Thumb Code    44  __scatter.o(!!!scatter)
    __scatterload_rt2_thumb_only             0x080001cd   Thumb Code     0  __scatter.o(!!!scatter)
    __scatterload_null                       0x080001db   Thumb Code     0  __scatter.o(!!!scatter)
    __scatterload_zeroinit                   0x08000201   Thumb Code    28  __scatter_zi.o(!!handler_zi)
    __rt_lib_init                            0x0800021d   Thumb Code     0  libinit.o(.ARM.Collect$$libinit$$00000000)
    __rt_lib_init_fp_1                       0x0800021f   Thumb Code     0  libinit2.o(.ARM.Collect$$libinit$$00000001)
    __rt_lib_init_alloca_1                   0x08000223   Thumb Code     0  libinit2.o(.ARM.Collect$$libinit$$0000002E)
    __rt_lib_init_argv_1                     0x08000223   Thumb Code     0  libinit2.o(.ARM.Collect$$libinit$$0000002C)
    __rt_lib_init_atexit_1                   0x08000223   Thumb Code     0  libinit2.o(.ARM.Collect$$libinit$$0000001B)
    __rt_lib_init_clock_1                    0x08000223   Thumb Code     0  libinit2.o(.ARM.Collect$$libinit$$00000021)
    __rt_lib_init_cpp_1                      0x08000223   Thumb Code     0  libinit2.o(.ARM.Collect$$libinit$$00000032)
    __rt_lib_init_exceptions_1               0x08000223   Thumb Code     0  libinit2.o(.ARM.Collect$$libinit$$00000030)
    __rt_lib_init_fp_trap_1                  0x08000223   Thumb Code     0  libinit2.o(.ARM.Collect$$libinit$$0000001F)
    __rt_lib_init_getenv_1                   0x08000223   Thumb Code     0  libinit2.o(.ARM.Collect$$libinit$$00000023)
    __rt_lib_init_heap_1                     0x08000223   Thumb Code     0  libinit2.o(.ARM.Collect$$libinit$$0000000A)
    __rt_lib_init_lc_collate_1               0x08000223   Thumb Code     0  libinit2.o(.ARM.Collect$$libinit$$00000011)
    __rt_lib_init_lc_ctype_1                 0x08000223   Thumb Code     0  libinit2.o(.ARM.Collect$$libinit$$00000013)
    __rt_lib_init_lc_monetary_1              0x08000223   Thumb Code     0  libinit2.o(.ARM.Collect$$libinit$$00000015)
    __rt_lib_init_lc_numeric_1               0x08000223   Thumb Code     0  libinit2.o(.ARM.Collect$$libinit$$00000017)
    __rt_lib_init_lc_time_1                  0x08000223   Thumb Code     0  libinit2.o(.ARM.Collect$$libinit$$00000019)
    __rt_lib_init_preinit_1                  0x08000223   Thumb Code     0  libinit2.o(.ARM.Collect$$libinit$$00000004)
    __rt_lib_init_rand_1                     0x08000223   Thumb Code     0  libinit2.o(.ARM.Collect$$libinit$$0000000E)
    __rt_lib_init_return                     0x08000223   Thumb Code     0  libinit2.o(.ARM.Collect$$libinit$$00000033)
    __rt_lib_init_signal_1                   0x08000223   Thumb Code     0  libinit2.o(.ARM.Collect$$libinit$$0000001D)
    __rt_lib_init_stdio_1                    0x08000223   Thumb Code     0  libinit2.o(.ARM.Collect$$libinit$$00000025)
    __rt_lib_init_user_alloc_1               0x08000223   Thumb Code     0  libinit2.o(.ARM.Collect$$libinit$$0000000C)
    __rt_lib_shutdown                        0x08000225   Thumb Code     0  libshutdown.o(.ARM.Collect$$libshutdown$$00000000)
    __rt_lib_shutdown_cpp_1                  0x08000227   Thumb Code     0  libshutdown2.o(.ARM.Collect$$libshutdown$$00000002)
    __rt_lib_shutdown_fp_trap_1              0x08000227   Thumb Code     0  libshutdown2.o(.ARM.Collect$$libshutdown$$00000007)
    __rt_lib_shutdown_heap_1                 0x08000227   Thumb Code     0  libshutdown2.o(.ARM.Collect$$libshutdown$$0000000F)
    __rt_lib_shutdown_return                 0x08000227   Thumb Code     0  libshutdown2.o(.ARM.Collect$$libshutdown$$00000010)
    __rt_lib_shutdown_signal_1               0x08000227   Thumb Code     0  libshutdown2.o(.ARM.Collect$$libshutdown$$0000000A)
    __rt_lib_shutdown_stdio_1                0x08000227   Thumb Code     0  libshutdown2.o(.ARM.Collect$$libshutdown$$00000004)
    __rt_lib_shutdown_user_alloc_1           0x08000227   Thumb Code     0  libshutdown2.o(.ARM.Collect$$libshutdown$$0000000C)
    __rt_entry                               0x08000229   Thumb Code     0  __rtentry.o(.ARM.Collect$$rtentry$$00000000)
    __rt_entry_presh_1                       0x08000229   Thumb Code     0  __rtentry2.o(.ARM.Collect$$rtentry$$00000002)
    __rt_entry_sh                            0x08000229   Thumb Code     0  __rtentry4.o(.ARM.Collect$$rtentry$$00000004)
    __rt_entry_li                            0x0800022f   Thumb Code     0  __rtentry2.o(.ARM.Collect$$rtentry$$0000000A)
    __rt_entry_postsh_1                      0x0800022f   Thumb Code     0  __rtentry2.o(.ARM.Collect$$rtentry$$00000009)
    __rt_entry_main                          0x08000233   Thumb Code     0  __rtentry2.o(.ARM.Collect$$rtentry$$0000000D)
    __rt_entry_postli_1                      0x08000233   Thumb Code     0  __rtentry2.o(.ARM.Collect$$rtentry$$0000000C)
    __rt_exit                                0x0800023b   Thumb Code     0  rtexit.o(.ARM.Collect$$rtexit$$00000000)
    __rt_exit_ls                             0x0800023d   Thumb Code     0  rtexit2.o(.ARM.Collect$$rtexit$$00000003)
    __rt_exit_prels_1                        0x0800023d   Thumb Code     0  rtexit2.o(.ARM.Collect$$rtexit$$00000002)
    __rt_exit_exit                           0x08000241   Thumb Code     0  rtexit2.o(.ARM.Collect$$rtexit$$00000004)
    Reset_Handler                            0x08000249   Thumb Code     8  startup_stm32f446xx.o(.text)
    NMI_Handler                              0x08000251   Thumb Code     2  startup_stm32f446xx.o(.text)
    HardFault_Handler                        0x08000253   Thumb Code     2  startup_stm32f446xx.o(.text)
    MemManage_Handler                        0x08000255   Thumb Code     2  startup_stm32f446xx.o(.text)
    BusFault_Handler                         0x08000257   Thumb Code     2  startup_stm32f446xx.o(.text)
    UsageFault_Handler                       0x08000259   Thumb Code     2  startup_stm32f446xx.o(.text)
    SVC_Handler                              0x0800025b   Thumb Code     2  startup_stm32f446xx.o(.text)
    DebugMon_Handler                         0x0800025d   Thumb Code     2  startup_stm32f446xx.o(.text)
    PendSV_Handler                           0x0800025f   Thumb Code     2  startup_stm32f446xx.o(.text)
    SysTick_Handler                          0x08000261   Thumb Code     2  startup_stm32f446xx.o(.text)
    ADC_IRQHandler                           0x08000263   Thumb Code     0  startup_stm32f446xx.o(.text)
    CAN1_RX0_IRQHandler                      0x08000263   Thumb Code     0  startup_stm32f446xx.o(.text)
    CAN1_RX1_IRQHandler                      0x08000263   Thumb Code     0  startup_stm32f446xx.o(.text)
    CAN1_SCE_IRQHandler                      0x08000263   Thumb Code     0  startup_stm32f446xx.o(.text)
    CAN1_TX_IRQHandler                       0x08000263   Thumb Code     0  startup_stm32f446xx.o(.text)
    CAN2_RX0_IRQHandler                      0x08000263   Thumb Code     0  startup_stm32f446xx.o(.text)
    CAN2_RX1_IRQHandler                      0x08000263   Thumb Code     0  startup_stm32f446xx.o(.text)
    CAN2_SCE_IRQHandler                      0x08000263   Thumb Code     0  startup_stm32f446xx.o(.text)
    CAN2_TX_IRQHandler                       0x08000263   Thumb Code     0  startup_stm32f446xx.o(.text)
    CEC_IRQHandler                           0x08000263   Thumb Code     0  startup_stm32f446xx.o(.text)
    DCMI_IRQHandler                          0x08000263   Thumb Code     0  startup_stm32f446xx.o(.text)
    DMA1_Stream0_IRQHandler                  0x08000263   Thumb Code     0  startup_stm32f446xx.o(.text)
    DMA1_Stream1_IRQHandler                  0x08000263   Thumb Code     0  startup_stm32f446xx.o(.text)
    DMA1_Stream2_IRQHandler                  0x08000263   Thumb Code     0  startup_stm32f446xx.o(.text)
    DMA1_Stream3_IRQHandler                  0x08000263   Thumb Code     0  startup_stm32f446xx.o(.text)
    DMA1_Stream4_IRQHandler                  0x08000263   Thumb Code     0  startup_stm32f446xx.o(.text)
    DMA1_Stream5_IRQHandler                  0x08000263   Thumb Code     0  startup_stm32f446xx.o(.text)
    DMA1_Stream6_IRQHandler                  0x08000263   Thumb Code     0  startup_stm32f446xx.o(.text)
    DMA1_Stream7_IRQHandler                  0x08000263   Thumb Code     0  startup_stm32f446xx.o(.text)
    DMA2_Stream0_IRQHandler                  0x08000263   Thumb Code     0  startup_stm32f446xx.o(.text)
    DMA2_Stream1_IRQHandler                  0x08000263   Thumb Code     0  startup_stm32f446xx.o(.text)
    DMA2_Stream2_IRQHandler                  0x08000263   Thumb Code     0  startup_stm32f446xx.o(.text)
    DMA2_Stream3_IRQHandler                  0x08000263   Thumb Code     0  startup_stm32f446xx.o(.text)
    DMA2_Stream4_IRQHandler                  0x08000263   Thumb Code     0  startup_stm32f446xx.o(.text)
    DMA2_Stream5_IRQHandler                  0x08000263   Thumb Code     0  startup_stm32f446xx.o(.text)
    DMA2_Stream6_IRQHandler                  0x08000263   Thumb Code     0  startup_stm32f446xx.o(.text)
    DMA2_Stream7_IRQHandler                  0x08000263   Thumb Code     0  startup_stm32f446xx.o(.text)
    EXTI0_IRQHandler                         0x08000263   Thumb Code     0  startup_stm32f446xx.o(.text)
    EXTI15_10_IRQHandler                     0x08000263   Thumb Code     0  startup_stm32f446xx.o(.text)
    EXTI1_IRQHandler                         0x08000263   Thumb Code     0  startup_stm32f446xx.o(.text)
    EXTI2_IRQHandler                         0x08000263   Thumb Code     0  startup_stm32f446xx.o(.text)
    EXTI3_IRQHandler                         0x08000263   Thumb Code     0  startup_stm32f446xx.o(.text)
    EXTI4_IRQHandler                         0x08000263   Thumb Code     0  startup_stm32f446xx.o(.text)
    EXTI9_5_IRQHandler                       0x08000263   Thumb Code     0  startup_stm32f446xx.o(.text)
    FLASH_IRQHandler                         0x08000263   Thumb Code     0  startup_stm32f446xx.o(.text)
    FMC_IRQHandler                           0x08000263   Thumb Code     0  startup_stm32f446xx.o(.text)
    FMPI2C1_ER_IRQHandler                    0x08000263   Thumb Code     0  startup_stm32f446xx.o(.text)
    FMPI2C1_EV_IRQHandler                    0x08000263   Thumb Code     0  startup_stm32f446xx.o(.text)
    FPU_IRQHandler                           0x08000263   Thumb Code     0  startup_stm32f446xx.o(.text)
    I2C1_ER_IRQHandler                       0x08000263   Thumb Code     0  startup_stm32f446xx.o(.text)
    I2C1_EV_IRQHandler                       0x08000263   Thumb Code     0  startup_stm32f446xx.o(.text)
    I2C2_ER_IRQHandler                       0x08000263   Thumb Code     0  startup_stm32f446xx.o(.text)
    I2C2_EV_IRQHandler                       0x08000263   Thumb Code     0  startup_stm32f446xx.o(.text)
    I2C3_ER_IRQHandler                       0x08000263   Thumb Code     0  startup_stm32f446xx.o(.text)
    I2C3_EV_IRQHandler                       0x08000263   Thumb Code     0  startup_stm32f446xx.o(.text)
    OTG_FS_IRQHandler                        0x08000263   Thumb Code     0  startup_stm32f446xx.o(.text)
    OTG_FS_WKUP_IRQHandler                   0x08000263   Thumb Code     0  startup_stm32f446xx.o(.text)
    OTG_HS_EP1_IN_IRQHandler                 0x08000263   Thumb Code     0  startup_stm32f446xx.o(.text)
    OTG_HS_EP1_OUT_IRQHandler                0x08000263   Thumb Code     0  startup_stm32f446xx.o(.text)
    OTG_HS_IRQHandler                        0x08000263   Thumb Code     0  startup_stm32f446xx.o(.text)
    OTG_HS_WKUP_IRQHandler                   0x08000263   Thumb Code     0  startup_stm32f446xx.o(.text)
    PVD_IRQHandler                           0x08000263   Thumb Code     0  startup_stm32f446xx.o(.text)
    QUADSPI_IRQHandler                       0x08000263   Thumb Code     0  startup_stm32f446xx.o(.text)
    RCC_IRQHandler                           0x08000263   Thumb Code     0  startup_stm32f446xx.o(.text)
    RTC_Alarm_IRQHandler                     0x08000263   Thumb Code     0  startup_stm32f446xx.o(.text)
    RTC_WKUP_IRQHandler                      0x08000263   Thumb Code     0  startup_stm32f446xx.o(.text)
    SAI1_IRQHandler                          0x08000263   Thumb Code     0  startup_stm32f446xx.o(.text)
    SAI2_IRQHandler                          0x08000263   Thumb Code     0  startup_stm32f446xx.o(.text)
    SDIO_IRQHandler                          0x08000263   Thumb Code     0  startup_stm32f446xx.o(.text)
    SPDIF_RX_IRQHandler                      0x08000263   Thumb Code     0  startup_stm32f446xx.o(.text)
    SPI1_IRQHandler                          0x08000263   Thumb Code     0  startup_stm32f446xx.o(.text)
    SPI2_IRQHandler                          0x08000263   Thumb Code     0  startup_stm32f446xx.o(.text)
    SPI3_IRQHandler                          0x08000263   Thumb Code     0  startup_stm32f446xx.o(.text)
    SPI4_IRQHandler                          0x08000263   Thumb Code     0  startup_stm32f446xx.o(.text)
    TAMP_STAMP_IRQHandler                    0x08000263   Thumb Code     0  startup_stm32f446xx.o(.text)
    TIM1_BRK_TIM9_IRQHandler                 0x08000263   Thumb Code     0  startup_stm32f446xx.o(.text)
    TIM1_CC_IRQHandler                       0x08000263   Thumb Code     0  startup_stm32f446xx.o(.text)
    TIM1_TRG_COM_TIM11_IRQHandler            0x08000263   Thumb Code     0  startup_stm32f446xx.o(.text)
    TIM1_UP_TIM10_IRQHandler                 0x08000263   Thumb Code     0  startup_stm32f446xx.o(.text)
    TIM2_IRQHandler                          0x08000263   Thumb Code     0  startup_stm32f446xx.o(.text)
    TIM3_IRQHandler                          0x08000263   Thumb Code     0  startup_stm32f446xx.o(.text)
    TIM4_IRQHandler                          0x08000263   Thumb Code     0  startup_stm32f446xx.o(.text)
    TIM5_IRQHandler                          0x08000263   Thumb Code     0  startup_stm32f446xx.o(.text)
    TIM6_DAC_IRQHandler                      0x08000263   Thumb Code     0  startup_stm32f446xx.o(.text)
    TIM7_IRQHandler                          0x08000263   Thumb Code     0  startup_stm32f446xx.o(.text)
    TIM8_BRK_TIM12_IRQHandler                0x08000263   Thumb Code     0  startup_stm32f446xx.o(.text)
    TIM8_CC_IRQHandler                       0x08000263   Thumb Code     0  startup_stm32f446xx.o(.text)
    TIM8_TRG_COM_TIM14_IRQHandler            0x08000263   Thumb Code     0  startup_stm32f446xx.o(.text)
    TIM8_UP_TIM13_IRQHandler                 0x08000263   Thumb Code     0  startup_stm32f446xx.o(.text)
    UART4_IRQHandler                         0x08000263   Thumb Code     0  startup_stm32f446xx.o(.text)
    UART5_IRQHandler                         0x08000263   Thumb Code     0  startup_stm32f446xx.o(.text)
    USART1_IRQHandler                        0x08000263   Thumb Code     0  startup_stm32f446xx.o(.text)
    USART2_IRQHandler                        0x08000263   Thumb Code     0  startup_stm32f446xx.o(.text)
    USART3_IRQHandler                        0x08000263   Thumb Code     0  startup_stm32f446xx.o(.text)
    USART6_IRQHandler                        0x08000263   Thumb Code     0  startup_stm32f446xx.o(.text)
    WWDG_IRQHandler                          0x08000263   Thumb Code     0  startup_stm32f446xx.o(.text)
    __user_initial_stackheap                 0x08000265   Thumb Code     0  startup_stm32f446xx.o(.text)
    strlen                                   0x08000289   Thumb Code    62  strlen.o(.text)
    __use_two_region_memory                  0x080002c7   Thumb Code     2  heapauxi.o(.text)
    __rt_heap_escrow$2region                 0x080002c9   Thumb Code     2  heapauxi.o(.text)
    __rt_heap_expand$2region                 0x080002cb   Thumb Code     2  heapauxi.o(.text)
    __user_setup_stackheap                   0x080002cd   Thumb Code    74  sys_stackheap_outer.o(.text)
    exit                                     0x08000317   Thumb Code    18  exit.o(.text)
    __user_libspace                          0x08000329   Thumb Code     8  libspace.o(.text)
    __user_perproc_libspace                  0x08000329   Thumb Code     0  libspace.o(.text)
    __user_perthread_libspace                0x08000329   Thumb Code     0  libspace.o(.text)
    _sys_exit                                0x08000331   Thumb Code     8  sys_exit.o(.text)
    __I$use$semihosting                      0x0800033d   Thumb Code     0  use_no_semi.o(.text)
    __use_no_semihosting_swi                 0x0800033d   Thumb Code     2  use_no_semi.o(.text)
    __semihosting_library_function           0x0800033f   Thumb Code     0  indicate_semi.o(.text)
    Button_init                              0x08000341   Thumb Code    54  bsp.o(.text.Button_init)
    Button_status                            0x08000379   Thumb Code    30  bsp.o(.text.Button_status)
    GET_TXE                                  0x08000399   Thumb Code    16  spi_driver.o(.text.GET_TXE)
    GPIO_CLK_CTRL                            0x080003a9   Thumb Code   596  gpio_driver.o(.text.GPIO_CLK_CTRL)
    GPIO_Init                                0x080005fd   Thumb Code   788  gpio_driver.o(.text.GPIO_Init)
    GPIO_PinRead                             0x08000911   Thumb Code    34  gpio_driver.o(.text.GPIO_PinRead)
    Init_SPI2_PINS                           0x08000935   Thumb Code    92  bsp.o(.text.Init_SPI2_PINS)
    SPI2_INIT                                0x08000991   Thumb Code    62  bsp.o(.text.SPI2_INIT)
    SPI2_TEST                                0x080009d1   Thumb Code   138  bsp.o(.text.SPI2_TEST)
    SPI_Busy                                 0x08000a5d   Thumb Code    16  spi_driver.o(.text.SPI_Busy)
    SPI_CLK_CTRL                             0x08000a6d   Thumb Code   310  spi_driver.o(.text.SPI_CLK_CTRL)
    SPI_DISABLE                              0x08000ba5   Thumb Code    18  spi_driver.o(.text.SPI_DISABLE)
    SPI_ENABLE                               0x08000bb9   Thumb Code    18  spi_driver.o(.text.SPI_ENABLE)
    SPI_Init                                 0x08000bcd   Thumb Code   214  spi_driver.o(.text.SPI_Init)
    SPI_Transmit                             0x08000ca5   Thumb Code   112  spi_driver.o(.text.SPI_Transmit)
    SystemInit                               0x08000d15   Thumb Code    18  system_stm32f4xx.o(.text.SystemInit)
    delay                                    0x08000d29   Thumb Code    26  bsp.o(.text.delay)
    main                                     0x08000d45   Thumb Code    48  spi_arduino_test.o(.text.main)
    _fp_init                                 0x08000d75   Thumb Code    26  fpinit.o(x$fpl$fpinit)
    __fplib_config_fpu_vfp                   0x08000d8d   Thumb Code     0  fpinit.o(x$fpl$fpinit)
    __fplib_config_pureend_doubles           0x08000d8d   Thumb Code     0  fpinit.o(x$fpl$fpinit)
    Region$$Table$$Base                      0x08000d90   Number         0  anon$$obj.o(Region$$Table)
    Region$$Table$$Limit                     0x08000da0   Number         0  anon$$obj.o(Region$$Table)
    __libspace_start                         0x20000000   Data          96  libspace.o(.bss)
    __temporary_stack_top$libspace           0x20000060   Data           0  libspace.o(.bss)



==============================================================================

Memory Map of the image

  Image Entry point : 0x08000249

  Load Region LR_1 (Base: 0x08000000, Size: 0x00000da0, Max: 0xffffffff, ABSOLUTE)

    Execution Region ER_RO (Exec base: 0x08000000, Load base: 0x08000000, Size: 0x00000da0, Max: 0xffffffff, ABSOLUTE)

    Exec Addr    Load Addr    Size         Type   Attr      Idx    E Section Name        Object

    0x08000000   0x08000000   0x000001c4   Data   RO          112    RESET               startup_stm32f446xx.o
    0x080001c4   0x080001c4   0x00000008   Code   RO          139  * !!!main             c_w.l(__main.o)
    0x080001cc   0x080001cc   0x00000034   Code   RO          302    !!!scatter          c_w.l(__scatter.o)
    0x08000200   0x08000200   0x0000001c   Code   RO          304    !!handler_zi        c_w.l(__scatter_zi.o)
    0x0800021c   0x0800021c   0x00000002   Code   RO          166    .ARM.Collect$$libinit$$00000000  c_w.l(libinit.o)
    0x0800021e   0x0800021e   0x00000004   Code   RO          172    .ARM.Collect$$libinit$$00000001  c_w.l(libinit2.o)
    0x08000222   0x08000222   0x00000000   Code   RO          175    .ARM.Collect$$libinit$$00000004  c_w.l(libinit2.o)
    0x08000222   0x08000222   0x00000000   Code   RO          178    .ARM.Collect$$libinit$$0000000A  c_w.l(libinit2.o)
    0x08000222   0x08000222   0x00000000   Code   RO          180    .ARM.Collect$$libinit$$0000000C  c_w.l(libinit2.o)
    0x08000222   0x08000222   0x00000000   Code   RO          182    .ARM.Collect$$libinit$$0000000E  c_w.l(libinit2.o)
    0x08000222   0x08000222   0x00000000   Code   RO          185    .ARM.Collect$$libinit$$00000011  c_w.l(libinit2.o)
    0x08000222   0x08000222   0x00000000   Code   RO          187    .ARM.Collect$$libinit$$00000013  c_w.l(libinit2.o)
    0x08000222   0x08000222   0x00000000   Code   RO          189    .ARM.Collect$$libinit$$00000015  c_w.l(libinit2.o)
    0x08000222   0x08000222   0x00000000   Code   RO          191    .ARM.Collect$$libinit$$00000017  c_w.l(libinit2.o)
    0x08000222   0x08000222   0x00000000   Code   RO          193    .ARM.Collect$$libinit$$00000019  c_w.l(libinit2.o)
    0x08000222   0x08000222   0x00000000   Code   RO          195    .ARM.Collect$$libinit$$0000001B  c_w.l(libinit2.o)
    0x08000222   0x08000222   0x00000000   Code   RO          197    .ARM.Collect$$libinit$$0000001D  c_w.l(libinit2.o)
    0x08000222   0x08000222   0x00000000   Code   RO          199    .ARM.Collect$$libinit$$0000001F  c_w.l(libinit2.o)
    0x08000222   0x08000222   0x00000000   Code   RO          201    .ARM.Collect$$libinit$$00000021  c_w.l(libinit2.o)
    0x08000222   0x08000222   0x00000000   Code   RO          203    .ARM.Collect$$libinit$$00000023  c_w.l(libinit2.o)
    0x08000222   0x08000222   0x00000000   Code   RO          205    .ARM.Collect$$libinit$$00000025  c_w.l(libinit2.o)
    0x08000222   0x08000222   0x00000000   Code   RO          209    .ARM.Collect$$libinit$$0000002C  c_w.l(libinit2.o)
    0x08000222   0x08000222   0x00000000   Code   RO          211    .ARM.Collect$$libinit$$0000002E  c_w.l(libinit2.o)
    0x08000222   0x08000222   0x00000000   Code   RO          213    .ARM.Collect$$libinit$$00000030  c_w.l(libinit2.o)
    0x08000222   0x08000222   0x00000000   Code   RO          215    .ARM.Collect$$libinit$$00000032  c_w.l(libinit2.o)
    0x08000222   0x08000222   0x00000002   Code   RO          216    .ARM.Collect$$libinit$$00000033  c_w.l(libinit2.o)
    0x08000224   0x08000224   0x00000002   Code   RO          238    .ARM.Collect$$libshutdown$$00000000  c_w.l(libshutdown.o)
    0x08000226   0x08000226   0x00000000   Code   RO          253    .ARM.Collect$$libshutdown$$00000002  c_w.l(libshutdown2.o)
    0x08000226   0x08000226   0x00000000   Code   RO          255    .ARM.Collect$$libshutdown$$00000004  c_w.l(libshutdown2.o)
    0x08000226   0x08000226   0x00000000   Code   RO          258    .ARM.Collect$$libshutdown$$00000007  c_w.l(libshutdown2.o)
    0x08000226   0x08000226   0x00000000   Code   RO          261    .ARM.Collect$$libshutdown$$0000000A  c_w.l(libshutdown2.o)
    0x08000226   0x08000226   0x00000000   Code   RO          263    .ARM.Collect$$libshutdown$$0000000C  c_w.l(libshutdown2.o)
    0x08000226   0x08000226   0x00000000   Code   RO          266    .ARM.Collect$$libshutdown$$0000000F  c_w.l(libshutdown2.o)
    0x08000226   0x08000226   0x00000002   Code   RO          267    .ARM.Collect$$libshutdown$$00000010  c_w.l(libshutdown2.o)
    0x08000228   0x08000228   0x00000000   Code   RO          141    .ARM.Collect$$rtentry$$00000000  c_w.l(__rtentry.o)
    0x08000228   0x08000228   0x00000000   Code   RO          143    .ARM.Collect$$rtentry$$00000002  c_w.l(__rtentry2.o)
    0x08000228   0x08000228   0x00000006   Code   RO          155    .ARM.Collect$$rtentry$$00000004  c_w.l(__rtentry4.o)
    0x0800022e   0x0800022e   0x00000000   Code   RO          145    .ARM.Collect$$rtentry$$00000009  c_w.l(__rtentry2.o)
    0x0800022e   0x0800022e   0x00000004   Code   RO          146    .ARM.Collect$$rtentry$$0000000A  c_w.l(__rtentry2.o)
    0x08000232   0x08000232   0x00000000   Code   RO          148    .ARM.Collect$$rtentry$$0000000C  c_w.l(__rtentry2.o)
    0x08000232   0x08000232   0x00000008   Code   RO          149    .ARM.Collect$$rtentry$$0000000D  c_w.l(__rtentry2.o)
    0x0800023a   0x0800023a   0x00000002   Code   RO          170    .ARM.Collect$$rtexit$$00000000  c_w.l(rtexit.o)
    0x0800023c   0x0800023c   0x00000000   Code   RO          218    .ARM.Collect$$rtexit$$00000002  c_w.l(rtexit2.o)
    0x0800023c   0x0800023c   0x00000004   Code   RO          219    .ARM.Collect$$rtexit$$00000003  c_w.l(rtexit2.o)
    0x08000240   0x08000240   0x00000006   Code   RO          220    .ARM.Collect$$rtexit$$00000004  c_w.l(rtexit2.o)
    0x08000246   0x08000246   0x00000002   PAD
    0x08000248   0x08000248   0x00000040   Code   RO          113  * .text               startup_stm32f446xx.o
    0x08000288   0x08000288   0x0000003e   Code   RO          135    .text               c_w.l(strlen.o)
    0x080002c6   0x080002c6   0x00000006   Code   RO          137    .text               c_w.l(heapauxi.o)
    0x080002cc   0x080002cc   0x0000004a   Code   RO          157    .text               c_w.l(sys_stackheap_outer.o)
    0x08000316   0x08000316   0x00000012   Code   RO          159    .text               c_w.l(exit.o)
    0x08000328   0x08000328   0x00000008   Code   RO          167    .text               c_w.l(libspace.o)
    0x08000330   0x08000330   0x0000000c   Code   RO          228    .text               c_w.l(sys_exit.o)
    0x0800033c   0x0800033c   0x00000002   Code   RO          243    .text               c_w.l(use_no_semi.o)
    0x0800033e   0x0800033e   0x00000000   Code   RO          245    .text               c_w.l(indicate_semi.o)
    0x0800033e   0x0800033e   0x00000002   PAD
    0x08000340   0x08000340   0x00000036   Code   RO           66    .text.Button_init   bsp.o
    0x08000376   0x08000376   0x00000002   PAD
    0x08000378   0x08000378   0x0000001e   Code   RO           68    .text.Button_status  bsp.o
    0x08000396   0x08000396   0x00000002   PAD
    0x08000398   0x08000398   0x00000010   Code   RO           19    .text.GET_TXE       spi_driver.o
    0x080003a8   0x080003a8   0x00000254   Code   RO           82    .text.GPIO_CLK_CTRL  gpio_driver.o
    0x080005fc   0x080005fc   0x00000314   Code   RO           84    .text.GPIO_Init     gpio_driver.o
    0x08000910   0x08000910   0x00000022   Code   RO           88    .text.GPIO_PinRead  gpio_driver.o
    0x08000932   0x08000932   0x00000002   PAD
    0x08000934   0x08000934   0x0000005c   Code   RO           62    .text.Init_SPI2_PINS  bsp.o
    0x08000990   0x08000990   0x0000003e   Code   RO           64    .text.SPI2_INIT     bsp.o
    0x080009ce   0x080009ce   0x00000002   PAD
    0x080009d0   0x080009d0   0x0000008a   Code   RO           72    .text.SPI2_TEST     bsp.o
    0x08000a5a   0x08000a5a   0x00000002   PAD
    0x08000a5c   0x08000a5c   0x00000010   Code   RO           45    .text.SPI_Busy      spi_driver.o
    0x08000a6c   0x08000a6c   0x00000136   Code   RO           11    .text.SPI_CLK_CTRL  spi_driver.o
    0x08000ba2   0x08000ba2   0x00000002   PAD
    0x08000ba4   0x08000ba4   0x00000012   Code   RO           43    .text.SPI_DISABLE   spi_driver.o
    0x08000bb6   0x08000bb6   0x00000002   PAD
    0x08000bb8   0x08000bb8   0x00000012   Code   RO           41    .text.SPI_ENABLE    spi_driver.o
    0x08000bca   0x08000bca   0x00000002   PAD
    0x08000bcc   0x08000bcc   0x000000d6   Code   RO           13    .text.SPI_Init      spi_driver.o
    0x08000ca2   0x08000ca2   0x00000002   PAD
    0x08000ca4   0x08000ca4   0x00000070   Code   RO           17    .text.SPI_Transmit  spi_driver.o
    0x08000d14   0x08000d14   0x00000012   Code   RO          120    .text.SystemInit    system_stm32f4xx.o
    0x08000d26   0x08000d26   0x00000002   PAD
    0x08000d28   0x08000d28   0x0000001a   Code   RO           70    .text.delay         bsp.o
    0x08000d42   0x08000d42   0x00000002   PAD
    0x08000d44   0x08000d44   0x00000030   Code   RO            2    .text.main          spi_arduino_test.o
    0x08000d74   0x08000d74   0x0000001a   Code   RO          226    x$fpl$fpinit        fz_wm.l(fpinit.o)
    0x08000d8e   0x08000d8e   0x00000002   PAD
    0x08000d90   0x08000d90   0x00000010   Data   RO          301    Region$$Table       anon$$obj.o


    Execution Region ER_RW (Exec base: 0x20000000, Load base: 0x08000da0, Size: 0x00000000, Max: 0xffffffff, ABSOLUTE)

    **** No section assigned to this execution region ****


    Execution Region ER_ZI (Exec base: 0x20000000, Load base: 0x08000da0, Size: 0x00000660, Max: 0xffffffff, ABSOLUTE)

    Exec Addr    Load Addr    Size         Type   Attr      Idx    E Section Name        Object

    0x20000000        -       0x00000060   Zero   RW          168    .bss                c_w.l(libspace.o)
    0x20000060        -       0x00000200   Zero   RW          111    HEAP                startup_stm32f446xx.o
    0x20000260        -       0x00000400   Zero   RW          110    STACK               startup_stm32f446xx.o


==============================================================================

Image component sizes


      Code (inc. data)   RO Data    RW Data    ZI Data      Debug   Object Name

       402          0          0          0          0       2742   bsp.o
      1418          0          0          0          0       7721   gpio_driver.o
        48          0          0          0          0        367   spi_arduino_test.o
       704          0          0          0          0       9033   spi_driver.o
        64         26        452          0       1536        856   startup_stm32f446xx.o
        18          0          0          0          0       2703   system_stm32f4xx.o

    ----------------------------------------------------------------------
      2676         26        468          0       1536      23422   Object Totals
         0          0         16          0          0          0   (incl. Generated)
        22          0          0          0          0          0   (incl. Padding)

    ----------------------------------------------------------------------

      Code (inc. data)   RO Data    RW Data    ZI Data      Debug   Library Member Name

         8          0          0          0          0         68   __main.o
         0          0          0          0          0          0   __rtentry.o
        12          0          0          0          0          0   __rtentry2.o
         6          0          0          0          0          0   __rtentry4.o
        52          8          0          0          0          0   __scatter.o
        28          0          0          0          0          0   __scatter_zi.o
        18          0          0          0          0         80   exit.o
         6          0          0          0          0        152   heapauxi.o
         0          0          0          0          0          0   indicate_semi.o
         2          0          0          0          0          0   libinit.o
         6          0          0          0          0          0   libinit2.o
         2          0          0          0          0          0   libshutdown.o
         2          0          0          0          0          0   libshutdown2.o
         8          4          0          0         96         68   libspace.o
         2          0          0          0          0          0   rtexit.o
        10          0          0          0          0          0   rtexit2.o
        62          0          0          0          0         76   strlen.o
        12          4          0          0          0         68   sys_exit.o
        74          0          0          0          0         80   sys_stackheap_outer.o
         2          0          0          0          0         68   use_no_semi.o
        26          0          0          0          0        116   fpinit.o

    ----------------------------------------------------------------------
       344         16          0          0         96        776   Library Totals
         6          0          0          0          0          0   (incl. Padding)

    ----------------------------------------------------------------------

      Code (inc. data)   RO Data    RW Data    ZI Data      Debug   Library Name

       312         16          0          0         96        660   c_w.l
        26          0          0          0          0        116   fz_wm.l

    ----------------------------------------------------------------------
       344         16          0          0         96        776   Library Totals

    ----------------------------------------------------------------------

==============================================================================


      Code (inc. data)   RO Data    RW Data    ZI Data      Debug   

      3020         42        468          0       1632      23842   Grand Totals
      3020         42        468          0       1632      23842   ELF Image Totals
      3020         42        468          0          0          0   ROM Totals

==============================================================================

    Total RO  Size (Code + RO Data)                 3488 (   3.41kB)
    Total RW  Size (RW Data + ZI Data)              1632 (   1.59kB)
    Total ROM Size (Code + RO Data + RW Data)       3488 (   3.41kB)

==============================================================================

