Component: ARM Compiler 6.16 Tool: armlink [5dfeaa00]

==============================================================================

Section Cross References

    master_receive_test_it.o(.text.main) refers to bsp.o(.text.Button_init) for Button_init
    master_receive_test_it.o(.text.main) refers to bsp.o(.text.I2C1_GPIO_init) for I2C1_GPIO_init
    master_receive_test_it.o(.text.main) refers to bsp.o(.text.Button_status) for Button_status
    master_receive_test_it.o(.text.main) refers to bsp.o(.text.delay) for delay
    master_receive_test_it.o(.text.main) refers to bsp.o(.text.I2C1_master_RX_test_IT) for I2C1_master_RX_test_IT
    master_receive_test_it.o(.ARM.exidx.text.main) refers to master_receive_test_it.o(.text.main) for [Anonymous Symbol]
    master_receive_test_it.o(.text.I2C1_EV_IRQHandler) refers to bsp.o(.bss.I2C1handle) for I2C1handle
    master_receive_test_it.o(.text.I2C1_EV_IRQHandler) refers to i2c_driver.o(.text.I2C_EV_IRQHandle) for I2C_EV_IRQHandle
    master_receive_test_it.o(.ARM.exidx.text.I2C1_EV_IRQHandler) refers to master_receive_test_it.o(.text.I2C1_EV_IRQHandler) for [Anonymous Symbol]
    master_receive_test_it.o(.text.I2C1_ER_IRQHandler) refers to bsp.o(.bss.I2C1handle) for I2C1handle
    master_receive_test_it.o(.text.I2C1_ER_IRQHandler) refers to i2c_driver.o(.text.I2C_ER_IRQHandle) for I2C_ER_IRQHandle
    master_receive_test_it.o(.ARM.exidx.text.I2C1_ER_IRQHandler) refers to master_receive_test_it.o(.text.I2C1_ER_IRQHandler) for [Anonymous Symbol]
    master_receive_test_it.o(.text.I2C_AppEventCallBack) refers to master_receive_test_it.o(.bss.tx) for tx
    master_receive_test_it.o(.text.I2C_AppEventCallBack) refers to master_receive_test_it.o(.bss.rx) for rx
    master_receive_test_it.o(.text.I2C_AppEventCallBack) refers to i2c_driver.o(.text.I2C_SendDone) for I2C_SendDone
    master_receive_test_it.o(.text.I2C_AppEventCallBack) refers to i2c_driver.o(.text.I2C_GenStop) for I2C_GenStop
    master_receive_test_it.o(.ARM.exidx.text.I2C_AppEventCallBack) refers to master_receive_test_it.o(.text.I2C_AppEventCallBack) for [Anonymous Symbol]
    i2c_driver.o(.ARM.exidx.text.I2C_CLK_CTRL) refers to i2c_driver.o(.text.I2C_CLK_CTRL) for [Anonymous Symbol]
    i2c_driver.o(.text.I2C_Init) refers to i2c_driver.o(.text.RCC_GetPCLK1_HZ) for RCC_GetPCLK1_HZ
    i2c_driver.o(.text.I2C_Init) refers to dflt_clz.o(x$fpl$dfltu) for __aeabi_ui2d
    i2c_driver.o(.text.I2C_Init) refers to dmul.o(x$fpl$dmul) for __aeabi_dmul
    i2c_driver.o(.text.I2C_Init) refers to daddsub_clz.o(x$fpl$dadd) for __aeabi_dadd
    i2c_driver.o(.text.I2C_Init) refers to dfix.o(x$fpl$dfix) for __aeabi_d2iz
    i2c_driver.o(.text.I2C_Init) refers to i2c_driver.o(.text.I2C_ENABLE) for I2C_ENABLE
    i2c_driver.o(.ARM.exidx.text.I2C_Init) refers to i2c_driver.o(.text.I2C_Init) for [Anonymous Symbol]
    i2c_driver.o(.text.RCC_GetPCLK1_HZ) refers to i2c_driver.o(.text.get_ClockFreq) for get_ClockFreq
    i2c_driver.o(.text.RCC_GetPCLK1_HZ) refers to i2c_driver.o(.text.get_AHPPrescalar) for get_AHPPrescalar
    i2c_driver.o(.text.RCC_GetPCLK1_HZ) refers to i2c_driver.o(.text.get_ABP1Prescalar) for get_ABP1Prescalar
    i2c_driver.o(.ARM.exidx.text.RCC_GetPCLK1_HZ) refers to i2c_driver.o(.text.RCC_GetPCLK1_HZ) for [Anonymous Symbol]
    i2c_driver.o(.ARM.exidx.text.I2C_ENABLE) refers to i2c_driver.o(.text.I2C_ENABLE) for [Anonymous Symbol]
    i2c_driver.o(.ARM.exidx.text.I2C_DeInit) refers to i2c_driver.o(.text.I2C_DeInit) for [Anonymous Symbol]
    i2c_driver.o(.text.I2CMasterSend) refers to i2c_driver.o(.text.I2C_GenStart) for I2C_GenStart
    i2c_driver.o(.text.I2CMasterSend) refers to i2c_driver.o(.text.GET_Status) for GET_Status
    i2c_driver.o(.text.I2CMasterSend) refers to i2c_driver.o(.text.I2C_WriteMode_Address) for I2C_WriteMode_Address
    i2c_driver.o(.text.I2CMasterSend) refers to i2c_driver.o(.text.I2C_GenStop) for I2C_GenStop
    i2c_driver.o(.ARM.exidx.text.I2CMasterSend) refers to i2c_driver.o(.text.I2CMasterSend) for [Anonymous Symbol]
    i2c_driver.o(.ARM.exidx.text.I2C_GenStart) refers to i2c_driver.o(.text.I2C_GenStart) for [Anonymous Symbol]
    i2c_driver.o(.ARM.exidx.text.GET_Status) refers to i2c_driver.o(.text.GET_Status) for [Anonymous Symbol]
    i2c_driver.o(.ARM.exidx.text.I2C_WriteMode_Address) refers to i2c_driver.o(.text.I2C_WriteMode_Address) for [Anonymous Symbol]
    i2c_driver.o(.ARM.exidx.text.I2C_GenStop) refers to i2c_driver.o(.text.I2C_GenStop) for [Anonymous Symbol]
    i2c_driver.o(.text.I2CMasterReceive) refers to i2c_driver.o(.text.I2C_GenStart) for I2C_GenStart
    i2c_driver.o(.text.I2CMasterReceive) refers to i2c_driver.o(.text.GET_Status) for GET_Status
    i2c_driver.o(.text.I2CMasterReceive) refers to i2c_driver.o(.text.I2C_ReadMode_Address) for I2C_ReadMode_Address
    i2c_driver.o(.text.I2CMasterReceive) refers to i2c_driver.o(.text.I2C_GenStop) for I2C_GenStop
    i2c_driver.o(.ARM.exidx.text.I2CMasterReceive) refers to i2c_driver.o(.text.I2CMasterReceive) for [Anonymous Symbol]
    i2c_driver.o(.ARM.exidx.text.I2C_ReadMode_Address) refers to i2c_driver.o(.text.I2C_ReadMode_Address) for [Anonymous Symbol]
    i2c_driver.o(.text.I2CMasterSendIT) refers to i2c_driver.o(.text.I2C_GenStart) for I2C_GenStart
    i2c_driver.o(.ARM.exidx.text.I2CMasterSendIT) refers to i2c_driver.o(.text.I2CMasterSendIT) for [Anonymous Symbol]
    i2c_driver.o(.text.I2CMasterReceiveIT) refers to i2c_driver.o(.text.I2C_GenStart) for I2C_GenStart
    i2c_driver.o(.ARM.exidx.text.I2CMasterReceiveIT) refers to i2c_driver.o(.text.I2CMasterReceiveIT) for [Anonymous Symbol]
    i2c_driver.o(.ARM.exidx.text.I2CSlaveSend) refers to i2c_driver.o(.text.I2CSlaveSend) for [Anonymous Symbol]
    i2c_driver.o(.ARM.exidx.text.I2CSlaveReceive) refers to i2c_driver.o(.text.I2CSlaveReceive) for [Anonymous Symbol]
    i2c_driver.o(.ARM.exidx.text.I2C_IRQConfig) refers to i2c_driver.o(.text.I2C_IRQConfig) for [Anonymous Symbol]
    i2c_driver.o(.ARM.exidx.text.I2C_IRQSetPriority) refers to i2c_driver.o(.text.I2C_IRQSetPriority) for [Anonymous Symbol]
    i2c_driver.o(.text.I2C_EV_IRQHandle) refers to i2c_driver.o(.text.I2C_WriteMode_Address) for I2C_WriteMode_Address
    i2c_driver.o(.text.I2C_EV_IRQHandle) refers to i2c_driver.o(.text.I2C_ReadMode_Address) for I2C_ReadMode_Address
    i2c_driver.o(.text.I2C_EV_IRQHandle) refers to i2c_driver.o(.text.I2C_ClearADDR) for I2C_ClearADDR
    i2c_driver.o(.text.I2C_EV_IRQHandle) refers to i2c_driver.o(.text.I2C_GenStop) for I2C_GenStop
    i2c_driver.o(.text.I2C_EV_IRQHandle) refers to i2c_driver.o(.text.I2C_SendDone) for I2C_SendDone
    i2c_driver.o(.text.I2C_EV_IRQHandle) refers to master_receive_test_it.o(.text.I2C_AppEventCallBack) for I2C_AppEventCallBack
    i2c_driver.o(.text.I2C_EV_IRQHandle) refers to i2c_driver.o(.text.I2C_ReceiveDone) for I2C_ReceiveDone
    i2c_driver.o(.ARM.exidx.text.I2C_EV_IRQHandle) refers to i2c_driver.o(.text.I2C_EV_IRQHandle) for [Anonymous Symbol]
    i2c_driver.o(.ARM.exidx.text.I2C_ClearADDR) refers to i2c_driver.o(.text.I2C_ClearADDR) for [Anonymous Symbol]
    i2c_driver.o(.ARM.exidx.text.I2C_SendDone) refers to i2c_driver.o(.text.I2C_SendDone) for [Anonymous Symbol]
    i2c_driver.o(.ARM.exidx.text.I2C_AppEventCallBack) refers to i2c_driver.o(.text.I2C_AppEventCallBack) for [Anonymous Symbol]
    i2c_driver.o(.ARM.exidx.text.I2C_ReceiveDone) refers to i2c_driver.o(.text.I2C_ReceiveDone) for [Anonymous Symbol]
    i2c_driver.o(.text.I2C_ER_IRQHandle) refers to master_receive_test_it.o(.text.I2C_AppEventCallBack) for I2C_AppEventCallBack
    i2c_driver.o(.ARM.exidx.text.I2C_ER_IRQHandle) refers to i2c_driver.o(.text.I2C_ER_IRQHandle) for [Anonymous Symbol]
    i2c_driver.o(.ARM.exidx.text.I2C_DISABLE) refers to i2c_driver.o(.text.I2C_DISABLE) for [Anonymous Symbol]
    i2c_driver.o(.ARM.exidx.text.get_ClockFreq) refers to i2c_driver.o(.text.get_ClockFreq) for [Anonymous Symbol]
    i2c_driver.o(.ARM.exidx.text.get_AHPPrescalar) refers to i2c_driver.o(.text.get_AHPPrescalar) for [Anonymous Symbol]
    i2c_driver.o(.ARM.exidx.text.get_ABP1Prescalar) refers to i2c_driver.o(.text.get_ABP1Prescalar) for [Anonymous Symbol]
    i2c_driver.o(.ARM.exidx.text.SET_SWRST) refers to i2c_driver.o(.text.SET_SWRST) for [Anonymous Symbol]
    i2c_driver.o(.ARM.exidx.text.RESET_SWRST) refers to i2c_driver.o(.text.RESET_SWRST) for [Anonymous Symbol]
    bsp.o(.text.Button_init) refers to gpio_driver.o(.text.GPIO_CLK_CTRL) for GPIO_CLK_CTRL
    bsp.o(.text.Button_init) refers to bsp.o(.bss.GPIOC_handle) for GPIOC_handle
    bsp.o(.text.Button_init) refers to gpio_driver.o(.text.GPIO_Init) for GPIO_Init
    bsp.o(.ARM.exidx.text.Button_init) refers to bsp.o(.text.Button_init) for [Anonymous Symbol]
    bsp.o(.ARM.exidx.text.delay) refers to bsp.o(.text.delay) for [Anonymous Symbol]
    bsp.o(.text.Button_status) refers to gpio_driver.o(.text.GPIO_PinRead) for GPIO_PinRead
    bsp.o(.ARM.exidx.text.Button_status) refers to bsp.o(.text.Button_status) for [Anonymous Symbol]
    bsp.o(.text.I2C1_GPIO_init) refers to bsp.o(.bss.GPIOB_handle) for GPIOB_handle
    bsp.o(.text.I2C1_GPIO_init) refers to i2c_driver.o(.text.I2C_CLK_CTRL) for I2C_CLK_CTRL
    bsp.o(.text.I2C1_GPIO_init) refers to bsp.o(.text.delay) for delay
    bsp.o(.text.I2C1_GPIO_init) refers to gpio_driver.o(.text.GPIO_CLK_CTRL) for GPIO_CLK_CTRL
    bsp.o(.text.I2C1_GPIO_init) refers to gpio_driver.o(.text.GPIO_Init) for GPIO_Init
    bsp.o(.ARM.exidx.text.I2C1_GPIO_init) refers to bsp.o(.text.I2C1_GPIO_init) for [Anonymous Symbol]
    bsp.o(.text.I2C1_master_TX_test) refers to bsp.o(.rodata.EmptyStruct) for EmptyStruct
    bsp.o(.text.I2C1_master_TX_test) refers to bsp.o(.bss.I2C1handle) for I2C1handle
    bsp.o(.text.I2C1_master_TX_test) refers to i2c_driver.o(.text.I2C_Init) for I2C_Init
    bsp.o(.text.I2C1_master_TX_test) refers to bsp.o(.rodata.str1.1) for .L__const.I2C1_master_TX_test.buffer
    bsp.o(.text.I2C1_master_TX_test) refers to rt_memcpy_v6.o(.text) for __aeabi_memcpy
    bsp.o(.text.I2C1_master_TX_test) refers to strlen.o(.text) for strlen
    bsp.o(.text.I2C1_master_TX_test) refers to i2c_driver.o(.text.I2CMasterSend) for I2CMasterSend
    bsp.o(.ARM.exidx.text.I2C1_master_TX_test) refers to bsp.o(.text.I2C1_master_TX_test) for [Anonymous Symbol]
    bsp.o(.text.I2C1_master_RX_test) refers to bsp.o(.rodata.EmptyStruct) for EmptyStruct
    bsp.o(.text.I2C1_master_RX_test) refers to bsp.o(.bss.I2C1handle) for I2C1handle
    bsp.o(.text.I2C1_master_RX_test) refers to i2c_driver.o(.text.I2C_Init) for I2C_Init
    bsp.o(.text.I2C1_master_RX_test) refers to i2c_driver.o(.text.I2CMasterSend) for I2CMasterSend
    bsp.o(.text.I2C1_master_RX_test) refers to i2c_driver.o(.text.I2CMasterReceive) for I2CMasterReceive
    bsp.o(.ARM.exidx.text.I2C1_master_RX_test) refers to bsp.o(.text.I2C1_master_RX_test) for [Anonymous Symbol]
    bsp.o(.text.I2C1_master_RX_test_IT) refers to bsp.o(.rodata.EmptyStruct) for EmptyStruct
    bsp.o(.text.I2C1_master_RX_test_IT) refers to bsp.o(.bss.I2C1handle) for I2C1handle
    bsp.o(.text.I2C1_master_RX_test_IT) refers to i2c_driver.o(.text.I2C_Init) for I2C_Init
    bsp.o(.text.I2C1_master_RX_test_IT) refers to i2c_driver.o(.text.I2C_IRQConfig) for I2C_IRQConfig
    bsp.o(.text.I2C1_master_RX_test_IT) refers to i2c_driver.o(.text.I2CMasterSendIT) for I2CMasterSendIT
    bsp.o(.text.I2C1_master_RX_test_IT) refers to i2c_driver.o(.text.I2C_SendDone) for I2C_SendDone
    bsp.o(.text.I2C1_master_RX_test_IT) refers to i2c_driver.o(.text.I2CMasterReceiveIT) for I2CMasterReceiveIT
    bsp.o(.text.I2C1_master_RX_test_IT) refers to i2c_driver.o(.text.I2C_ReceiveDone) for I2C_ReceiveDone
    bsp.o(.ARM.exidx.text.I2C1_master_RX_test_IT) refers to bsp.o(.text.I2C1_master_RX_test_IT) for [Anonymous Symbol]
    gpio_driver.o(.ARM.exidx.text.GPIO_CLK_CTRL) refers to gpio_driver.o(.text.GPIO_CLK_CTRL) for [Anonymous Symbol]
    gpio_driver.o(.ARM.exidx.text.GPIO_Init) refers to gpio_driver.o(.text.GPIO_Init) for [Anonymous Symbol]
    gpio_driver.o(.ARM.exidx.text.GPIO_DeInit) refers to gpio_driver.o(.text.GPIO_DeInit) for [Anonymous Symbol]
    gpio_driver.o(.ARM.exidx.text.GPIO_PinRead) refers to gpio_driver.o(.text.GPIO_PinRead) for [Anonymous Symbol]
    gpio_driver.o(.ARM.exidx.text.GPIO_PortRead) refers to gpio_driver.o(.text.GPIO_PortRead) for [Anonymous Symbol]
    gpio_driver.o(.ARM.exidx.text.GPIO_PinWrite) refers to gpio_driver.o(.text.GPIO_PinWrite) for [Anonymous Symbol]
    gpio_driver.o(.ARM.exidx.text.GPIO_PinToggle) refers to gpio_driver.o(.text.GPIO_PinToggle) for [Anonymous Symbol]
    gpio_driver.o(.ARM.exidx.text.GPIO_PortWrite) refers to gpio_driver.o(.text.GPIO_PortWrite) for [Anonymous Symbol]
    gpio_driver.o(.ARM.exidx.text.GPIO_IRQConfig) refers to gpio_driver.o(.text.GPIO_IRQConfig) for [Anonymous Symbol]
    gpio_driver.o(.ARM.exidx.text.GPIO_IRQSetPriority) refers to gpio_driver.o(.text.GPIO_IRQSetPriority) for [Anonymous Symbol]
    gpio_driver.o(.ARM.exidx.text.GPIO_IRQ_Handler) refers to gpio_driver.o(.text.GPIO_IRQ_Handler) for [Anonymous Symbol]
    startup_stm32f446xx.o(STACK) refers (Special) to heapauxi.o(.text) for __use_two_region_memory
    startup_stm32f446xx.o(HEAP) refers (Special) to heapauxi.o(.text) for __use_two_region_memory
    startup_stm32f446xx.o(RESET) refers (Special) to heapauxi.o(.text) for __use_two_region_memory
    startup_stm32f446xx.o(RESET) refers to startup_stm32f446xx.o(STACK) for __initial_sp
    startup_stm32f446xx.o(RESET) refers to startup_stm32f446xx.o(.text) for Reset_Handler
    startup_stm32f446xx.o(RESET) refers to master_receive_test_it.o(.text.I2C1_EV_IRQHandler) for I2C1_EV_IRQHandler
    startup_stm32f446xx.o(RESET) refers to master_receive_test_it.o(.text.I2C1_ER_IRQHandler) for I2C1_ER_IRQHandler
    startup_stm32f446xx.o(.text) refers (Special) to heapauxi.o(.text) for __use_two_region_memory
    startup_stm32f446xx.o(.text) refers to system_stm32f4xx.o(.text.SystemInit) for SystemInit
    startup_stm32f446xx.o(.text) refers to master_receive_test_it.o(.text.main) for main
    startup_stm32f446xx.o(.text) refers to startup_stm32f446xx.o(HEAP) for Heap_Mem
    startup_stm32f446xx.o(.text) refers to startup_stm32f446xx.o(STACK) for Stack_Mem
    system_stm32f4xx.o(.ARM.exidx.text.SystemInit) refers to system_stm32f4xx.o(.text.SystemInit) for [Anonymous Symbol]
    system_stm32f4xx.o(.text.SystemCoreClockUpdate) refers to system_stm32f4xx.o(.data.SystemCoreClock) for SystemCoreClock
    system_stm32f4xx.o(.text.SystemCoreClockUpdate) refers to system_stm32f4xx.o(.rodata.AHBPrescTable) for AHBPrescTable
    system_stm32f4xx.o(.ARM.exidx.text.SystemCoreClockUpdate) refers to system_stm32f4xx.o(.text.SystemCoreClockUpdate) for [Anonymous Symbol]
    rt_memcpy_v6.o(.text) refers to rt_memcpy_w.o(.text) for __aeabi_memcpy4
    __main.o(!!!main) refers to __rtentry.o(.ARM.Collect$$rtentry$$00000000) for __rt_entry
    daddsub_clz.o(x$fpl$dadd) refers (Special) to usenofp.o(x$fpl$usenofp) for __I$use$fp
    daddsub_clz.o(x$fpl$dadd) refers to daddsub_clz.o(x$fpl$dsub) for _dsub1
    daddsub_clz.o(x$fpl$dadd) refers to dretinf.o(x$fpl$dretinf) for __fpl_dretinf
    daddsub_clz.o(x$fpl$dadd) refers to dnaninf.o(x$fpl$dnaninf) for __fpl_dnaninf
    daddsub_clz.o(x$fpl$drsb) refers (Special) to usenofp.o(x$fpl$usenofp) for __I$use$fp
    daddsub_clz.o(x$fpl$drsb) refers to daddsub_clz.o(x$fpl$dadd) for _dadd1
    daddsub_clz.o(x$fpl$drsb) refers to daddsub_clz.o(x$fpl$dsub) for _dsub1
    daddsub_clz.o(x$fpl$dsub) refers (Special) to usenofp.o(x$fpl$usenofp) for __I$use$fp
    daddsub_clz.o(x$fpl$dsub) refers to daddsub_clz.o(x$fpl$dadd) for _dadd1
    daddsub_clz.o(x$fpl$dsub) refers to dnaninf.o(x$fpl$dnaninf) for __fpl_dnaninf
    dfix.o(x$fpl$dfix) refers (Special) to usenofp.o(x$fpl$usenofp) for __I$use$fp
    dfix.o(x$fpl$dfix) refers to dnaninf.o(x$fpl$dnaninf) for __fpl_dnaninf
    dfix.o(x$fpl$dfixr) refers (Special) to usenofp.o(x$fpl$usenofp) for __I$use$fp
    dfix.o(x$fpl$dfixr) refers to dnaninf.o(x$fpl$dnaninf) for __fpl_dnaninf
    dflt_clz.o(x$fpl$dfltu) refers (Special) to usenofp.o(x$fpl$usenofp) for __I$use$fp
    dflt_clz.o(x$fpl$dflt) refers (Special) to usenofp.o(x$fpl$usenofp) for __I$use$fp
    dflt_clz.o(x$fpl$dfltn) refers (Special) to usenofp.o(x$fpl$usenofp) for __I$use$fp
    dmul.o(x$fpl$dmul) refers (Special) to usenofp.o(x$fpl$usenofp) for __I$use$fp
    dmul.o(x$fpl$dmul) refers to dretinf.o(x$fpl$dretinf) for __fpl_dretinf
    dmul.o(x$fpl$dmul) refers to dnaninf.o(x$fpl$dnaninf) for __fpl_dnaninf
    __rtentry.o(.ARM.Collect$$rtentry$$00000000) refers (Special) to __rtentry2.o(.ARM.Collect$$rtentry$$0000000A) for __rt_entry_li
    __rtentry.o(.ARM.Collect$$rtentry$$00000000) refers (Special) to __rtentry2.o(.ARM.Collect$$rtentry$$0000000D) for __rt_entry_main
    __rtentry.o(.ARM.Collect$$rtentry$$00000000) refers (Special) to __rtentry2.o(.ARM.Collect$$rtentry$$0000000C) for __rt_entry_postli_1
    __rtentry.o(.ARM.Collect$$rtentry$$00000000) refers (Special) to __rtentry2.o(.ARM.Collect$$rtentry$$00000009) for __rt_entry_postsh_1
    __rtentry.o(.ARM.Collect$$rtentry$$00000000) refers (Special) to __rtentry2.o(.ARM.Collect$$rtentry$$00000002) for __rt_entry_presh_1
    __rtentry.o(.ARM.Collect$$rtentry$$00000000) refers (Special) to __rtentry4.o(.ARM.Collect$$rtentry$$00000004) for __rt_entry_sh
    dnaninf.o(x$fpl$dnaninf) refers (Special) to usenofp.o(x$fpl$usenofp) for __I$use$fp
    dretinf.o(x$fpl$dretinf) refers (Special) to usenofp.o(x$fpl$usenofp) for __I$use$fp
    __rtentry2.o(.ARM.Collect$$rtentry$$00000008) refers to boardinit2.o(.text) for _platform_post_stackheap_init
    __rtentry2.o(.ARM.Collect$$rtentry$$0000000A) refers to libinit.o(.ARM.Collect$$libinit$$00000000) for __rt_lib_init
    __rtentry2.o(.ARM.Collect$$rtentry$$0000000B) refers to boardinit3.o(.text) for _platform_post_lib_init
    __rtentry2.o(.ARM.Collect$$rtentry$$0000000D) refers to master_receive_test_it.o(.text.main) for main
    __rtentry2.o(.ARM.Collect$$rtentry$$0000000D) refers to exit.o(.text) for exit
    __rtentry2.o(.ARM.exidx) refers to __rtentry2.o(.ARM.Collect$$rtentry$$00000001) for .ARM.Collect$$rtentry$$00000001
    __rtentry2.o(.ARM.exidx) refers to __rtentry2.o(.ARM.Collect$$rtentry$$00000008) for .ARM.Collect$$rtentry$$00000008
    __rtentry2.o(.ARM.exidx) refers to __rtentry2.o(.ARM.Collect$$rtentry$$0000000A) for .ARM.Collect$$rtentry$$0000000A
    __rtentry2.o(.ARM.exidx) refers to __rtentry2.o(.ARM.Collect$$rtentry$$0000000B) for .ARM.Collect$$rtentry$$0000000B
    __rtentry2.o(.ARM.exidx) refers to __rtentry2.o(.ARM.Collect$$rtentry$$0000000D) for .ARM.Collect$$rtentry$$0000000D
    __rtentry4.o(.ARM.Collect$$rtentry$$00000004) refers to sys_stackheap_outer.o(.text) for __user_setup_stackheap
    __rtentry4.o(.ARM.exidx) refers to __rtentry4.o(.ARM.Collect$$rtentry$$00000004) for .ARM.Collect$$rtentry$$00000004
    sys_stackheap_outer.o(.text) refers to libspace.o(.text) for __user_perproc_libspace
    sys_stackheap_outer.o(.text) refers to startup_stm32f446xx.o(.text) for __user_initial_stackheap
    exit.o(.text) refers to rtexit.o(.ARM.Collect$$rtexit$$00000000) for __rt_exit
    libinit.o(.ARM.Collect$$libinit$$00000000) refers (Special) to libinit2.o(.ARM.Collect$$libinit$$0000002E) for __rt_lib_init_alloca_1
    libinit.o(.ARM.Collect$$libinit$$00000000) refers (Special) to libinit2.o(.ARM.Collect$$libinit$$0000002C) for __rt_lib_init_argv_1
    libinit.o(.ARM.Collect$$libinit$$00000000) refers (Special) to libinit2.o(.ARM.Collect$$libinit$$0000001B) for __rt_lib_init_atexit_1
    libinit.o(.ARM.Collect$$libinit$$00000000) refers (Special) to libinit2.o(.ARM.Collect$$libinit$$00000021) for __rt_lib_init_clock_1
    libinit.o(.ARM.Collect$$libinit$$00000000) refers (Special) to libinit2.o(.ARM.Collect$$libinit$$00000032) for __rt_lib_init_cpp_1
    libinit.o(.ARM.Collect$$libinit$$00000000) refers (Special) to libinit2.o(.ARM.Collect$$libinit$$00000030) for __rt_lib_init_exceptions_1
    libinit.o(.ARM.Collect$$libinit$$00000000) refers (Special) to libinit2.o(.ARM.Collect$$libinit$$00000001) for __rt_lib_init_fp_1
    libinit.o(.ARM.Collect$$libinit$$00000000) refers (Special) to libinit2.o(.ARM.Collect$$libinit$$0000001F) for __rt_lib_init_fp_trap_1
    libinit.o(.ARM.Collect$$libinit$$00000000) refers (Special) to libinit2.o(.ARM.Collect$$libinit$$00000023) for __rt_lib_init_getenv_1
    libinit.o(.ARM.Collect$$libinit$$00000000) refers (Special) to libinit2.o(.ARM.Collect$$libinit$$0000000A) for __rt_lib_init_heap_1
    libinit.o(.ARM.Collect$$libinit$$00000000) refers (Special) to libinit2.o(.ARM.Collect$$libinit$$00000011) for __rt_lib_init_lc_collate_1
    libinit.o(.ARM.Collect$$libinit$$00000000) refers (Special) to libinit2.o(.ARM.Collect$$libinit$$00000013) for __rt_lib_init_lc_ctype_1
    libinit.o(.ARM.Collect$$libinit$$00000000) refers (Special) to libinit2.o(.ARM.Collect$$libinit$$00000015) for __rt_lib_init_lc_monetary_1
    libinit.o(.ARM.Collect$$libinit$$00000000) refers (Special) to libinit2.o(.ARM.Collect$$libinit$$00000017) for __rt_lib_init_lc_numeric_1
    libinit.o(.ARM.Collect$$libinit$$00000000) refers (Special) to libinit2.o(.ARM.Collect$$libinit$$00000019) for __rt_lib_init_lc_time_1
    libinit.o(.ARM.Collect$$libinit$$00000000) refers (Special) to libinit2.o(.ARM.Collect$$libinit$$00000004) for __rt_lib_init_preinit_1
    libinit.o(.ARM.Collect$$libinit$$00000000) refers (Special) to libinit2.o(.ARM.Collect$$libinit$$0000000E) for __rt_lib_init_rand_1
    libinit.o(.ARM.Collect$$libinit$$00000000) refers (Special) to libinit2.o(.ARM.Collect$$libinit$$00000033) for __rt_lib_init_return
    libinit.o(.ARM.Collect$$libinit$$00000000) refers (Special) to libinit2.o(.ARM.Collect$$libinit$$0000001D) for __rt_lib_init_signal_1
    libinit.o(.ARM.Collect$$libinit$$00000000) refers (Special) to libinit2.o(.ARM.Collect$$libinit$$00000025) for __rt_lib_init_stdio_1
    libinit.o(.ARM.Collect$$libinit$$00000000) refers (Special) to libinit2.o(.ARM.Collect$$libinit$$0000000C) for __rt_lib_init_user_alloc_1
    libspace.o(.text) refers to libspace.o(.bss) for __libspace_start
    rtexit.o(.ARM.Collect$$rtexit$$00000000) refers (Special) to rtexit2.o(.ARM.Collect$$rtexit$$00000004) for __rt_exit_exit
    rtexit.o(.ARM.Collect$$rtexit$$00000000) refers (Special) to rtexit2.o(.ARM.Collect$$rtexit$$00000003) for __rt_exit_ls
    rtexit.o(.ARM.Collect$$rtexit$$00000000) refers (Special) to rtexit2.o(.ARM.Collect$$rtexit$$00000002) for __rt_exit_prels_1
    rtexit.o(.ARM.exidx) refers (Special) to rtexit2.o(.ARM.Collect$$rtexit$$00000004) for __rt_exit_exit
    rtexit.o(.ARM.exidx) refers (Special) to rtexit2.o(.ARM.Collect$$rtexit$$00000003) for __rt_exit_ls
    rtexit.o(.ARM.exidx) refers (Special) to rtexit2.o(.ARM.Collect$$rtexit$$00000002) for __rt_exit_prels_1
    rtexit.o(.ARM.exidx) refers to rtexit.o(.ARM.Collect$$rtexit$$00000000) for .ARM.Collect$$rtexit$$00000000
    libinit2.o(.ARM.Collect$$libinit$$00000001) refers to fpinit.o(x$fpl$fpinit) for _fp_init
    libinit2.o(.ARM.Collect$$libinit$$00000010) refers to libinit2.o(.ARM.Collect$$libinit$$0000000F) for .ARM.Collect$$libinit$$0000000F
    libinit2.o(.ARM.Collect$$libinit$$00000012) refers to libinit2.o(.ARM.Collect$$libinit$$0000000F) for .ARM.Collect$$libinit$$0000000F
    libinit2.o(.ARM.Collect$$libinit$$00000014) refers to libinit2.o(.ARM.Collect$$libinit$$0000000F) for .ARM.Collect$$libinit$$0000000F
    libinit2.o(.ARM.Collect$$libinit$$00000016) refers to libinit2.o(.ARM.Collect$$libinit$$0000000F) for .ARM.Collect$$libinit$$0000000F
    libinit2.o(.ARM.Collect$$libinit$$00000018) refers to libinit2.o(.ARM.Collect$$libinit$$0000000F) for .ARM.Collect$$libinit$$0000000F
    libinit2.o(.ARM.Collect$$libinit$$00000026) refers to argv_veneer.o(.emb_text) for __ARM_argv_veneer
    libinit2.o(.ARM.Collect$$libinit$$00000027) refers to argv_veneer.o(.emb_text) for __ARM_argv_veneer
    rtexit2.o(.ARM.Collect$$rtexit$$00000003) refers to libshutdown.o(.ARM.Collect$$libshutdown$$00000000) for __rt_lib_shutdown
    rtexit2.o(.ARM.Collect$$rtexit$$00000004) refers to sys_exit.o(.text) for _sys_exit
    rtexit2.o(.ARM.exidx) refers to rtexit2.o(.ARM.Collect$$rtexit$$00000001) for .ARM.Collect$$rtexit$$00000001
    rtexit2.o(.ARM.exidx) refers to rtexit2.o(.ARM.Collect$$rtexit$$00000003) for .ARM.Collect$$rtexit$$00000003
    rtexit2.o(.ARM.exidx) refers to rtexit2.o(.ARM.Collect$$rtexit$$00000004) for .ARM.Collect$$rtexit$$00000004
    argv_veneer.o(.emb_text) refers to no_argv.o(.text) for __ARM_get_argv
    sys_exit.o(.text) refers (Special) to use_no_semi.o(.text) for __I$use$semihosting
    sys_exit.o(.text) refers (Special) to indicate_semi.o(.text) for __semihosting_library_function
    sys_exit_hlt.o(.text) refers (Special) to use_no_semi.o(.text) for __I$use$semihosting
    sys_exit_hlt.o(.text) refers (Special) to indicate_semi.o(.text) for __semihosting_library_function
    _get_argv_nomalloc.o(.text) refers (Special) to hrguard.o(.text) for __heap_region$guard
    _get_argv_nomalloc.o(.text) refers to defsig_rtmem_outer.o(.text) for __rt_SIGRTMEM
    _get_argv_nomalloc.o(.text) refers to sys_command.o(.text) for _sys_command_string
    libshutdown.o(.ARM.Collect$$libshutdown$$00000000) refers (Special) to libshutdown2.o(.ARM.Collect$$libshutdown$$00000002) for __rt_lib_shutdown_cpp_1
    libshutdown.o(.ARM.Collect$$libshutdown$$00000000) refers (Special) to libshutdown2.o(.ARM.Collect$$libshutdown$$00000007) for __rt_lib_shutdown_fp_trap_1
    libshutdown.o(.ARM.Collect$$libshutdown$$00000000) refers (Special) to libshutdown2.o(.ARM.Collect$$libshutdown$$0000000F) for __rt_lib_shutdown_heap_1
    libshutdown.o(.ARM.Collect$$libshutdown$$00000000) refers (Special) to libshutdown2.o(.ARM.Collect$$libshutdown$$00000010) for __rt_lib_shutdown_return
    libshutdown.o(.ARM.Collect$$libshutdown$$00000000) refers (Special) to libshutdown2.o(.ARM.Collect$$libshutdown$$0000000A) for __rt_lib_shutdown_signal_1
    libshutdown.o(.ARM.Collect$$libshutdown$$00000000) refers (Special) to libshutdown2.o(.ARM.Collect$$libshutdown$$00000004) for __rt_lib_shutdown_stdio_1
    libshutdown.o(.ARM.Collect$$libshutdown$$00000000) refers (Special) to libshutdown2.o(.ARM.Collect$$libshutdown$$0000000C) for __rt_lib_shutdown_user_alloc_1
    sys_command.o(.text) refers (Special) to use_no_semi.o(.text) for __I$use$semihosting
    sys_command.o(.text) refers (Special) to indicate_semi.o(.text) for __semihosting_library_function
    sys_command_hlt.o(.text) refers (Special) to use_no_semi.o(.text) for __I$use$semihosting
    sys_command_hlt.o(.text) refers (Special) to indicate_semi.o(.text) for __semihosting_library_function
    defsig_rtmem_outer.o(.text) refers to defsig_rtmem_inner.o(.text) for __rt_SIGRTMEM_inner
    defsig_rtmem_outer.o(.text) refers to defsig_exit.o(.text) for __sig_exit
    defsig_rtmem_formal.o(.text) refers to rt_raise.o(.text) for __rt_raise
    rt_raise.o(.text) refers to __raise.o(.text) for __raise
    rt_raise.o(.text) refers to sys_exit.o(.text) for _sys_exit
    defsig_exit.o(.text) refers to sys_exit.o(.text) for _sys_exit
    defsig_rtmem_inner.o(.text) refers to defsig_general.o(.text) for __default_signal_display
    __raise.o(.text) refers to defsig.o(CL$$defsig) for __default_signal_handler
    defsig_general.o(.text) refers to sys_wrch.o(.text) for _ttywrch
    sys_wrch.o(.text) refers (Special) to use_no_semi.o(.text) for __I$use$semihosting
    sys_wrch.o(.text) refers (Special) to indicate_semi.o(.text) for __semihosting_library_function
    sys_wrch_hlt.o(.text) refers (Special) to use_no_semi.o(.text) for __I$use$semihosting
    sys_wrch_hlt.o(.text) refers (Special) to indicate_semi.o(.text) for __semihosting_library_function
    defsig.o(CL$$defsig) refers to defsig_rtmem_inner.o(.text) for __rt_SIGRTMEM_inner
    defsig_abrt_inner.o(.text) refers to defsig_general.o(.text) for __default_signal_display
    defsig_fpe_inner.o(.text) refers to defsig_general.o(.text) for __default_signal_display
    defsig_rtred_inner.o(.text) refers to defsig_general.o(.text) for __default_signal_display
    defsig_stak_inner.o(.text) refers to defsig_general.o(.text) for __default_signal_display
    defsig_pvfn_inner.o(.text) refers to defsig_general.o(.text) for __default_signal_display
    defsig_cppl_inner.o(.text) refers to defsig_general.o(.text) for __default_signal_display
    defsig_segv_inner.o(.text) refers to defsig_general.o(.text) for __default_signal_display
    defsig_other.o(.text) refers to defsig_general.o(.text) for __default_signal_display


==============================================================================

Removing Unused input sections from the image.

    Removing master_receive_test_it.o(.text), (0 bytes).
    Removing master_receive_test_it.o(.ARM.exidx.text.main), (8 bytes).
    Removing master_receive_test_it.o(.ARM.exidx.text.I2C1_EV_IRQHandler), (8 bytes).
    Removing master_receive_test_it.o(.ARM.exidx.text.I2C1_ER_IRQHandler), (8 bytes).
    Removing master_receive_test_it.o(.ARM.exidx.text.I2C_AppEventCallBack), (8 bytes).
    Removing master_receive_test_it.o(.ARM.use_no_argv), (4 bytes).
    Removing i2c_driver.o(.text), (0 bytes).
    Removing i2c_driver.o(.ARM.exidx.text.I2C_CLK_CTRL), (8 bytes).
    Removing i2c_driver.o(.ARM.exidx.text.I2C_Init), (8 bytes).
    Removing i2c_driver.o(.ARM.exidx.text.RCC_GetPCLK1_HZ), (8 bytes).
    Removing i2c_driver.o(.ARM.exidx.text.I2C_ENABLE), (8 bytes).
    Removing i2c_driver.o(.text.I2C_DeInit), (138 bytes).
    Removing i2c_driver.o(.ARM.exidx.text.I2C_DeInit), (8 bytes).
    Removing i2c_driver.o(.text.I2CMasterSend), (218 bytes).
    Removing i2c_driver.o(.ARM.exidx.text.I2CMasterSend), (8 bytes).
    Removing i2c_driver.o(.ARM.exidx.text.I2C_GenStart), (8 bytes).
    Removing i2c_driver.o(.text.GET_Status), (42 bytes).
    Removing i2c_driver.o(.ARM.exidx.text.GET_Status), (8 bytes).
    Removing i2c_driver.o(.ARM.exidx.text.I2C_WriteMode_Address), (8 bytes).
    Removing i2c_driver.o(.ARM.exidx.text.I2C_GenStop), (8 bytes).
    Removing i2c_driver.o(.text.I2CMasterReceive), (312 bytes).
    Removing i2c_driver.o(.ARM.exidx.text.I2CMasterReceive), (8 bytes).
    Removing i2c_driver.o(.ARM.exidx.text.I2C_ReadMode_Address), (8 bytes).
    Removing i2c_driver.o(.ARM.exidx.text.I2CMasterSendIT), (8 bytes).
    Removing i2c_driver.o(.ARM.exidx.text.I2CMasterReceiveIT), (8 bytes).
    Removing i2c_driver.o(.text.I2CSlaveSend), (20 bytes).
    Removing i2c_driver.o(.ARM.exidx.text.I2CSlaveSend), (8 bytes).
    Removing i2c_driver.o(.text.I2CSlaveReceive), (14 bytes).
    Removing i2c_driver.o(.ARM.exidx.text.I2CSlaveReceive), (8 bytes).
    Removing i2c_driver.o(.ARM.exidx.text.I2C_IRQConfig), (8 bytes).
    Removing i2c_driver.o(.text.I2C_IRQSetPriority), (38 bytes).
    Removing i2c_driver.o(.ARM.exidx.text.I2C_IRQSetPriority), (8 bytes).
    Removing i2c_driver.o(.ARM.exidx.text.I2C_EV_IRQHandle), (8 bytes).
    Removing i2c_driver.o(.ARM.exidx.text.I2C_ClearADDR), (8 bytes).
    Removing i2c_driver.o(.ARM.exidx.text.I2C_SendDone), (8 bytes).
    Removing i2c_driver.o(.text.I2C_AppEventCallBack), (16 bytes).
    Removing i2c_driver.o(.ARM.exidx.text.I2C_AppEventCallBack), (8 bytes).
    Removing i2c_driver.o(.ARM.exidx.text.I2C_ReceiveDone), (8 bytes).
    Removing i2c_driver.o(.ARM.exidx.text.I2C_ER_IRQHandle), (8 bytes).
    Removing i2c_driver.o(.text.I2C_DISABLE), (18 bytes).
    Removing i2c_driver.o(.ARM.exidx.text.I2C_DISABLE), (8 bytes).
    Removing i2c_driver.o(.ARM.exidx.text.get_ClockFreq), (8 bytes).
    Removing i2c_driver.o(.ARM.exidx.text.get_AHPPrescalar), (8 bytes).
    Removing i2c_driver.o(.ARM.exidx.text.get_ABP1Prescalar), (8 bytes).
    Removing i2c_driver.o(.text.SET_SWRST), (18 bytes).
    Removing i2c_driver.o(.ARM.exidx.text.SET_SWRST), (8 bytes).
    Removing i2c_driver.o(.text.RESET_SWRST), (18 bytes).
    Removing i2c_driver.o(.ARM.exidx.text.RESET_SWRST), (8 bytes).
    Removing bsp.o(.text), (0 bytes).
    Removing bsp.o(.ARM.exidx.text.Button_init), (8 bytes).
    Removing bsp.o(.ARM.exidx.text.delay), (8 bytes).
    Removing bsp.o(.ARM.exidx.text.Button_status), (8 bytes).
    Removing bsp.o(.ARM.exidx.text.I2C1_GPIO_init), (8 bytes).
    Removing bsp.o(.text.I2C1_master_TX_test), (170 bytes).
    Removing bsp.o(.ARM.exidx.text.I2C1_master_TX_test), (8 bytes).
    Removing bsp.o(.text.I2C1_master_RX_test), (208 bytes).
    Removing bsp.o(.ARM.exidx.text.I2C1_master_RX_test), (8 bytes).
    Removing bsp.o(.ARM.exidx.text.I2C1_master_RX_test_IT), (8 bytes).
    Removing bsp.o(.rodata.str1.1), (24 bytes).
    Removing gpio_driver.o(.text), (0 bytes).
    Removing gpio_driver.o(.ARM.exidx.text.GPIO_CLK_CTRL), (8 bytes).
    Removing gpio_driver.o(.ARM.exidx.text.GPIO_Init), (8 bytes).
    Removing gpio_driver.o(.text.GPIO_DeInit), (444 bytes).
    Removing gpio_driver.o(.ARM.exidx.text.GPIO_DeInit), (8 bytes).
    Removing gpio_driver.o(.ARM.exidx.text.GPIO_PinRead), (8 bytes).
    Removing gpio_driver.o(.text.GPIO_PortRead), (20 bytes).
    Removing gpio_driver.o(.ARM.exidx.text.GPIO_PortRead), (8 bytes).
    Removing gpio_driver.o(.text.GPIO_PinWrite), (66 bytes).
    Removing gpio_driver.o(.ARM.exidx.text.GPIO_PinWrite), (8 bytes).
    Removing gpio_driver.o(.text.GPIO_PinToggle), (30 bytes).
    Removing gpio_driver.o(.ARM.exidx.text.GPIO_PinToggle), (8 bytes).
    Removing gpio_driver.o(.text.GPIO_PortWrite), (20 bytes).
    Removing gpio_driver.o(.ARM.exidx.text.GPIO_PortWrite), (8 bytes).
    Removing gpio_driver.o(.text.GPIO_IRQConfig), (332 bytes).
    Removing gpio_driver.o(.ARM.exidx.text.GPIO_IRQConfig), (8 bytes).
    Removing gpio_driver.o(.text.GPIO_IRQSetPriority), (38 bytes).
    Removing gpio_driver.o(.ARM.exidx.text.GPIO_IRQSetPriority), (8 bytes).
    Removing gpio_driver.o(.text.GPIO_IRQ_Handler), (58 bytes).
    Removing gpio_driver.o(.ARM.exidx.text.GPIO_IRQ_Handler), (8 bytes).
    Removing system_stm32f4xx.o(.text), (0 bytes).
    Removing system_stm32f4xx.o(.ARM.exidx.text.SystemInit), (8 bytes).
    Removing system_stm32f4xx.o(.text.SystemCoreClockUpdate), (302 bytes).
    Removing system_stm32f4xx.o(.ARM.exidx.text.SystemCoreClockUpdate), (8 bytes).
    Removing system_stm32f4xx.o(.data.SystemCoreClock), (4 bytes).
    Removing system_stm32f4xx.o(.rodata.AHBPrescTable), (16 bytes).
    Removing system_stm32f4xx.o(.rodata.APBPrescTable), (8 bytes).

86 unused section(s) (total 3028 bytes) removed from the image.

==============================================================================

Image Symbol Table

    Local Symbols

    Symbol Name                              Value     Ov Type        Size  Object(Section)

    ../clib/angel/boardlib.s                 0x00000000   Number         0  boardinit1.o ABSOLUTE
    ../clib/angel/boardlib.s                 0x00000000   Number         0  boardinit2.o ABSOLUTE
    ../clib/angel/boardlib.s                 0x00000000   Number         0  boardinit3.o ABSOLUTE
    ../clib/angel/boardlib.s                 0x00000000   Number         0  boardshut.o ABSOLUTE
    ../clib/angel/handlers.s                 0x00000000   Number         0  __scatter_zi.o ABSOLUTE
    ../clib/angel/kernel.s                   0x00000000   Number         0  __rtentry.o ABSOLUTE
    ../clib/angel/kernel.s                   0x00000000   Number         0  __rtentry2.o ABSOLUTE
    ../clib/angel/kernel.s                   0x00000000   Number         0  __rtentry4.o ABSOLUTE
    ../clib/angel/kernel.s                   0x00000000   Number         0  rtexit.o ABSOLUTE
    ../clib/angel/kernel.s                   0x00000000   Number         0  rtexit2.o ABSOLUTE
    ../clib/angel/rt.s                       0x00000000   Number         0  rt_raise.o ABSOLUTE
    ../clib/angel/scatter.s                  0x00000000   Number         0  __scatter.o ABSOLUTE
    ../clib/angel/startup.s                  0x00000000   Number         0  __main.o ABSOLUTE
    ../clib/angel/sys.s                      0x00000000   Number         0  sys_stackheap_outer.o ABSOLUTE
    ../clib/angel/sys.s                      0x00000000   Number         0  libspace.o ABSOLUTE
    ../clib/angel/sys.s                      0x00000000   Number         0  use_no_semi.o ABSOLUTE
    ../clib/angel/sys.s                      0x00000000   Number         0  indicate_semi.o ABSOLUTE
    ../clib/angel/sysapp.c                   0x00000000   Number         0  sys_exit.o ABSOLUTE
    ../clib/angel/sysapp.c                   0x00000000   Number         0  sys_exit_hlt.o ABSOLUTE
    ../clib/angel/sysapp.c                   0x00000000   Number         0  sys_command.o ABSOLUTE
    ../clib/angel/sysapp.c                   0x00000000   Number         0  sys_command_hlt.o ABSOLUTE
    ../clib/angel/sysapp.c                   0x00000000   Number         0  sys_wrch.o ABSOLUTE
    ../clib/angel/sysapp.c                   0x00000000   Number         0  sys_wrch_hlt.o ABSOLUTE
    ../clib/armsys.c                         0x00000000   Number         0  argv_veneer.o ABSOLUTE
    ../clib/armsys.c                         0x00000000   Number         0  argv_veneer.o ABSOLUTE
    ../clib/armsys.c                         0x00000000   Number         0  _get_argv_nomalloc.o ABSOLUTE
    ../clib/armsys.c                         0x00000000   Number         0  no_argv.o ABSOLUTE
    ../clib/heapalloc.c                      0x00000000   Number         0  hrguard.o ABSOLUTE
    ../clib/heapaux.c                        0x00000000   Number         0  heapauxi.o ABSOLUTE
    ../clib/libinit.s                        0x00000000   Number         0  libinit.o ABSOLUTE
    ../clib/libinit.s                        0x00000000   Number         0  libinit2.o ABSOLUTE
    ../clib/libinit.s                        0x00000000   Number         0  libshutdown.o ABSOLUTE
    ../clib/libinit.s                        0x00000000   Number         0  libshutdown2.o ABSOLUTE
    ../clib/memcpset.s                       0x00000000   Number         0  rt_memcpy_v6.o ABSOLUTE
    ../clib/memcpset.s                       0x00000000   Number         0  rt_memcpy_w.o ABSOLUTE
    ../clib/signal.c                         0x00000000   Number         0  defsig_rtmem_outer.o ABSOLUTE
    ../clib/signal.c                         0x00000000   Number         0  defsig_rtmem_formal.o ABSOLUTE
    ../clib/signal.c                         0x00000000   Number         0  defsig_exit.o ABSOLUTE
    ../clib/signal.c                         0x00000000   Number         0  defsig_rtmem_inner.o ABSOLUTE
    ../clib/signal.c                         0x00000000   Number         0  __raise.o ABSOLUTE
    ../clib/signal.c                         0x00000000   Number         0  defsig_general.o ABSOLUTE
    ../clib/signal.c                         0x00000000   Number         0  defsig_abrt_inner.o ABSOLUTE
    ../clib/signal.c                         0x00000000   Number         0  defsig_fpe_inner.o ABSOLUTE
    ../clib/signal.c                         0x00000000   Number         0  defsig_rtred_inner.o ABSOLUTE
    ../clib/signal.c                         0x00000000   Number         0  defsig_stak_inner.o ABSOLUTE
    ../clib/signal.c                         0x00000000   Number         0  defsig_pvfn_inner.o ABSOLUTE
    ../clib/signal.c                         0x00000000   Number         0  defsig_cppl_inner.o ABSOLUTE
    ../clib/signal.c                         0x00000000   Number         0  defsig_segv_inner.o ABSOLUTE
    ../clib/signal.c                         0x00000000   Number         0  defsig_other.o ABSOLUTE
    ../clib/signal.s                         0x00000000   Number         0  defsig.o ABSOLUTE
    ../clib/stdlib.c                         0x00000000   Number         0  exit.o ABSOLUTE
    ../clib/string.c                         0x00000000   Number         0  strlen.o ABSOLUTE
    ../fplib/daddsub.s                       0x00000000   Number         0  daddsub_clz.o ABSOLUTE
    ../fplib/dfix.s                          0x00000000   Number         0  dfix.o ABSOLUTE
    ../fplib/dflt.s                          0x00000000   Number         0  dflt_clz.o ABSOLUTE
    ../fplib/dmul.s                          0x00000000   Number         0  dmul.o ABSOLUTE
    ../fplib/dnaninf.s                       0x00000000   Number         0  dnaninf.o ABSOLUTE
    ../fplib/dretinf.s                       0x00000000   Number         0  dretinf.o ABSOLUTE
    ../fplib/fpinit.s                        0x00000000   Number         0  fpinit.o ABSOLUTE
    ../fplib/usenofp.s                       0x00000000   Number         0  usenofp.o ABSOLUTE
    I2C_Driver.c                             0x00000000   Number         0  i2c_driver.o ABSOLUTE
    Master_Receive_Test_IT.c                 0x00000000   Number         0  master_receive_test_it.o ABSOLUTE
    RTE/Device/STM32F446RETx/startup_stm32f446xx.s 0x00000000   Number         0  startup_stm32f446xx.o ABSOLUTE
    bsp.c                                    0x00000000   Number         0  bsp.o ABSOLUTE
    dc.s                                     0x00000000   Number         0  dc.o ABSOLUTE
    gpio_driver.c                            0x00000000   Number         0  gpio_driver.o ABSOLUTE
    system_stm32f4xx.c                       0x00000000   Number         0  system_stm32f4xx.o ABSOLUTE
    RESET                                    0x08000000   Section      452  startup_stm32f446xx.o(RESET)
    !!!main                                  0x080001c4   Section        8  __main.o(!!!main)
    !!!scatter                               0x080001cc   Section       52  __scatter.o(!!!scatter)
    !!handler_zi                             0x08000200   Section       28  __scatter_zi.o(!!handler_zi)
    .ARM.Collect$$libinit$$00000000          0x0800021c   Section        2  libinit.o(.ARM.Collect$$libinit$$00000000)
    .ARM.Collect$$libinit$$00000001          0x0800021e   Section        4  libinit2.o(.ARM.Collect$$libinit$$00000001)
    .ARM.Collect$$libinit$$00000004          0x08000222   Section        0  libinit2.o(.ARM.Collect$$libinit$$00000004)
    .ARM.Collect$$libinit$$0000000A          0x08000222   Section        0  libinit2.o(.ARM.Collect$$libinit$$0000000A)
    .ARM.Collect$$libinit$$0000000C          0x08000222   Section        0  libinit2.o(.ARM.Collect$$libinit$$0000000C)
    .ARM.Collect$$libinit$$0000000E          0x08000222   Section        0  libinit2.o(.ARM.Collect$$libinit$$0000000E)
    .ARM.Collect$$libinit$$00000011          0x08000222   Section        0  libinit2.o(.ARM.Collect$$libinit$$00000011)
    .ARM.Collect$$libinit$$00000013          0x08000222   Section        0  libinit2.o(.ARM.Collect$$libinit$$00000013)
    .ARM.Collect$$libinit$$00000015          0x08000222   Section        0  libinit2.o(.ARM.Collect$$libinit$$00000015)
    .ARM.Collect$$libinit$$00000017          0x08000222   Section        0  libinit2.o(.ARM.Collect$$libinit$$00000017)
    .ARM.Collect$$libinit$$00000019          0x08000222   Section        0  libinit2.o(.ARM.Collect$$libinit$$00000019)
    .ARM.Collect$$libinit$$0000001B          0x08000222   Section        0  libinit2.o(.ARM.Collect$$libinit$$0000001B)
    .ARM.Collect$$libinit$$0000001D          0x08000222   Section        0  libinit2.o(.ARM.Collect$$libinit$$0000001D)
    .ARM.Collect$$libinit$$0000001F          0x08000222   Section        0  libinit2.o(.ARM.Collect$$libinit$$0000001F)
    .ARM.Collect$$libinit$$00000021          0x08000222   Section        0  libinit2.o(.ARM.Collect$$libinit$$00000021)
    .ARM.Collect$$libinit$$00000023          0x08000222   Section        0  libinit2.o(.ARM.Collect$$libinit$$00000023)
    .ARM.Collect$$libinit$$00000025          0x08000222   Section        0  libinit2.o(.ARM.Collect$$libinit$$00000025)
    .ARM.Collect$$libinit$$0000002C          0x08000222   Section        0  libinit2.o(.ARM.Collect$$libinit$$0000002C)
    .ARM.Collect$$libinit$$0000002E          0x08000222   Section        0  libinit2.o(.ARM.Collect$$libinit$$0000002E)
    .ARM.Collect$$libinit$$00000030          0x08000222   Section        0  libinit2.o(.ARM.Collect$$libinit$$00000030)
    .ARM.Collect$$libinit$$00000032          0x08000222   Section        0  libinit2.o(.ARM.Collect$$libinit$$00000032)
    .ARM.Collect$$libinit$$00000033          0x08000222   Section        2  libinit2.o(.ARM.Collect$$libinit$$00000033)
    .ARM.Collect$$libshutdown$$00000000      0x08000224   Section        2  libshutdown.o(.ARM.Collect$$libshutdown$$00000000)
    .ARM.Collect$$libshutdown$$00000002      0x08000226   Section        0  libshutdown2.o(.ARM.Collect$$libshutdown$$00000002)
    .ARM.Collect$$libshutdown$$00000004      0x08000226   Section        0  libshutdown2.o(.ARM.Collect$$libshutdown$$00000004)
    .ARM.Collect$$libshutdown$$00000007      0x08000226   Section        0  libshutdown2.o(.ARM.Collect$$libshutdown$$00000007)
    .ARM.Collect$$libshutdown$$0000000A      0x08000226   Section        0  libshutdown2.o(.ARM.Collect$$libshutdown$$0000000A)
    .ARM.Collect$$libshutdown$$0000000C      0x08000226   Section        0  libshutdown2.o(.ARM.Collect$$libshutdown$$0000000C)
    .ARM.Collect$$libshutdown$$0000000F      0x08000226   Section        0  libshutdown2.o(.ARM.Collect$$libshutdown$$0000000F)
    .ARM.Collect$$libshutdown$$00000010      0x08000226   Section        2  libshutdown2.o(.ARM.Collect$$libshutdown$$00000010)
    .ARM.Collect$$rtentry$$00000000          0x08000228   Section        0  __rtentry.o(.ARM.Collect$$rtentry$$00000000)
    .ARM.Collect$$rtentry$$00000002          0x08000228   Section        0  __rtentry2.o(.ARM.Collect$$rtentry$$00000002)
    .ARM.Collect$$rtentry$$00000004          0x08000228   Section        6  __rtentry4.o(.ARM.Collect$$rtentry$$00000004)
    .ARM.Collect$$rtentry$$00000009          0x0800022e   Section        0  __rtentry2.o(.ARM.Collect$$rtentry$$00000009)
    .ARM.Collect$$rtentry$$0000000A          0x0800022e   Section        4  __rtentry2.o(.ARM.Collect$$rtentry$$0000000A)
    .ARM.Collect$$rtentry$$0000000C          0x08000232   Section        0  __rtentry2.o(.ARM.Collect$$rtentry$$0000000C)
    .ARM.Collect$$rtentry$$0000000D          0x08000232   Section        8  __rtentry2.o(.ARM.Collect$$rtentry$$0000000D)
    .ARM.Collect$$rtexit$$00000000           0x0800023a   Section        2  rtexit.o(.ARM.Collect$$rtexit$$00000000)
    .ARM.Collect$$rtexit$$00000002           0x0800023c   Section        0  rtexit2.o(.ARM.Collect$$rtexit$$00000002)
    .ARM.Collect$$rtexit$$00000003           0x0800023c   Section        4  rtexit2.o(.ARM.Collect$$rtexit$$00000003)
    .ARM.Collect$$rtexit$$00000004           0x08000240   Section        6  rtexit2.o(.ARM.Collect$$rtexit$$00000004)
    $v0                                      0x08000248   Number         0  startup_stm32f446xx.o(.text)
    .text                                    0x08000248   Section       64  startup_stm32f446xx.o(.text)
    .text                                    0x08000288   Section        0  heapauxi.o(.text)
    .text                                    0x0800028e   Section       74  sys_stackheap_outer.o(.text)
    .text                                    0x080002d8   Section        0  exit.o(.text)
    .text                                    0x080002ec   Section        8  libspace.o(.text)
    .text                                    0x080002f4   Section        0  sys_exit.o(.text)
    .text                                    0x08000300   Section        2  use_no_semi.o(.text)
    .text                                    0x08000302   Section        0  indicate_semi.o(.text)
    [Anonymous Symbol]                       0x08000304   Section        0  bsp.o(.text.Button_init)
    [Anonymous Symbol]                       0x08000340   Section        0  bsp.o(.text.Button_status)
    [Anonymous Symbol]                       0x08000364   Section        0  gpio_driver.o(.text.GPIO_CLK_CTRL)
    [Anonymous Symbol]                       0x080005b8   Section        0  gpio_driver.o(.text.GPIO_Init)
    [Anonymous Symbol]                       0x080008cc   Section        0  gpio_driver.o(.text.GPIO_PinRead)
    [Anonymous Symbol]                       0x080008f0   Section        0  master_receive_test_it.o(.text.I2C1_ER_IRQHandler)
    [Anonymous Symbol]                       0x08000900   Section        0  master_receive_test_it.o(.text.I2C1_EV_IRQHandler)
    [Anonymous Symbol]                       0x08000910   Section        0  bsp.o(.text.I2C1_GPIO_init)
    [Anonymous Symbol]                       0x080009a8   Section        0  bsp.o(.text.I2C1_master_RX_test_IT)
    [Anonymous Symbol]                       0x08000b04   Section        0  i2c_driver.o(.text.I2CMasterReceiveIT)
    [Anonymous Symbol]                       0x08000b9c   Section        0  i2c_driver.o(.text.I2CMasterSendIT)
    [Anonymous Symbol]                       0x08000c2c   Section        0  master_receive_test_it.o(.text.I2C_AppEventCallBack)
    [Anonymous Symbol]                       0x08000ccc   Section        0  i2c_driver.o(.text.I2C_CLK_CTRL)
    I2C_ClearADDR                            0x08000dbd   Thumb Code    98  i2c_driver.o(.text.I2C_ClearADDR)
    [Anonymous Symbol]                       0x08000dbc   Section        0  i2c_driver.o(.text.I2C_ClearADDR)
    [Anonymous Symbol]                       0x08000e20   Section        0  i2c_driver.o(.text.I2C_ENABLE)
    [Anonymous Symbol]                       0x08000e34   Section        0  i2c_driver.o(.text.I2C_ER_IRQHandle)
    [Anonymous Symbol]                       0x08000f30   Section        0  i2c_driver.o(.text.I2C_EV_IRQHandle)
    [Anonymous Symbol]                       0x080011b4   Section        0  i2c_driver.o(.text.I2C_GenStart)
    [Anonymous Symbol]                       0x080011c8   Section        0  i2c_driver.o(.text.I2C_GenStop)
    [Anonymous Symbol]                       0x080011dc   Section        0  i2c_driver.o(.text.I2C_IRQConfig)
    [Anonymous Symbol]                       0x08001328   Section        0  i2c_driver.o(.text.I2C_Init)
    I2C_ReadMode_Address                     0x08001529   Thumb Code    42  i2c_driver.o(.text.I2C_ReadMode_Address)
    [Anonymous Symbol]                       0x08001528   Section        0  i2c_driver.o(.text.I2C_ReadMode_Address)
    [Anonymous Symbol]                       0x08001554   Section        0  i2c_driver.o(.text.I2C_ReceiveDone)
    [Anonymous Symbol]                       0x080015a0   Section        0  i2c_driver.o(.text.I2C_SendDone)
    I2C_WriteMode_Address                    0x080015e9   Thumb Code    42  i2c_driver.o(.text.I2C_WriteMode_Address)
    [Anonymous Symbol]                       0x080015e8   Section        0  i2c_driver.o(.text.I2C_WriteMode_Address)
    [Anonymous Symbol]                       0x08001614   Section        0  i2c_driver.o(.text.RCC_GetPCLK1_HZ)
    [Anonymous Symbol]                       0x08001640   Section        0  system_stm32f4xx.o(.text.SystemInit)
    [Anonymous Symbol]                       0x08001654   Section        0  bsp.o(.text.delay)
    [Anonymous Symbol]                       0x08001670   Section        0  i2c_driver.o(.text.get_ABP1Prescalar)
    [Anonymous Symbol]                       0x080016d0   Section        0  i2c_driver.o(.text.get_AHPPrescalar)
    [Anonymous Symbol]                       0x08001774   Section        0  i2c_driver.o(.text.get_ClockFreq)
    [Anonymous Symbol]                       0x080017d4   Section        0  master_receive_test_it.o(.text.main)
    $v0                                      0x08001804   Number         0  daddsub_clz.o(x$fpl$dadd)
    x$fpl$dadd                               0x08001804   Section      336  daddsub_clz.o(x$fpl$dadd)
    _dadd1                                   0x08001815   Thumb Code     0  daddsub_clz.o(x$fpl$dadd)
    $v0                                      0x08001954   Number         0  dfix.o(x$fpl$dfix)
    x$fpl$dfix                               0x08001954   Section       94  dfix.o(x$fpl$dfix)
    $v0                                      0x080019b2   Number         0  dflt_clz.o(x$fpl$dfltu)
    x$fpl$dfltu                              0x080019b2   Section       38  dflt_clz.o(x$fpl$dfltu)
    $v0                                      0x080019d8   Number         0  dmul.o(x$fpl$dmul)
    x$fpl$dmul                               0x080019d8   Section      340  dmul.o(x$fpl$dmul)
    $v0                                      0x08001b2c   Number         0  dnaninf.o(x$fpl$dnaninf)
    x$fpl$dnaninf                            0x08001b2c   Section      156  dnaninf.o(x$fpl$dnaninf)
    $v0                                      0x08001bc8   Number         0  dretinf.o(x$fpl$dretinf)
    x$fpl$dretinf                            0x08001bc8   Section       12  dretinf.o(x$fpl$dretinf)
    $v0                                      0x08001bd4   Number         0  daddsub_clz.o(x$fpl$dsub)
    x$fpl$dsub                               0x08001bd4   Section      476  daddsub_clz.o(x$fpl$dsub)
    _dsub1                                   0x08001be5   Thumb Code     0  daddsub_clz.o(x$fpl$dsub)
    $v0                                      0x08001db0   Number         0  fpinit.o(x$fpl$fpinit)
    x$fpl$fpinit                             0x08001db0   Section       26  fpinit.o(x$fpl$fpinit)
    x$fpl$usenofp                            0x08001dca   Section        0  usenofp.o(x$fpl$usenofp)
    EmptyStruct                              0x08001dcc   Data          44  bsp.o(.rodata.EmptyStruct)
    [Anonymous Symbol]                       0x08001dcc   Section        0  bsp.o(.rodata.EmptyStruct)
    .bss                                     0x20000000   Section       96  libspace.o(.bss)
    Heap_Mem                                 0x200000d0   Data         512  startup_stm32f446xx.o(HEAP)
    HEAP                                     0x200000d0   Section      512  startup_stm32f446xx.o(HEAP)
    Stack_Mem                                0x200002d0   Data        1024  startup_stm32f446xx.o(STACK)
    STACK                                    0x200002d0   Section     1024  startup_stm32f446xx.o(STACK)
    __initial_sp                             0x200006d0   Data           0  startup_stm32f446xx.o(STACK)

    Global Symbols

    Symbol Name                              Value     Ov Type        Size  Object(Section)

    BuildAttributes$$THM_ISAv4$E$P$D$K$B$S$7EM$VFPi3$EXTD16$VFPS$VFMA$PE$A:L22UL41UL21$X:L11$S22US41US21$IEEE1$IW$~IW$USESV6$~STKCKD$USESV7$~SHL$OSPACE$ROPI$EBA8$UX$STANDARDLIB$REQ8$PRES8$EABIv2 0x00000000   Number         0  anon$$obj.o ABSOLUTE
    __ARM_exceptions_init                     - Undefined Weak Reference
    __alloca_initialize                       - Undefined Weak Reference
    __arm_preinit_                            - Undefined Weak Reference
    __cpp_initialize__aeabi_                  - Undefined Weak Reference
    __cxa_finalize                            - Undefined Weak Reference
    __rt_locale                               - Undefined Weak Reference
    __sigvec_lookup                           - Undefined Weak Reference
    _atexit_init                              - Undefined Weak Reference
    _call_atexit_fns                          - Undefined Weak Reference
    _clock_init                               - Undefined Weak Reference
    _fp_trap_init                             - Undefined Weak Reference
    _fp_trap_shutdown                         - Undefined Weak Reference
    _get_lc_collate                           - Undefined Weak Reference
    _get_lc_ctype                             - Undefined Weak Reference
    _get_lc_monetary                          - Undefined Weak Reference
    _get_lc_numeric                           - Undefined Weak Reference
    _get_lc_time                              - Undefined Weak Reference
    _getenv_init                              - Undefined Weak Reference
    _handle_redirection                       - Undefined Weak Reference
    _init_alloc                               - Undefined Weak Reference
    _init_user_alloc                          - Undefined Weak Reference
    _initio                                   - Undefined Weak Reference
    _rand_init                                - Undefined Weak Reference
    _signal_finish                            - Undefined Weak Reference
    _signal_init                              - Undefined Weak Reference
    _terminate_alloc                          - Undefined Weak Reference
    _terminate_user_alloc                     - Undefined Weak Reference
    _terminateio                              - Undefined Weak Reference
    __Vectors_Size                           0x000001c4   Number         0  startup_stm32f446xx.o ABSOLUTE
    __Vectors                                0x08000000   Data           4  startup_stm32f446xx.o(RESET)
    __Vectors_End                            0x080001c4   Data           0  startup_stm32f446xx.o(RESET)
    __main                                   0x080001c5   Thumb Code     8  __main.o(!!!main)
    __scatterload                            0x080001cd   Thumb Code     0  __scatter.o(!!!scatter)
    __scatterload_rt2                        0x080001cd   Thumb Code    44  __scatter.o(!!!scatter)
    __scatterload_rt2_thumb_only             0x080001cd   Thumb Code     0  __scatter.o(!!!scatter)
    __scatterload_null                       0x080001db   Thumb Code     0  __scatter.o(!!!scatter)
    __scatterload_zeroinit                   0x08000201   Thumb Code    28  __scatter_zi.o(!!handler_zi)
    __rt_lib_init                            0x0800021d   Thumb Code     0  libinit.o(.ARM.Collect$$libinit$$00000000)
    __rt_lib_init_fp_1                       0x0800021f   Thumb Code     0  libinit2.o(.ARM.Collect$$libinit$$00000001)
    __rt_lib_init_alloca_1                   0x08000223   Thumb Code     0  libinit2.o(.ARM.Collect$$libinit$$0000002E)
    __rt_lib_init_argv_1                     0x08000223   Thumb Code     0  libinit2.o(.ARM.Collect$$libinit$$0000002C)
    __rt_lib_init_atexit_1                   0x08000223   Thumb Code     0  libinit2.o(.ARM.Collect$$libinit$$0000001B)
    __rt_lib_init_clock_1                    0x08000223   Thumb Code     0  libinit2.o(.ARM.Collect$$libinit$$00000021)
    __rt_lib_init_cpp_1                      0x08000223   Thumb Code     0  libinit2.o(.ARM.Collect$$libinit$$00000032)
    __rt_lib_init_exceptions_1               0x08000223   Thumb Code     0  libinit2.o(.ARM.Collect$$libinit$$00000030)
    __rt_lib_init_fp_trap_1                  0x08000223   Thumb Code     0  libinit2.o(.ARM.Collect$$libinit$$0000001F)
    __rt_lib_init_getenv_1                   0x08000223   Thumb Code     0  libinit2.o(.ARM.Collect$$libinit$$00000023)
    __rt_lib_init_heap_1                     0x08000223   Thumb Code     0  libinit2.o(.ARM.Collect$$libinit$$0000000A)
    __rt_lib_init_lc_collate_1               0x08000223   Thumb Code     0  libinit2.o(.ARM.Collect$$libinit$$00000011)
    __rt_lib_init_lc_ctype_1                 0x08000223   Thumb Code     0  libinit2.o(.ARM.Collect$$libinit$$00000013)
    __rt_lib_init_lc_monetary_1              0x08000223   Thumb Code     0  libinit2.o(.ARM.Collect$$libinit$$00000015)
    __rt_lib_init_lc_numeric_1               0x08000223   Thumb Code     0  libinit2.o(.ARM.Collect$$libinit$$00000017)
    __rt_lib_init_lc_time_1                  0x08000223   Thumb Code     0  libinit2.o(.ARM.Collect$$libinit$$00000019)
    __rt_lib_init_preinit_1                  0x08000223   Thumb Code     0  libinit2.o(.ARM.Collect$$libinit$$00000004)
    __rt_lib_init_rand_1                     0x08000223   Thumb Code     0  libinit2.o(.ARM.Collect$$libinit$$0000000E)
    __rt_lib_init_return                     0x08000223   Thumb Code     0  libinit2.o(.ARM.Collect$$libinit$$00000033)
    __rt_lib_init_signal_1                   0x08000223   Thumb Code     0  libinit2.o(.ARM.Collect$$libinit$$0000001D)
    __rt_lib_init_stdio_1                    0x08000223   Thumb Code     0  libinit2.o(.ARM.Collect$$libinit$$00000025)
    __rt_lib_init_user_alloc_1               0x08000223   Thumb Code     0  libinit2.o(.ARM.Collect$$libinit$$0000000C)
    __rt_lib_shutdown                        0x08000225   Thumb Code     0  libshutdown.o(.ARM.Collect$$libshutdown$$00000000)
    __rt_lib_shutdown_cpp_1                  0x08000227   Thumb Code     0  libshutdown2.o(.ARM.Collect$$libshutdown$$00000002)
    __rt_lib_shutdown_fp_trap_1              0x08000227   Thumb Code     0  libshutdown2.o(.ARM.Collect$$libshutdown$$00000007)
    __rt_lib_shutdown_heap_1                 0x08000227   Thumb Code     0  libshutdown2.o(.ARM.Collect$$libshutdown$$0000000F)
    __rt_lib_shutdown_return                 0x08000227   Thumb Code     0  libshutdown2.o(.ARM.Collect$$libshutdown$$00000010)
    __rt_lib_shutdown_signal_1               0x08000227   Thumb Code     0  libshutdown2.o(.ARM.Collect$$libshutdown$$0000000A)
    __rt_lib_shutdown_stdio_1                0x08000227   Thumb Code     0  libshutdown2.o(.ARM.Collect$$libshutdown$$00000004)
    __rt_lib_shutdown_user_alloc_1           0x08000227   Thumb Code     0  libshutdown2.o(.ARM.Collect$$libshutdown$$0000000C)
    __rt_entry                               0x08000229   Thumb Code     0  __rtentry.o(.ARM.Collect$$rtentry$$00000000)
    __rt_entry_presh_1                       0x08000229   Thumb Code     0  __rtentry2.o(.ARM.Collect$$rtentry$$00000002)
    __rt_entry_sh                            0x08000229   Thumb Code     0  __rtentry4.o(.ARM.Collect$$rtentry$$00000004)
    __rt_entry_li                            0x0800022f   Thumb Code     0  __rtentry2.o(.ARM.Collect$$rtentry$$0000000A)
    __rt_entry_postsh_1                      0x0800022f   Thumb Code     0  __rtentry2.o(.ARM.Collect$$rtentry$$00000009)
    __rt_entry_main                          0x08000233   Thumb Code     0  __rtentry2.o(.ARM.Collect$$rtentry$$0000000D)
    __rt_entry_postli_1                      0x08000233   Thumb Code     0  __rtentry2.o(.ARM.Collect$$rtentry$$0000000C)
    __rt_exit                                0x0800023b   Thumb Code     0  rtexit.o(.ARM.Collect$$rtexit$$00000000)
    __rt_exit_ls                             0x0800023d   Thumb Code     0  rtexit2.o(.ARM.Collect$$rtexit$$00000003)
    __rt_exit_prels_1                        0x0800023d   Thumb Code     0  rtexit2.o(.ARM.Collect$$rtexit$$00000002)
    __rt_exit_exit                           0x08000241   Thumb Code     0  rtexit2.o(.ARM.Collect$$rtexit$$00000004)
    Reset_Handler                            0x08000249   Thumb Code     8  startup_stm32f446xx.o(.text)
    NMI_Handler                              0x08000251   Thumb Code     2  startup_stm32f446xx.o(.text)
    HardFault_Handler                        0x08000253   Thumb Code     2  startup_stm32f446xx.o(.text)
    MemManage_Handler                        0x08000255   Thumb Code     2  startup_stm32f446xx.o(.text)
    BusFault_Handler                         0x08000257   Thumb Code     2  startup_stm32f446xx.o(.text)
    UsageFault_Handler                       0x08000259   Thumb Code     2  startup_stm32f446xx.o(.text)
    SVC_Handler                              0x0800025b   Thumb Code     2  startup_stm32f446xx.o(.text)
    DebugMon_Handler                         0x0800025d   Thumb Code     2  startup_stm32f446xx.o(.text)
    PendSV_Handler                           0x0800025f   Thumb Code     2  startup_stm32f446xx.o(.text)
    SysTick_Handler                          0x08000261   Thumb Code     2  startup_stm32f446xx.o(.text)
    ADC_IRQHandler                           0x08000263   Thumb Code     0  startup_stm32f446xx.o(.text)
    CAN1_RX0_IRQHandler                      0x08000263   Thumb Code     0  startup_stm32f446xx.o(.text)
    CAN1_RX1_IRQHandler                      0x08000263   Thumb Code     0  startup_stm32f446xx.o(.text)
    CAN1_SCE_IRQHandler                      0x08000263   Thumb Code     0  startup_stm32f446xx.o(.text)
    CAN1_TX_IRQHandler                       0x08000263   Thumb Code     0  startup_stm32f446xx.o(.text)
    CAN2_RX0_IRQHandler                      0x08000263   Thumb Code     0  startup_stm32f446xx.o(.text)
    CAN2_RX1_IRQHandler                      0x08000263   Thumb Code     0  startup_stm32f446xx.o(.text)
    CAN2_SCE_IRQHandler                      0x08000263   Thumb Code     0  startup_stm32f446xx.o(.text)
    CAN2_TX_IRQHandler                       0x08000263   Thumb Code     0  startup_stm32f446xx.o(.text)
    CEC_IRQHandler                           0x08000263   Thumb Code     0  startup_stm32f446xx.o(.text)
    DCMI_IRQHandler                          0x08000263   Thumb Code     0  startup_stm32f446xx.o(.text)
    DMA1_Stream0_IRQHandler                  0x08000263   Thumb Code     0  startup_stm32f446xx.o(.text)
    DMA1_Stream1_IRQHandler                  0x08000263   Thumb Code     0  startup_stm32f446xx.o(.text)
    DMA1_Stream2_IRQHandler                  0x08000263   Thumb Code     0  startup_stm32f446xx.o(.text)
    DMA1_Stream3_IRQHandler                  0x08000263   Thumb Code     0  startup_stm32f446xx.o(.text)
    DMA1_Stream4_IRQHandler                  0x08000263   Thumb Code     0  startup_stm32f446xx.o(.text)
    DMA1_Stream5_IRQHandler                  0x08000263   Thumb Code     0  startup_stm32f446xx.o(.text)
    DMA1_Stream6_IRQHandler                  0x08000263   Thumb Code     0  startup_stm32f446xx.o(.text)
    DMA1_Stream7_IRQHandler                  0x08000263   Thumb Code     0  startup_stm32f446xx.o(.text)
    DMA2_Stream0_IRQHandler                  0x08000263   Thumb Code     0  startup_stm32f446xx.o(.text)
    DMA2_Stream1_IRQHandler                  0x08000263   Thumb Code     0  startup_stm32f446xx.o(.text)
    DMA2_Stream2_IRQHandler                  0x08000263   Thumb Code     0  startup_stm32f446xx.o(.text)
    DMA2_Stream3_IRQHandler                  0x08000263   Thumb Code     0  startup_stm32f446xx.o(.text)
    DMA2_Stream4_IRQHandler                  0x08000263   Thumb Code     0  startup_stm32f446xx.o(.text)
    DMA2_Stream5_IRQHandler                  0x08000263   Thumb Code     0  startup_stm32f446xx.o(.text)
    DMA2_Stream6_IRQHandler                  0x08000263   Thumb Code     0  startup_stm32f446xx.o(.text)
    DMA2_Stream7_IRQHandler                  0x08000263   Thumb Code     0  startup_stm32f446xx.o(.text)
    EXTI0_IRQHandler                         0x08000263   Thumb Code     0  startup_stm32f446xx.o(.text)
    EXTI15_10_IRQHandler                     0x08000263   Thumb Code     0  startup_stm32f446xx.o(.text)
    EXTI1_IRQHandler                         0x08000263   Thumb Code     0  startup_stm32f446xx.o(.text)
    EXTI2_IRQHandler                         0x08000263   Thumb Code     0  startup_stm32f446xx.o(.text)
    EXTI3_IRQHandler                         0x08000263   Thumb Code     0  startup_stm32f446xx.o(.text)
    EXTI4_IRQHandler                         0x08000263   Thumb Code     0  startup_stm32f446xx.o(.text)
    EXTI9_5_IRQHandler                       0x08000263   Thumb Code     0  startup_stm32f446xx.o(.text)
    FLASH_IRQHandler                         0x08000263   Thumb Code     0  startup_stm32f446xx.o(.text)
    FMC_IRQHandler                           0x08000263   Thumb Code     0  startup_stm32f446xx.o(.text)
    FMPI2C1_ER_IRQHandler                    0x08000263   Thumb Code     0  startup_stm32f446xx.o(.text)
    FMPI2C1_EV_IRQHandler                    0x08000263   Thumb Code     0  startup_stm32f446xx.o(.text)
    FPU_IRQHandler                           0x08000263   Thumb Code     0  startup_stm32f446xx.o(.text)
    I2C2_ER_IRQHandler                       0x08000263   Thumb Code     0  startup_stm32f446xx.o(.text)
    I2C2_EV_IRQHandler                       0x08000263   Thumb Code     0  startup_stm32f446xx.o(.text)
    I2C3_ER_IRQHandler                       0x08000263   Thumb Code     0  startup_stm32f446xx.o(.text)
    I2C3_EV_IRQHandler                       0x08000263   Thumb Code     0  startup_stm32f446xx.o(.text)
    OTG_FS_IRQHandler                        0x08000263   Thumb Code     0  startup_stm32f446xx.o(.text)
    OTG_FS_WKUP_IRQHandler                   0x08000263   Thumb Code     0  startup_stm32f446xx.o(.text)
    OTG_HS_EP1_IN_IRQHandler                 0x08000263   Thumb Code     0  startup_stm32f446xx.o(.text)
    OTG_HS_EP1_OUT_IRQHandler                0x08000263   Thumb Code     0  startup_stm32f446xx.o(.text)
    OTG_HS_IRQHandler                        0x08000263   Thumb Code     0  startup_stm32f446xx.o(.text)
    OTG_HS_WKUP_IRQHandler                   0x08000263   Thumb Code     0  startup_stm32f446xx.o(.text)
    PVD_IRQHandler                           0x08000263   Thumb Code     0  startup_stm32f446xx.o(.text)
    QUADSPI_IRQHandler                       0x08000263   Thumb Code     0  startup_stm32f446xx.o(.text)
    RCC_IRQHandler                           0x08000263   Thumb Code     0  startup_stm32f446xx.o(.text)
    RTC_Alarm_IRQHandler                     0x08000263   Thumb Code     0  startup_stm32f446xx.o(.text)
    RTC_WKUP_IRQHandler                      0x08000263   Thumb Code     0  startup_stm32f446xx.o(.text)
    SAI1_IRQHandler                          0x08000263   Thumb Code     0  startup_stm32f446xx.o(.text)
    SAI2_IRQHandler                          0x08000263   Thumb Code     0  startup_stm32f446xx.o(.text)
    SDIO_IRQHandler                          0x08000263   Thumb Code     0  startup_stm32f446xx.o(.text)
    SPDIF_RX_IRQHandler                      0x08000263   Thumb Code     0  startup_stm32f446xx.o(.text)
    SPI1_IRQHandler                          0x08000263   Thumb Code     0  startup_stm32f446xx.o(.text)
    SPI2_IRQHandler                          0x08000263   Thumb Code     0  startup_stm32f446xx.o(.text)
    SPI3_IRQHandler                          0x08000263   Thumb Code     0  startup_stm32f446xx.o(.text)
    SPI4_IRQHandler                          0x08000263   Thumb Code     0  startup_stm32f446xx.o(.text)
    TAMP_STAMP_IRQHandler                    0x08000263   Thumb Code     0  startup_stm32f446xx.o(.text)
    TIM1_BRK_TIM9_IRQHandler                 0x08000263   Thumb Code     0  startup_stm32f446xx.o(.text)
    TIM1_CC_IRQHandler                       0x08000263   Thumb Code     0  startup_stm32f446xx.o(.text)
    TIM1_TRG_COM_TIM11_IRQHandler            0x08000263   Thumb Code     0  startup_stm32f446xx.o(.text)
    TIM1_UP_TIM10_IRQHandler                 0x08000263   Thumb Code     0  startup_stm32f446xx.o(.text)
    TIM2_IRQHandler                          0x08000263   Thumb Code     0  startup_stm32f446xx.o(.text)
    TIM3_IRQHandler                          0x08000263   Thumb Code     0  startup_stm32f446xx.o(.text)
    TIM4_IRQHandler                          0x08000263   Thumb Code     0  startup_stm32f446xx.o(.text)
    TIM5_IRQHandler                          0x08000263   Thumb Code     0  startup_stm32f446xx.o(.text)
    TIM6_DAC_IRQHandler                      0x08000263   Thumb Code     0  startup_stm32f446xx.o(.text)
    TIM7_IRQHandler                          0x08000263   Thumb Code     0  startup_stm32f446xx.o(.text)
    TIM8_BRK_TIM12_IRQHandler                0x08000263   Thumb Code     0  startup_stm32f446xx.o(.text)
    TIM8_CC_IRQHandler                       0x08000263   Thumb Code     0  startup_stm32f446xx.o(.text)
    TIM8_TRG_COM_TIM14_IRQHandler            0x08000263   Thumb Code     0  startup_stm32f446xx.o(.text)
    TIM8_UP_TIM13_IRQHandler                 0x08000263   Thumb Code     0  startup_stm32f446xx.o(.text)
    UART4_IRQHandler                         0x08000263   Thumb Code     0  startup_stm32f446xx.o(.text)
    UART5_IRQHandler                         0x08000263   Thumb Code     0  startup_stm32f446xx.o(.text)
    USART1_IRQHandler                        0x08000263   Thumb Code     0  startup_stm32f446xx.o(.text)
    USART2_IRQHandler                        0x08000263   Thumb Code     0  startup_stm32f446xx.o(.text)
    USART3_IRQHandler                        0x08000263   Thumb Code     0  startup_stm32f446xx.o(.text)
    USART6_IRQHandler                        0x08000263   Thumb Code     0  startup_stm32f446xx.o(.text)
    WWDG_IRQHandler                          0x08000263   Thumb Code     0  startup_stm32f446xx.o(.text)
    __user_initial_stackheap                 0x08000265   Thumb Code     0  startup_stm32f446xx.o(.text)
    __use_two_region_memory                  0x08000289   Thumb Code     2  heapauxi.o(.text)
    __rt_heap_escrow$2region                 0x0800028b   Thumb Code     2  heapauxi.o(.text)
    __rt_heap_expand$2region                 0x0800028d   Thumb Code     2  heapauxi.o(.text)
    __user_setup_stackheap                   0x0800028f   Thumb Code    74  sys_stackheap_outer.o(.text)
    exit                                     0x080002d9   Thumb Code    18  exit.o(.text)
    __user_libspace                          0x080002ed   Thumb Code     8  libspace.o(.text)
    __user_perproc_libspace                  0x080002ed   Thumb Code     0  libspace.o(.text)
    __user_perthread_libspace                0x080002ed   Thumb Code     0  libspace.o(.text)
    _sys_exit                                0x080002f5   Thumb Code     8  sys_exit.o(.text)
    __I$use$semihosting                      0x08000301   Thumb Code     0  use_no_semi.o(.text)
    __use_no_semihosting_swi                 0x08000301   Thumb Code     2  use_no_semi.o(.text)
    __semihosting_library_function           0x08000303   Thumb Code     0  indicate_semi.o(.text)
    Button_init                              0x08000305   Thumb Code    60  bsp.o(.text.Button_init)
    Button_status                            0x08000341   Thumb Code    36  bsp.o(.text.Button_status)
    GPIO_CLK_CTRL                            0x08000365   Thumb Code   596  gpio_driver.o(.text.GPIO_CLK_CTRL)
    GPIO_Init                                0x080005b9   Thumb Code   788  gpio_driver.o(.text.GPIO_Init)
    GPIO_PinRead                             0x080008cd   Thumb Code    34  gpio_driver.o(.text.GPIO_PinRead)
    I2C1_ER_IRQHandler                       0x080008f1   Thumb Code    16  master_receive_test_it.o(.text.I2C1_ER_IRQHandler)
    I2C1_EV_IRQHandler                       0x08000901   Thumb Code    16  master_receive_test_it.o(.text.I2C1_EV_IRQHandler)
    I2C1_GPIO_init                           0x08000911   Thumb Code   150  bsp.o(.text.I2C1_GPIO_init)
    I2C1_master_RX_test_IT                   0x080009a9   Thumb Code   346  bsp.o(.text.I2C1_master_RX_test_IT)
    I2CMasterReceiveIT                       0x08000b05   Thumb Code   150  i2c_driver.o(.text.I2CMasterReceiveIT)
    I2CMasterSendIT                          0x08000b9d   Thumb Code   144  i2c_driver.o(.text.I2CMasterSendIT)
    I2C_AppEventCallBack                     0x08000c2d   Thumb Code   158  master_receive_test_it.o(.text.I2C_AppEventCallBack)
    I2C_CLK_CTRL                             0x08000ccd   Thumb Code   238  i2c_driver.o(.text.I2C_CLK_CTRL)
    I2C_ENABLE                               0x08000e21   Thumb Code    18  i2c_driver.o(.text.I2C_ENABLE)
    I2C_ER_IRQHandle                         0x08000e35   Thumb Code   252  i2c_driver.o(.text.I2C_ER_IRQHandle)
    I2C_EV_IRQHandle                         0x08000f31   Thumb Code   642  i2c_driver.o(.text.I2C_EV_IRQHandle)
    I2C_GenStart                             0x080011b5   Thumb Code    18  i2c_driver.o(.text.I2C_GenStart)
    I2C_GenStop                              0x080011c9   Thumb Code    18  i2c_driver.o(.text.I2C_GenStop)
    I2C_IRQConfig                            0x080011dd   Thumb Code   332  i2c_driver.o(.text.I2C_IRQConfig)
    I2C_Init                                 0x08001329   Thumb Code   512  i2c_driver.o(.text.I2C_Init)
    I2C_ReceiveDone                          0x08001555   Thumb Code    74  i2c_driver.o(.text.I2C_ReceiveDone)
    I2C_SendDone                             0x080015a1   Thumb Code    70  i2c_driver.o(.text.I2C_SendDone)
    RCC_GetPCLK1_HZ                          0x08001615   Thumb Code    44  i2c_driver.o(.text.RCC_GetPCLK1_HZ)
    SystemInit                               0x08001641   Thumb Code    18  system_stm32f4xx.o(.text.SystemInit)
    delay                                    0x08001655   Thumb Code    26  bsp.o(.text.delay)
    get_ABP1Prescalar                        0x08001671   Thumb Code    96  i2c_driver.o(.text.get_ABP1Prescalar)
    get_AHPPrescalar                         0x080016d1   Thumb Code   164  i2c_driver.o(.text.get_AHPPrescalar)
    get_ClockFreq                            0x08001775   Thumb Code    94  i2c_driver.o(.text.get_ClockFreq)
    main                                     0x080017d5   Thumb Code    48  master_receive_test_it.o(.text.main)
    __aeabi_dadd                             0x08001805   Thumb Code     0  daddsub_clz.o(x$fpl$dadd)
    _dadd                                    0x08001805   Thumb Code   332  daddsub_clz.o(x$fpl$dadd)
    __aeabi_d2iz                             0x08001955   Thumb Code     0  dfix.o(x$fpl$dfix)
    _dfix                                    0x08001955   Thumb Code    94  dfix.o(x$fpl$dfix)
    __aeabi_ui2d                             0x080019b3   Thumb Code     0  dflt_clz.o(x$fpl$dfltu)
    _dfltu                                   0x080019b3   Thumb Code    38  dflt_clz.o(x$fpl$dfltu)
    __aeabi_dmul                             0x080019d9   Thumb Code     0  dmul.o(x$fpl$dmul)
    _dmul                                    0x080019d9   Thumb Code   332  dmul.o(x$fpl$dmul)
    __fpl_dnaninf                            0x08001b2d   Thumb Code   156  dnaninf.o(x$fpl$dnaninf)
    __fpl_dretinf                            0x08001bc9   Thumb Code    12  dretinf.o(x$fpl$dretinf)
    __aeabi_dsub                             0x08001bd5   Thumb Code     0  daddsub_clz.o(x$fpl$dsub)
    _dsub                                    0x08001bd5   Thumb Code   472  daddsub_clz.o(x$fpl$dsub)
    _fp_init                                 0x08001db1   Thumb Code    26  fpinit.o(x$fpl$fpinit)
    __fplib_config_fpu_vfp                   0x08001dc9   Thumb Code     0  fpinit.o(x$fpl$fpinit)
    __fplib_config_pureend_doubles           0x08001dc9   Thumb Code     0  fpinit.o(x$fpl$fpinit)
    __I$use$fp                               0x08001dca   Number         0  usenofp.o(x$fpl$usenofp)
    Region$$Table$$Base                      0x08001df8   Number         0  anon$$obj.o(Region$$Table)
    Region$$Table$$Limit                     0x08001e08   Number         0  anon$$obj.o(Region$$Table)
    __libspace_start                         0x20000000   Data          96  libspace.o(.bss)
    GPIOB_handle                             0x20000060   Data          28  bsp.o(.bss.GPIOB_handle)
    __temporary_stack_top$libspace           0x20000060   Data           0  libspace.o(.bss)
    GPIOC_handle                             0x2000007c   Data          28  bsp.o(.bss.GPIOC_handle)
    I2C1handle                               0x20000098   Data          44  bsp.o(.bss.I2C1handle)
    rx                                       0x200000c4   Data           4  master_receive_test_it.o(.bss.rx)
    tx                                       0x200000c8   Data           4  master_receive_test_it.o(.bss.tx)



==============================================================================

Memory Map of the image

  Image Entry point : 0x08000249

  Load Region LR_1 (Base: 0x08000000, Size: 0x00001e08, Max: 0xffffffff, ABSOLUTE)

    Execution Region ER_RO (Exec base: 0x08000000, Load base: 0x08000000, Size: 0x00001e08, Max: 0xffffffff, ABSOLUTE)

    Exec Addr    Load Addr    Size         Type   Attr      Idx    E Section Name        Object

    0x08000000   0x08000000   0x000001c4   Data   RO          143    RESET               startup_stm32f446xx.o
    0x080001c4   0x080001c4   0x00000008   Code   RO          172  * !!!main             c_w.l(__main.o)
    0x080001cc   0x080001cc   0x00000034   Code   RO          360    !!!scatter          c_w.l(__scatter.o)
    0x08000200   0x08000200   0x0000001c   Code   RO          362    !!handler_zi        c_w.l(__scatter_zi.o)
    0x0800021c   0x0800021c   0x00000002   Code   RO          224    .ARM.Collect$$libinit$$00000000  c_w.l(libinit.o)
    0x0800021e   0x0800021e   0x00000004   Code   RO          230    .ARM.Collect$$libinit$$00000001  c_w.l(libinit2.o)
    0x08000222   0x08000222   0x00000000   Code   RO          233    .ARM.Collect$$libinit$$00000004  c_w.l(libinit2.o)
    0x08000222   0x08000222   0x00000000   Code   RO          236    .ARM.Collect$$libinit$$0000000A  c_w.l(libinit2.o)
    0x08000222   0x08000222   0x00000000   Code   RO          238    .ARM.Collect$$libinit$$0000000C  c_w.l(libinit2.o)
    0x08000222   0x08000222   0x00000000   Code   RO          240    .ARM.Collect$$libinit$$0000000E  c_w.l(libinit2.o)
    0x08000222   0x08000222   0x00000000   Code   RO          243    .ARM.Collect$$libinit$$00000011  c_w.l(libinit2.o)
    0x08000222   0x08000222   0x00000000   Code   RO          245    .ARM.Collect$$libinit$$00000013  c_w.l(libinit2.o)
    0x08000222   0x08000222   0x00000000   Code   RO          247    .ARM.Collect$$libinit$$00000015  c_w.l(libinit2.o)
    0x08000222   0x08000222   0x00000000   Code   RO          249    .ARM.Collect$$libinit$$00000017  c_w.l(libinit2.o)
    0x08000222   0x08000222   0x00000000   Code   RO          251    .ARM.Collect$$libinit$$00000019  c_w.l(libinit2.o)
    0x08000222   0x08000222   0x00000000   Code   RO          253    .ARM.Collect$$libinit$$0000001B  c_w.l(libinit2.o)
    0x08000222   0x08000222   0x00000000   Code   RO          255    .ARM.Collect$$libinit$$0000001D  c_w.l(libinit2.o)
    0x08000222   0x08000222   0x00000000   Code   RO          257    .ARM.Collect$$libinit$$0000001F  c_w.l(libinit2.o)
    0x08000222   0x08000222   0x00000000   Code   RO          259    .ARM.Collect$$libinit$$00000021  c_w.l(libinit2.o)
    0x08000222   0x08000222   0x00000000   Code   RO          261    .ARM.Collect$$libinit$$00000023  c_w.l(libinit2.o)
    0x08000222   0x08000222   0x00000000   Code   RO          263    .ARM.Collect$$libinit$$00000025  c_w.l(libinit2.o)
    0x08000222   0x08000222   0x00000000   Code   RO          267    .ARM.Collect$$libinit$$0000002C  c_w.l(libinit2.o)
    0x08000222   0x08000222   0x00000000   Code   RO          269    .ARM.Collect$$libinit$$0000002E  c_w.l(libinit2.o)
    0x08000222   0x08000222   0x00000000   Code   RO          271    .ARM.Collect$$libinit$$00000030  c_w.l(libinit2.o)
    0x08000222   0x08000222   0x00000000   Code   RO          273    .ARM.Collect$$libinit$$00000032  c_w.l(libinit2.o)
    0x08000222   0x08000222   0x00000002   Code   RO          274    .ARM.Collect$$libinit$$00000033  c_w.l(libinit2.o)
    0x08000224   0x08000224   0x00000002   Code   RO          296    .ARM.Collect$$libshutdown$$00000000  c_w.l(libshutdown.o)
    0x08000226   0x08000226   0x00000000   Code   RO          311    .ARM.Collect$$libshutdown$$00000002  c_w.l(libshutdown2.o)
    0x08000226   0x08000226   0x00000000   Code   RO          313    .ARM.Collect$$libshutdown$$00000004  c_w.l(libshutdown2.o)
    0x08000226   0x08000226   0x00000000   Code   RO          316    .ARM.Collect$$libshutdown$$00000007  c_w.l(libshutdown2.o)
    0x08000226   0x08000226   0x00000000   Code   RO          319    .ARM.Collect$$libshutdown$$0000000A  c_w.l(libshutdown2.o)
    0x08000226   0x08000226   0x00000000   Code   RO          321    .ARM.Collect$$libshutdown$$0000000C  c_w.l(libshutdown2.o)
    0x08000226   0x08000226   0x00000000   Code   RO          324    .ARM.Collect$$libshutdown$$0000000F  c_w.l(libshutdown2.o)
    0x08000226   0x08000226   0x00000002   Code   RO          325    .ARM.Collect$$libshutdown$$00000010  c_w.l(libshutdown2.o)
    0x08000228   0x08000228   0x00000000   Code   RO          192    .ARM.Collect$$rtentry$$00000000  c_w.l(__rtentry.o)
    0x08000228   0x08000228   0x00000000   Code   RO          201    .ARM.Collect$$rtentry$$00000002  c_w.l(__rtentry2.o)
    0x08000228   0x08000228   0x00000006   Code   RO          213    .ARM.Collect$$rtentry$$00000004  c_w.l(__rtentry4.o)
    0x0800022e   0x0800022e   0x00000000   Code   RO          203    .ARM.Collect$$rtentry$$00000009  c_w.l(__rtentry2.o)
    0x0800022e   0x0800022e   0x00000004   Code   RO          204    .ARM.Collect$$rtentry$$0000000A  c_w.l(__rtentry2.o)
    0x08000232   0x08000232   0x00000000   Code   RO          206    .ARM.Collect$$rtentry$$0000000C  c_w.l(__rtentry2.o)
    0x08000232   0x08000232   0x00000008   Code   RO          207    .ARM.Collect$$rtentry$$0000000D  c_w.l(__rtentry2.o)
    0x0800023a   0x0800023a   0x00000002   Code   RO          228    .ARM.Collect$$rtexit$$00000000  c_w.l(rtexit.o)
    0x0800023c   0x0800023c   0x00000000   Code   RO          276    .ARM.Collect$$rtexit$$00000002  c_w.l(rtexit2.o)
    0x0800023c   0x0800023c   0x00000004   Code   RO          277    .ARM.Collect$$rtexit$$00000003  c_w.l(rtexit2.o)
    0x08000240   0x08000240   0x00000006   Code   RO          278    .ARM.Collect$$rtexit$$00000004  c_w.l(rtexit2.o)
    0x08000246   0x08000246   0x00000002   PAD
    0x08000248   0x08000248   0x00000040   Code   RO          144  * .text               startup_stm32f446xx.o
    0x08000288   0x08000288   0x00000006   Code   RO          170    .text               c_w.l(heapauxi.o)
    0x0800028e   0x0800028e   0x0000004a   Code   RO          215    .text               c_w.l(sys_stackheap_outer.o)
    0x080002d8   0x080002d8   0x00000012   Code   RO          217    .text               c_w.l(exit.o)
    0x080002ea   0x080002ea   0x00000002   PAD
    0x080002ec   0x080002ec   0x00000008   Code   RO          225    .text               c_w.l(libspace.o)
    0x080002f4   0x080002f4   0x0000000c   Code   RO          286    .text               c_w.l(sys_exit.o)
    0x08000300   0x08000300   0x00000002   Code   RO          301    .text               c_w.l(use_no_semi.o)
    0x08000302   0x08000302   0x00000000   Code   RO          303    .text               c_w.l(indicate_semi.o)
    0x08000302   0x08000302   0x00000002   PAD
    0x08000304   0x08000304   0x0000003c   Code   RO           87    .text.Button_init   bsp.o
    0x08000340   0x08000340   0x00000024   Code   RO           91    .text.Button_status  bsp.o
    0x08000364   0x08000364   0x00000254   Code   RO          113    .text.GPIO_CLK_CTRL  gpio_driver.o
    0x080005b8   0x080005b8   0x00000314   Code   RO          115    .text.GPIO_Init     gpio_driver.o
    0x080008cc   0x080008cc   0x00000022   Code   RO          119    .text.GPIO_PinRead  gpio_driver.o
    0x080008ee   0x080008ee   0x00000002   PAD
    0x080008f0   0x080008f0   0x00000010   Code   RO            6    .text.I2C1_ER_IRQHandler  master_receive_test_it.o
    0x08000900   0x08000900   0x00000010   Code   RO            4    .text.I2C1_EV_IRQHandler  master_receive_test_it.o
    0x08000910   0x08000910   0x00000096   Code   RO           93    .text.I2C1_GPIO_init  bsp.o
    0x080009a6   0x080009a6   0x00000002   PAD
    0x080009a8   0x080009a8   0x0000015a   Code   RO           99    .text.I2C1_master_RX_test_IT  bsp.o
    0x08000b02   0x08000b02   0x00000002   PAD
    0x08000b04   0x08000b04   0x00000096   Code   RO           46    .text.I2CMasterReceiveIT  i2c_driver.o
    0x08000b9a   0x08000b9a   0x00000002   PAD
    0x08000b9c   0x08000b9c   0x00000090   Code   RO           44    .text.I2CMasterSendIT  i2c_driver.o
    0x08000c2c   0x08000c2c   0x0000009e   Code   RO            8    .text.I2C_AppEventCallBack  master_receive_test_it.o
    0x08000cca   0x08000cca   0x00000002   PAD
    0x08000ccc   0x08000ccc   0x000000ee   Code   RO           20    .text.I2C_CLK_CTRL  i2c_driver.o
    0x08000dba   0x08000dba   0x00000002   PAD
    0x08000dbc   0x08000dbc   0x00000062   Code   RO           58    .text.I2C_ClearADDR  i2c_driver.o
    0x08000e1e   0x08000e1e   0x00000002   PAD
    0x08000e20   0x08000e20   0x00000012   Code   RO           26    .text.I2C_ENABLE    i2c_driver.o
    0x08000e32   0x08000e32   0x00000002   PAD
    0x08000e34   0x08000e34   0x000000fc   Code   RO           66    .text.I2C_ER_IRQHandle  i2c_driver.o
    0x08000f30   0x08000f30   0x00000282   Code   RO           56    .text.I2C_EV_IRQHandle  i2c_driver.o
    0x080011b2   0x080011b2   0x00000002   PAD
    0x080011b4   0x080011b4   0x00000012   Code   RO           32    .text.I2C_GenStart  i2c_driver.o
    0x080011c6   0x080011c6   0x00000002   PAD
    0x080011c8   0x080011c8   0x00000012   Code   RO           38    .text.I2C_GenStop   i2c_driver.o
    0x080011da   0x080011da   0x00000002   PAD
    0x080011dc   0x080011dc   0x0000014c   Code   RO           52    .text.I2C_IRQConfig  i2c_driver.o
    0x08001328   0x08001328   0x00000200   Code   RO           22    .text.I2C_Init      i2c_driver.o
    0x08001528   0x08001528   0x0000002a   Code   RO           42    .text.I2C_ReadMode_Address  i2c_driver.o
    0x08001552   0x08001552   0x00000002   PAD
    0x08001554   0x08001554   0x0000004a   Code   RO           64    .text.I2C_ReceiveDone  i2c_driver.o
    0x0800159e   0x0800159e   0x00000002   PAD
    0x080015a0   0x080015a0   0x00000046   Code   RO           60    .text.I2C_SendDone  i2c_driver.o
    0x080015e6   0x080015e6   0x00000002   PAD
    0x080015e8   0x080015e8   0x0000002a   Code   RO           36    .text.I2C_WriteMode_Address  i2c_driver.o
    0x08001612   0x08001612   0x00000002   PAD
    0x08001614   0x08001614   0x0000002c   Code   RO           24    .text.RCC_GetPCLK1_HZ  i2c_driver.o
    0x08001640   0x08001640   0x00000012   Code   RO          151    .text.SystemInit    system_stm32f4xx.o
    0x08001652   0x08001652   0x00000002   PAD
    0x08001654   0x08001654   0x0000001a   Code   RO           89    .text.delay         bsp.o
    0x0800166e   0x0800166e   0x00000002   PAD
    0x08001670   0x08001670   0x00000060   Code   RO           74    .text.get_ABP1Prescalar  i2c_driver.o
    0x080016d0   0x080016d0   0x000000a4   Code   RO           72    .text.get_AHPPrescalar  i2c_driver.o
    0x08001774   0x08001774   0x0000005e   Code   RO           70    .text.get_ClockFreq  i2c_driver.o
    0x080017d2   0x080017d2   0x00000002   PAD
    0x080017d4   0x080017d4   0x00000030   Code   RO            2    .text.main          master_receive_test_it.o
    0x08001804   0x08001804   0x00000150   Code   RO          174    x$fpl$dadd          fz_wm.l(daddsub_clz.o)
    0x08001954   0x08001954   0x0000005e   Code   RO          180    x$fpl$dfix          fz_wm.l(dfix.o)
    0x080019b2   0x080019b2   0x00000026   Code   RO          184    x$fpl$dfltu         fz_wm.l(dflt_clz.o)
    0x080019d8   0x080019d8   0x00000154   Code   RO          190    x$fpl$dmul          fz_wm.l(dmul.o)
    0x08001b2c   0x08001b2c   0x0000009c   Code   RO          195    x$fpl$dnaninf       fz_wm.l(dnaninf.o)
    0x08001bc8   0x08001bc8   0x0000000c   Code   RO          197    x$fpl$dretinf       fz_wm.l(dretinf.o)
    0x08001bd4   0x08001bd4   0x000001dc   Code   RO          176    x$fpl$dsub          fz_wm.l(daddsub_clz.o)
    0x08001db0   0x08001db0   0x0000001a   Code   RO          284    x$fpl$fpinit        fz_wm.l(fpinit.o)
    0x08001dca   0x08001dca   0x00000000   Code   RO          199    x$fpl$usenofp       fz_wm.l(usenofp.o)
    0x08001dca   0x08001dca   0x00000002   PAD
    0x08001dcc   0x08001dcc   0x0000002c   Data   RO          104    .rodata.EmptyStruct  bsp.o
    0x08001df8   0x08001df8   0x00000010   Data   RO          359    Region$$Table       anon$$obj.o


    Execution Region ER_RW (Exec base: 0x20000000, Load base: 0x08001e08, Size: 0x00000000, Max: 0xffffffff, ABSOLUTE)

    **** No section assigned to this execution region ****


    Execution Region ER_ZI (Exec base: 0x20000000, Load base: 0x08001e08, Size: 0x000006d0, Max: 0xffffffff, ABSOLUTE)

    Exec Addr    Load Addr    Size         Type   Attr      Idx    E Section Name        Object

    0x20000000        -       0x00000060   Zero   RW          226    .bss                c_w.l(libspace.o)
    0x20000060        -       0x0000001c   Zero   RW          102    .bss.GPIOB_handle   bsp.o
    0x2000007c        -       0x0000001c   Zero   RW          101    .bss.GPIOC_handle   bsp.o
    0x20000098        -       0x0000002c   Zero   RW          103    .bss.I2C1handle     bsp.o
    0x200000c4        -       0x00000004   Zero   RW           11    .bss.rx             master_receive_test_it.o
    0x200000c8        -       0x00000004   Zero   RW           10    .bss.tx             master_receive_test_it.o
    0x200000cc   0x08001e08   0x00000004   PAD
    0x200000d0        -       0x00000200   Zero   RW          142    HEAP                startup_stm32f446xx.o
    0x200002d0        -       0x00000400   Zero   RW          141    STACK               startup_stm32f446xx.o


==============================================================================

Image component sizes


      Code (inc. data)   RO Data    RW Data    ZI Data      Debug   Object Name

       618          0         44          0        100       5769   bsp.o
      1418          0          0          0          0       7716   gpio_driver.o
      3048          8          0          0          0      12043   i2c_driver.o
       238          0          0          0          8       1840   master_receive_test_it.o
        64         26        452          0       1536        852   startup_stm32f446xx.o
        18          0          0          0          0       2698   system_stm32f4xx.o

    ----------------------------------------------------------------------
      5440         34        512          0       1648      30918   Object Totals
         0          0         16          0          0          0   (incl. Generated)
        36          0          0          0          4          0   (incl. Padding)

    ----------------------------------------------------------------------

      Code (inc. data)   RO Data    RW Data    ZI Data      Debug   Library Member Name

         8          0          0          0          0         68   __main.o
         0          0          0          0          0          0   __rtentry.o
        12          0          0          0          0          0   __rtentry2.o
         6          0          0          0          0          0   __rtentry4.o
        52          8          0          0          0          0   __scatter.o
        28          0          0          0          0          0   __scatter_zi.o
        18          0          0          0          0         80   exit.o
         6          0          0          0          0        152   heapauxi.o
         0          0          0          0          0          0   indicate_semi.o
         2          0          0          0          0          0   libinit.o
         6          0          0          0          0          0   libinit2.o
         2          0          0          0          0          0   libshutdown.o
         2          0          0          0          0          0   libshutdown2.o
         8          4          0          0         96         68   libspace.o
         2          0          0          0          0          0   rtexit.o
        10          0          0          0          0          0   rtexit2.o
        12          4          0          0          0         68   sys_exit.o
        74          0          0          0          0         80   sys_stackheap_outer.o
         2          0          0          0          0         68   use_no_semi.o
       812         16          0          0          0        392   daddsub_clz.o
        94          4          0          0          0        140   dfix.o
        38          0          0          0          0        116   dflt_clz.o
       340         12          0          0          0        152   dmul.o
       156          4          0          0          0        140   dnaninf.o
        12          0          0          0          0        116   dretinf.o
        26          0          0          0          0        116   fpinit.o
         0          0          0          0          0          0   usenofp.o

    ----------------------------------------------------------------------
      1736         52          0          0         96       1756   Library Totals
         8          0          0          0          0          0   (incl. Padding)

    ----------------------------------------------------------------------

      Code (inc. data)   RO Data    RW Data    ZI Data      Debug   Library Name

       250         16          0          0         96        584   c_w.l
      1478         36          0          0          0       1172   fz_wm.l

    ----------------------------------------------------------------------
      1736         52          0          0         96       1756   Library Totals

    ----------------------------------------------------------------------

==============================================================================


      Code (inc. data)   RO Data    RW Data    ZI Data      Debug   

      7176         86        512          0       1744      31670   Grand Totals
      7176         86        512          0       1744      31670   ELF Image Totals
      7176         86        512          0          0          0   ROM Totals

==============================================================================

    Total RO  Size (Code + RO Data)                 7688 (   7.51kB)
    Total RW  Size (RW Data + ZI Data)              1744 (   1.70kB)
    Total ROM Size (Code + RO Data + RW Data)       7688 (   7.51kB)

==============================================================================

