../Src/functions.c:23:6:task1_handler	8	static
../Src/functions.c:31:6:task2_handler	8	static
../Src/functions.c:39:6:task3_handler	8	static
../Src/functions.c:47:6:task4_handler	8	static
../Src/functions.c:56:6:enable_processor_faults	4	static
../Src/functions.c:64:10:get_psp_value	4	static
../Src/functions.c:69:29:switch_sp_to_psp	0	static,ignoring_inline_asm
../Src/functions.c:90:29:init_schedular_stack	0	static,ignoring_inline_asm
../Src/functions.c:97:6:init_systick_timer	24	static
../Src/functions.c:114:6:init_tasks_stack	16	static
../Src/functions.c:163:6:save_psp_value	16	static
../Src/functions.c:168:6:update_next_task	4	static
../Src/functions.c:175:28:SysTick_Handler	0	static,ignoring_inline_asm
../Src/functions.c:208:6:HardFault_Handler	4	static
../Src/functions.c:212:6:MemManage_Handler	4	static
../Src/functions.c:216:6:BusFault_Handler	4	static
../Src/functions.c:219:6:UsageFault_Handler	4	static
